Component: ARM Compiler 5.06 update 5 (build 528) Tool: armlink [4d35e2]

==============================================================================

Section Cross References

    main.o(.text) refers to usart.o(.text) for uart_init
    main.o(.text) refers to sys.o(.text) for MY_NVIC_PriorityGroupConfig
    main.o(.text) refers to delay.o(.text) for delay_init
    main.o(.text) refers to key.o(.text) for KEY_Init
    main.o(.text) refers to tb6612.o(.text) for TB6612_Init
    main.o(.text) refers to motorencoder.o(.text) for Encoder_Init_TIM2
    main.o(.text) refers to ioi2c.o(.text) for IIC_Init
    main.o(.text) refers to oled.o(.text) for OLED_Init
    main.o(.text) refers to mpu6050.o(.text) for MPU6050_initialize
    main.o(.text) refers to led.o(.text) for LED_Init
    main.o(.text) refers to exti.o(.text) for MiniBalance_EXTI_Init
    main.o(.text) refers to show.o(.text) for oled_show
    system_stm32f10x.o(.text) refers to system_stm32f10x.o(.data) for .data
    startup_stm32f10x_hd.o(STACK) refers (Special) to heapauxi.o(.text) for __use_two_region_memory
    startup_stm32f10x_hd.o(HEAP) refers (Special) to heapauxi.o(.text) for __use_two_region_memory
    startup_stm32f10x_hd.o(RESET) refers (Special) to heapauxi.o(.text) for __use_two_region_memory
    startup_stm32f10x_hd.o(RESET) refers to startup_stm32f10x_hd.o(STACK) for __initial_sp
    startup_stm32f10x_hd.o(RESET) refers to startup_stm32f10x_hd.o(.text) for Reset_Handler
    startup_stm32f10x_hd.o(RESET) refers to stm32f10x_it.o(.text) for NMI_Handler
    startup_stm32f10x_hd.o(RESET) refers to motorencoder.o(.text) for TIM2_IRQHandler
    startup_stm32f10x_hd.o(RESET) refers to usart.o(.text) for USART1_IRQHandler
    startup_stm32f10x_hd.o(RESET) refers to usart3.o(.text) for USART3_IRQHandler
    startup_stm32f10x_hd.o(RESET) refers to control.o(.text) for EXTI15_10_IRQHandler
    startup_stm32f10x_hd.o(.text) refers (Special) to heapauxi.o(.text) for __use_two_region_memory
    startup_stm32f10x_hd.o(.text) refers to system_stm32f10x.o(.text) for SystemInit
    startup_stm32f10x_hd.o(.text) refers to __main.o(!!!main) for __main
    startup_stm32f10x_hd.o(.text) refers to startup_stm32f10x_hd.o(HEAP) for Heap_Mem
    startup_stm32f10x_hd.o(.text) refers to startup_stm32f10x_hd.o(STACK) for Stack_Mem
    stm32f10x_adc.o(.text) refers to stm32f10x_rcc.o(.text) for RCC_APB2PeriphResetCmd
    stm32f10x_bkp.o(.text) refers to stm32f10x_rcc.o(.text) for RCC_BackupResetCmd
    stm32f10x_can.o(.text) refers to stm32f10x_rcc.o(.text) for RCC_APB1PeriphResetCmd
    stm32f10x_cec.o(.text) refers to stm32f10x_rcc.o(.text) for RCC_APB1PeriphResetCmd
    stm32f10x_dac.o(.text) refers to stm32f10x_rcc.o(.text) for RCC_APB1PeriphResetCmd
    stm32f10x_gpio.o(.text) refers to stm32f10x_rcc.o(.text) for RCC_APB2PeriphResetCmd
    stm32f10x_i2c.o(.text) refers to stm32f10x_rcc.o(.text) for RCC_APB1PeriphResetCmd
    stm32f10x_pwr.o(.text) refers to stm32f10x_rcc.o(.text) for RCC_APB1PeriphResetCmd
    stm32f10x_rcc.o(.text) refers to stm32f10x_rcc.o(.data) for .data
    stm32f10x_spi.o(.text) refers to stm32f10x_rcc.o(.text) for RCC_APB2PeriphResetCmd
    stm32f10x_tim.o(.text) refers to stm32f10x_rcc.o(.text) for RCC_APB1PeriphResetCmd
    stm32f10x_usart.o(.text) refers to stm32f10x_rcc.o(.text) for RCC_APB2PeriphResetCmd
    stm32f10x_wwdg.o(.text) refers to stm32f10x_rcc.o(.text) for RCC_APB1PeriphResetCmd
    delay.o(.text) refers to misc.o(.text) for SysTick_CLKSourceConfig
    delay.o(.text) refers to system_stm32f10x.o(.data) for SystemCoreClock
    delay.o(.text) refers to delay.o(.data) for .data
    sys.o(.text) refers to sys.o(.emb_text) for WFI_SET
    usart.o(.text) refers (Special) to use_no_semi_2.o(.text) for __use_no_semihosting
    usart.o(.text) refers to stm32f10x_rcc.o(.text) for RCC_APB2PeriphClockCmd
    usart.o(.text) refers to stm32f10x_gpio.o(.text) for GPIO_Init
    usart.o(.text) refers to misc.o(.text) for NVIC_Init
    usart.o(.text) refers to stm32f10x_usart.o(.text) for USART_Init
    usart.o(.text) refers to usart.o(.data) for .data
    usart.o(.text) refers to usart.o(.bss) for .bss
    usart.o(.bss) refers (Special) to use_no_semi_2.o(.text) for __use_no_semihosting
    usart.o(.data) refers (Special) to use_no_semi_2.o(.text) for __use_no_semihosting
    usart.o(.data) refers (Special) to use_no_semi_2.o(.text) for __use_no_semihosting
    tb6612.o(.text) refers to stm32f10x_rcc.o(.text) for RCC_APB2PeriphClockCmd
    tb6612.o(.text) refers to stm32f10x_gpio.o(.text) for GPIO_Init
    tb6612.o(.text) refers to stm32f10x_tim.o(.text) for TIM_TimeBaseInit
    led.o(.text) refers to stm32f10x_rcc.o(.text) for RCC_APB2PeriphClockCmd
    led.o(.text) refers to stm32f10x_gpio.o(.text) for GPIO_Init
    motorencoder.o(.text) refers to stm32f10x_rcc.o(.text) for RCC_APB1PeriphClockCmd
[...]
    gyro_orientation                         0x2000009c   Data           9  mpu6050.o(.data)
    .data                                    0x200000a8   Section       24  control.o(.data)
    Flag_Target                              0x200000a8   Data           1  control.o(.data)
    angle_I                                  0x200000ac   Data           4  control.o(.data)
    velocity                                 0x200000b0   Data           4  control.o(.data)
    Encoder_Least                            0x200000b4   Data           4  control.o(.data)
    Encoder_bias                             0x200000b8   Data           4  control.o(.data)
    Encoder_Integral                         0x200000bc   Data           4  control.o(.data)
    .data                                    0x200000c0   Section       60  filter.o(.data)
    angle                                    0x200000c4   Data           4  filter.o(.data)
    angle                                    0x200000c8   Data           4  filter.o(.data)
    Q_angle                                  0x200000cc   Data           4  filter.o(.data)
    Q_gyro                                   0x200000d0   Data           4  filter.o(.data)
    R_angle                                  0x200000d4   Data           4  filter.o(.data)
    Q_bias                                   0x200000d8   Data           4  filter.o(.data)
    measure                                  0x200000dc   Data           4  filter.o(.data)
    angle_err                                0x200000e0   Data           4  filter.o(.data)
    K_0                                      0x200000e4   Data           4  filter.o(.data)
    K_1                                      0x200000e8   Data           4  filter.o(.data)
    P                                        0x200000ec   Data          16  filter.o(.data)
    .bss                                     0x200000fc   Section      200  usart.o(.bss)
    .bss                                     0x200001c4   Section     1024  oled.o(.bss)
    .bss                                     0x200005c4   Section       16  inv_mpu_dmp_motion_driver.o(.bss)
    dmp                                      0x200005c4   Data          16  inv_mpu_dmp_motion_driver.o(.bss)
    .bss                                     0x200005d4   Section      146  mpu6050.o(.bss)
    .bss                                     0x20000668   Section       96  libspace.o(.bss)
    HEAP                                     0x200006c8   Section      512  startup_stm32f10x_hd.o(HEAP)
    Heap_Mem                                 0x200006c8   Data         512  startup_stm32f10x_hd.o(HEAP)
    STACK                                    0x200008c8   Section     1024  startup_stm32f10x_hd.o(STACK)
    Stack_Mem                                0x200008c8   Data        1024  startup_stm32f10x_hd.o(STACK)
    __initial_sp                             0x20000cc8   Data           0  startup_stm32f10x_hd.o(STACK)

    Global Symbols

    Symbol Name                              Value     Ov Type        Size  Object(Section)

    BuildAttributes$$THM_ISAv4$P$D$K$B$S$PE$A:L22UL41UL21$X:L11$S22US41US21$IEEE1$IW$USESV6$~STKCKD$USESV7$~SHL$OTIME$ROPI$IEEEX$EBA8$UX$STANDARDLIB$REQ8$PRES8$EABIv2 0x00000000   Number         0  anon$$obj.o ABSOLUTE
    __ARM_use_no_argv                        0x00000000   Number         0  main.o ABSOLUTE
    __ARM_exceptions_init                     - Undefined Weak Reference
    __alloca_initialize                       - Undefined Weak Reference
    __arm_preinit_                            - Undefined Weak Reference
    __cpp_initialize__aeabi_                  - Undefined Weak Reference
    __cxa_finalize                            - Undefined Weak Reference
    __rt_locale                               - Undefined Weak Reference
    __sigvec_lookup                           - Undefined Weak Reference
    _atexit_init                              - Undefined Weak Reference
    _call_atexit_fns                          - Undefined Weak Reference
    _clock_init                               - Undefined Weak Reference
    _fp_trap_init                             - Undefined Weak Reference
    _fp_trap_shutdown                         - Undefined Weak Reference
    _get_lc_collate                           - Undefined Weak Reference
    _get_lc_ctype                             - Undefined Weak Reference
    _get_lc_monetary                          - Undefined Weak Reference
    _get_lc_numeric                           - Undefined Weak Reference
    _get_lc_time                              - Undefined Weak Reference
    _getenv_init                              - Undefined Weak Reference
    _handle_redirection                       - Undefined Weak Reference
    _init_alloc                               - Undefined Weak Reference
    _init_user_alloc                          - Undefined Weak Reference
    _initio                                   - Undefined Weak Reference
    _mutex_acquire                            - Undefined Weak Reference
    _mutex_release                            - Undefined Weak Reference
    _printf_post_padding                      - Undefined Weak Reference
    _printf_pre_padding                       - Undefined Weak Reference
    _printf_truncate_signed                   - Undefined Weak Reference
    _printf_truncate_unsigned                 - Undefined Weak Reference
    _rand_init                                - Undefined Weak Reference
    _signal_finish                            - Undefined Weak Reference
    _signal_init                              - Undefined Weak Reference
    _terminate_alloc                          - Undefined Weak Reference
    _terminate_user_alloc                     - Undefined Weak Reference
    _terminateio                              - Undefined Weak Reference
    __Vectors_Size                           0x00000130   Number         0  startup_stm32f10x_hd.o ABSOLUTE
    __Vectors                                0x08000000   Data           4  startup_stm32f10x_hd.o(RESET)
    __Vectors_End                            0x08000130   Data           0  startup_stm32f10x_hd.o(RESET)
    __main                                   0x08000131   Thumb Code     8  __main.o(!!!main)
    __scatterload                            0x08000139   Thumb Code     0  __scatter.o(!!!scatter)
    __scatterload_rt2                        0x08000139   Thumb Code    44  __scatter.o(!!!scatter)
    __scatterload_rt2_thumb_only             0x08000139   Thumb Code     0  __scatter.o(!!!scatter)
    __scatterload_null                       0x08000147   Thumb Code     0  __scatter.o(!!!scatter)
    __scatterload_copy                       0x0800016d   Thumb Code    26  __scatter_copy.o(!!handler_copy)
    __scatterload_zeroinit                   0x08000189   Thumb Code    28  __scatter_zi.o(!!handler_zi)
    _printf_d                                0x080001a5   Thumb Code     0  _printf_d.o(.ARM.Collect$$_printf_percent$$00000009)
    _printf_percent                          0x080001a5   Thumb Code     0  _printf_percent.o(.ARM.Collect$$_printf_percent$$00000000)
    _printf_percent_end                      0x080001ab   Thumb Code     0  _printf_percent_end.o(.ARM.Collect$$_printf_percent$$00000017)
    __rt_lib_init                            0x080001af   Thumb Code     0  libinit.o(.ARM.Collect$$libinit$$00000000)
    __rt_lib_init_alloca_1                   0x080001b1   Thumb Code     0  libinit2.o(.ARM.Collect$$libinit$$0000002E)
    __rt_lib_init_argv_1                     0x080001b1   Thumb Code     0  libinit2.o(.ARM.Collect$$libinit$$0000002C)
    __rt_lib_init_atexit_1                   0x080001b1   Thumb Code     0  libinit2.o(.ARM.Collect$$libinit$$0000001B)
    __rt_lib_init_clock_1                    0x080001b1   Thumb Code     0  libinit2.o(.ARM.Collect$$libinit$$00000021)
    __rt_lib_init_cpp_1                      0x080001b1   Thumb Code     0  libinit2.o(.ARM.Collect$$libinit$$00000032)
    __rt_lib_init_exceptions_1               0x080001b1   Thumb Code     0  libinit2.o(.ARM.Collect$$libinit$$00000030)
    __rt_lib_init_fp_1                       0x080001b1   Thumb Code     0  libinit2.o(.ARM.Collect$$libinit$$00000002)
    __rt_lib_init_fp_trap_1                  0x080001b1   Thumb Code     0  libinit2.o(.ARM.Collect$$libinit$$0000001F)
    __rt_lib_init_getenv_1                   0x080001b1   Thumb Code     0  libinit2.o(.ARM.Collect$$libinit$$00000023)
    __rt_lib_init_heap_1                     0x080001b1   Thumb Code     0  libinit2.o(.ARM.Collect$$libinit$$0000000A)
    __rt_lib_init_lc_collate_1               0x080001b1   Thumb Code     0  libinit2.o(.ARM.Collect$$libinit$$00000011)
    __rt_lib_init_lc_ctype_1                 0x080001b1   Thumb Code     0  libinit2.o(.ARM.Collect$$libinit$$00000013)
    __rt_lib_init_lc_monetary_1              0x080001b1   Thumb Code     0  libinit2.o(.ARM.Collect$$libinit$$00000015)
    __rt_lib_init_lc_numeric_1               0x080001b1   Thumb Code     0  libinit2.o(.ARM.Collect$$libinit$$00000017)
    __rt_lib_init_lc_time_1                  0x080001b1   Thumb Code     0  libinit2.o(.ARM.Collect$$libinit$$00000019)
    __rt_lib_init_preinit_1                  0x080001b1   Thumb Code     0  libinit2.o(.ARM.Collect$$libinit$$00000004)
    __rt_lib_init_rand_1                     0x080001b1   Thumb Code     0  libinit2.o(.ARM.Collect$$libinit$$0000000E)
    __rt_lib_init_return                     0x080001b1   Thumb Code     0  libinit2.o(.ARM.Collect$$libinit$$00000033)
    __rt_lib_init_signal_1                   0x080001b1   Thumb Code     0  libinit2.o(.ARM.Collect$$libinit$$0000001D)
    __rt_lib_init_stdio_1                    0x080001b1   Thumb Code     0  libinit2.o(.ARM.Collect$$libinit$$00000025)
    __rt_lib_init_user_alloc_1               0x080001b1   Thumb Code     0  libinit2.o(.ARM.Collect$$libinit$$0000000C)
    __rt_lib_shutdown                        0x080001b3   Thumb Code     0  libshutdown.o(.ARM.Collect$$libshutdown$$00000000)
    __rt_lib_shutdown_cpp_1                  0x080001b5   Thumb Code     0  libshutdown2.o(.ARM.Collect$$libshutdown$$00000002)
    __rt_lib_shutdown_fp_trap_1              0x080001b5   Thumb Code     0  libshutdown2.o(.ARM.Collect$$libshutdown$$00000007)
    __rt_lib_shutdown_heap_1                 0x080001b5   Thumb Code     0  libshutdown2.o(.ARM.Collect$$libshutdown$$0000000F)
    __rt_lib_shutdown_return                 0x080001b5   Thumb Code     0  libshutdown2.o(.ARM.Collect$$libshutdown$$00000010)
    __rt_lib_shutdown_signal_1               0x080001b5   Thumb Code     0  libshutdown2.o(.ARM.Collect$$libshutdown$$0000000A)
    __rt_lib_shutdown_stdio_1                0x080001b5   Thumb Code     0  libshutdown2.o(.ARM.Collect$$libshutdown$$00000004)
    __rt_lib_shutdown_user_alloc_1           0x080001b5   Thumb Code     0  libshutdown2.o(.ARM.Collect$$libshutdown$$0000000C)
    __rt_entry                               0x080001b7   Thumb Code     0  __rtentry.o(.ARM.Collect$$rtentry$$00000000)
    __rt_entry_presh_1                       0x080001b7   Thumb Code     0  __rtentry2.o(.ARM.Collect$$rtentry$$00000002)
    __rt_entry_sh                            0x080001b7   Thumb Code     0  __rtentry4.o(.ARM.Collect$$rtentry$$00000004)
    __rt_entry_li                            0x080001bd   Thumb Code     0  __rtentry2.o(.ARM.Collect$$rtentry$$0000000A)
    __rt_entry_postsh_1                      0x080001bd   Thumb Code     0  __rtentry2.o(.ARM.Collect$$rtentry$$00000009)
    __rt_entry_main                          0x080001c1   Thumb Code     0  __rtentry2.o(.ARM.Collect$$rtentry$$0000000D)
    __rt_entry_postli_1                      0x080001c1   Thumb Code     0  __rtentry2.o(.ARM.Collect$$rtentry$$0000000C)
    __rt_exit                                0x080001c9   Thumb Code     0  rtexit.o(.ARM.Collect$$rtexit$$00000000)
    __rt_exit_ls                             0x080001cb   Thumb Code     0  rtexit2.o(.ARM.Collect$$rtexit$$00000003)
    __rt_exit_prels_1                        0x080001cb   Thumb Code     0  rtexit2.o(.ARM.Collect$$rtexit$$00000002)
    __rt_exit_exit                           0x080001cf   Thumb Code     0  rtexit2.o(.ARM.Collect$$rtexit$$00000004)
    WFI_SET                                  0x080001d5   Thumb Code     2  sys.o(.emb_text)
    INTX_DISABLE                             0x080001d7   Thumb Code     2  sys.o(.emb_text)
    INTX_ENABLE                              0x080001d9   Thumb Code     2  sys.o(.emb_text)
    MSR_MSP                                  0x080001db   Thumb Code     6  sys.o(.emb_text)
    main                                     0x080001e1   Thumb Code    82  main.o(.text)
    NMI_Handler                              0x08000233   Thumb Code     2  stm32f10x_it.o(.text)
    HardFault_Handler                        0x08000235   Thumb Code     2  stm32f10x_it.o(.text)
    MemManage_Handler                        0x08000237   Thumb Code     2  stm32f10x_it.o(.text)
    BusFault_Handler                         0x08000239   Thumb Code     2  stm32f10x_it.o(.text)
    UsageFault_Handler                       0x0800023b   Thumb Code     2  stm32f10x_it.o(.text)
    SVC_Handler                              0x0800023d   Thumb Code     2  stm32f10x_it.o(.text)
    DebugMon_Handler                         0x0800023f   Thumb Code     2  stm32f10x_it.o(.text)
    PendSV_Handler                           0x08000241   Thumb Code     2  stm32f10x_it.o(.text)
    SysTick_Handler                          0x08000243   Thumb Code     2  stm32f10x_it.o(.text)
    SystemInit                               0x080002e5   Thumb Code    64  system_stm32f10x.o(.text)
    SystemCoreClockUpdate                    0x08000325   Thumb Code    86  system_stm32f10x.o(.text)
    Reset_Handler                            0x0800039d   Thumb Code     8  startup_stm32f10x_hd.o(.text)
    ADC1_2_IRQHandler                        0x080003b7   Thumb Code     0  startup_stm32f10x_hd.o(.text)
    ADC3_IRQHandler                          0x080003b7   Thumb Code     0  startup_stm32f10x_hd.o(.text)
    CAN1_RX1_IRQHandler                      0x080003b7   Thumb Code     0  startup_stm32f10x_hd.o(.text)
    CAN1_SCE_IRQHandler                      0x080003b7   Thumb Code     0  startup_stm32f10x_hd.o(.text)
    DMA1_Channel1_IRQHandler                 0x080003b7   Thumb Code     0  startup_stm32f10x_hd.o(.text)
    DMA1_Channel2_IRQHandler                 0x080003b7   Thumb Code     0  startup_stm32f10x_hd.o(.text)
    DMA1_Channel3_IRQHandler                 0x080003b7   Thumb Code     0  startup_stm32f10x_hd.o(.text)
    DMA1_Channel4_IRQHandler                 0x080003b7   Thumb Code     0  startup_stm32f10x_hd.o(.text)
    DMA1_Channel5_IRQHandler                 0x080003b7   Thumb Code     0  startup_stm32f10x_hd.o(.text)
    DMA1_Channel6_IRQHandler                 0x080003b7   Thumb Code     0  startup_stm32f10x_hd.o(.text)
    DMA1_Channel7_IRQHandler                 0x080003b7   Thumb Code     0  startup_stm32f10x_hd.o(.text)
    DMA2_Channel1_IRQHandler                 0x080003b7   Thumb Code     0  startup_stm32f10x_hd.o(.text)
    DMA2_Channel2_IRQHandler                 0x080003b7   Thumb Code     0  startup_stm32f10x_hd.o(.text)
    DMA2_Channel3_IRQHandler                 0x080003b7   Thumb Code     0  startup_stm32f10x_hd.o(.text)
    DMA2_Channel4_5_IRQHandler               0x080003b7   Thumb Code     0  startup_stm32f10x_hd.o(.text)
    EXTI0_IRQHandler                         0x080003b7   Thumb Code     0  startup_stm32f10x_hd.o(.text)
    EXTI1_IRQHandler                         0x080003b7   Thumb Code     0  startup_stm32f10x_hd.o(.text)
    EXTI2_IRQHandler                         0x080003b7   Thumb Code     0  startup_stm32f10x_hd.o(.text)
    EXTI3_IRQHandler                         0x080003b7   Thumb Code     0  startup_stm32f10x_hd.o(.text)
    EXTI4_IRQHandler                         0x080003b7   Thumb Code     0  startup_stm32f10x_hd.o(.text)
    EXTI9_5_IRQHandler                       0x080003b7   Thumb Code     0  startup_stm32f10x_hd.o(.text)
    FLASH_IRQHandler                         0x080003b7   Thumb Code     0  startup_stm32f10x_hd.o(.text)
    FSMC_IRQHandler                          0x080003b7   Thumb Code     0  startup_stm32f10x_hd.o(.text)
    I2C1_ER_IRQHandler                       0x080003b7   Thumb Code     0  startup_stm32f10x_hd.o(.text)
    I2C1_EV_IRQHandler                       0x080003b7   Thumb Code     0  startup_stm32f10x_hd.o(.text)
    I2C2_ER_IRQHandler                       0x080003b7   Thumb Code     0  startup_stm32f10x_hd.o(.text)
    I2C2_EV_IRQHandler                       0x080003b7   Thumb Code     0  startup_stm32f10x_hd.o(.text)
    PVD_IRQHandler                           0x080003b7   Thumb Code     0  startup_stm32f10x_hd.o(.text)
    RCC_IRQHandler                           0x080003b7   Thumb Code     0  startup_stm32f10x_hd.o(.text)
    RTCAlarm_IRQHandler                      0x080003b7   Thumb Code     0  startup_stm32f10x_hd.o(.text)
    RTC_IRQHandler                           0x080003b7   Thumb Code     0  startup_stm32f10x_hd.o(.text)
    SDIO_IRQHandler                          0x080003b7   Thumb Code     0  startup_stm32f10x_hd.o(.text)
    SPI1_IRQHandler                          0x080003b7   Thumb Code     0  startup_stm32f10x_hd.o(.text)
    SPI2_IRQHandler                          0x080003b7   Thumb Code     0  startup_stm32f10x_hd.o(.text)
    SPI3_IRQHandler                          0x080003b7   Thumb Code     0  startup_stm32f10x_hd.o(.text)
    TAMPER_IRQHandler                        0x080003b7   Thumb Code     0  startup_stm32f10x_hd.o(.text)
    TIM1_BRK_IRQHandler                      0x080003b7   Thumb Code     0  startup_stm32f10x_hd.o(.text)
    TIM1_CC_IRQHandler                       0x080003b7   Thumb Code     0  startup_stm32f10x_hd.o(.text)
    TIM1_TRG_COM_IRQHandler                  0x080003b7   Thumb Code     0  startup_stm32f10x_hd.o(.text)
    TIM1_UP_IRQHandler                       0x080003b7   Thumb Code     0  startup_stm32f10x_hd.o(.text)
    TIM3_IRQHandler                          0x080003b7   Thumb Code     0  startup_stm32f10x_hd.o(.text)
    TIM5_IRQHandler                          0x080003b7   Thumb Code     0  startup_stm32f10x_hd.o(.text)
    TIM6_IRQHandler                          0x080003b7   Thumb Code     0  startup_stm32f10x_hd.o(.text)
    TIM7_IRQHandler                          0x080003b7   Thumb Code     0  startup_stm32f10x_hd.o(.text)
    TIM8_BRK_IRQHandler                      0x080003b7   Thumb Code     0  startup_stm32f10x_hd.o(.text)
    TIM8_CC_IRQHandler                       0x080003b7   Thumb Code     0  startup_stm32f10x_hd.o(.text)
    TIM8_TRG_COM_IRQHandler                  0x080003b7   Thumb Code     0  startup_stm32f10x_hd.o(.text)
    TIM8_UP_IRQHandler                       0x080003b7   Thumb Code     0  startup_stm32f10x_hd.o(.text)
    UART4_IRQHandler                         0x080003b7   Thumb Code     0  startup_stm32f10x_hd.o(.text)
    UART5_IRQHandler                         0x080003b7   Thumb Code     0  startup_stm32f10x_hd.o(.text)
    USART2_IRQHandler                        0x080003b7   Thumb Code     0  startup_stm32f10x_hd.o(.text)
    USBWakeUp_IRQHandler                     0x080003b7   Thumb Code     0  startup_stm32f10x_hd.o(.text)
    USB_HP_CAN1_TX_IRQHandler                0x080003b7   Thumb Code     0  startup_stm32f10x_hd.o(.text)
    USB_LP_CAN1_RX0_IRQHandler               0x080003b7   Thumb Code     0  startup_stm32f10x_hd.o(.text)
    WWDG_IRQHandler                          0x080003b7   Thumb Code     0  startup_stm32f10x_hd.o(.text)
    __user_initial_stackheap                 0x080003b9   Thumb Code     0  startup_stm32f10x_hd.o(.text)
    NVIC_PriorityGroupConfig                 0x080003dd   Thumb Code    10  misc.o(.text)
    NVIC_Init                                0x080003e7   Thumb Code    94  misc.o(.text)
    NVIC_SetVectorTable                      0x08000445   Thumb Code    14  misc.o(.text)
    NVIC_SystemLPConfig                      0x08000453   Thumb Code    20  misc.o(.text)
    SysTick_CLKSourceConfig                  0x08000467   Thumb Code    24  misc.o(.text)
    BKP_DeInit                               0x0800048d   Thumb Code    18  stm32f10x_bkp.o(.text)
    BKP_TamperPinLevelConfig                 0x0800049f   Thumb Code     6  stm32f10x_bkp.o(.text)
    BKP_TamperPinCmd                         0x080004a5   Thumb Code     8  stm32f10x_bkp.o(.text)
    BKP_ITConfig                             0x080004ad   Thumb Code     8  stm32f10x_bkp.o(.text)
    BKP_RTCOutputConfig                      0x080004b5   Thumb Code    14  stm32f10x_bkp.o(.text)
    BKP_SetRTCCalibrationValue               0x080004c3   Thumb Code    14  stm32f10x_bkp.o(.text)
    BKP_WriteBackupRegister                  0x080004d1   Thumb Code    14  stm32f10x_bkp.o(.text)
    BKP_ReadBackupRegister                   0x080004df   Thumb Code    14  stm32f10x_bkp.o(.text)
    BKP_GetFlagStatus                        0x080004ed   Thumb Code    10  stm32f10x_bkp.o(.text)
    BKP_ClearFlag                            0x080004f7   Thumb Code    14  stm32f10x_bkp.o(.text)
    BKP_GetITStatus                          0x08000505   Thumb Code    10  stm32f10x_bkp.o(.text)
    BKP_ClearITPendingBit                    0x0800050f   Thumb Code    14  stm32f10x_bkp.o(.text)
    EXTI_DeInit                              0x08000525   Thumb Code    28  stm32f10x_exti.o(.text)
    EXTI_Init                                0x08000541   Thumb Code   108  stm32f10x_exti.o(.text)
    EXTI_StructInit                          0x080005ad   Thumb Code    14  stm32f10x_exti.o(.text)
    EXTI_GenerateSWInterrupt                 0x080005bb   Thumb Code    12  stm32f10x_exti.o(.text)
    EXTI_GetFlagStatus                       0x080005c7   Thumb Code    18  stm32f10x_exti.o(.text)
    EXTI_ClearFlag                           0x080005d9   Thumb Code     8  stm32f10x_exti.o(.text)
    EXTI_GetITStatus                         0x080005e1   Thumb Code    28  stm32f10x_exti.o(.text)
    EXTI_ClearITPendingBit                   0x080005fd   Thumb Code     8  stm32f10x_exti.o(.text)
    GPIO_DeInit                              0x0800060d   Thumb Code   152  stm32f10x_gpio.o(.text)
    GPIO_AFIODeInit                          0x080006a5   Thumb Code    22  stm32f10x_gpio.o(.text)
    GPIO_Init                                0x080006bb   Thumb Code   156  stm32f10x_gpio.o(.text)
    GPIO_StructInit                          0x08000757   Thumb Code    16  stm32f10x_gpio.o(.text)
    GPIO_ReadInputDataBit                    0x08000767   Thumb Code    14  stm32f10x_gpio.o(.text)
    GPIO_ReadInputData                       0x08000775   Thumb Code     6  stm32f10x_gpio.o(.text)
    GPIO_ReadOutputDataBit                   0x0800077b   Thumb Code    14  stm32f10x_gpio.o(.text)
    GPIO_ReadOutputData                      0x08000789   Thumb Code     6  stm32f10x_gpio.o(.text)
    GPIO_SetBits                             0x0800078f   Thumb Code     4  stm32f10x_gpio.o(.text)
    GPIO_ResetBits                           0x08000793   Thumb Code     4  stm32f10x_gpio.o(.text)
    GPIO_WriteBit                            0x08000797   Thumb Code    10  stm32f10x_gpio.o(.text)
    GPIO_Write                               0x080007a1   Thumb Code     4  stm32f10x_gpio.o(.text)
    GPIO_PinLockConfig                       0x080007a5   Thumb Code    16  stm32f10x_gpio.o(.text)
    GPIO_EventOutputConfig                   0x080007b5   Thumb Code    22  stm32f10x_gpio.o(.text)
    GPIO_EventOutputCmd                      0x080007cb   Thumb Code     6  stm32f10x_gpio.o(.text)
    GPIO_PinRemapConfig                      0x080007d1   Thumb Code    82  stm32f10x_gpio.o(.text)
    GPIO_EXTILineConfig                      0x08000823   Thumb Code    34  stm32f10x_gpio.o(.text)
    GPIO_ETH_MediaInterfaceConfig            0x08000845   Thumb Code     8  stm32f10x_gpio.o(.text)
    PWR_DeInit                               0x08000871   Thumb Code    24  stm32f10x_pwr.o(.text)
    PWR_BackupAccessCmd                      0x08000889   Thumb Code     6  stm32f10x_pwr.o(.text)
    PWR_PVDCmd                               0x0800088f   Thumb Code     6  stm32f10x_pwr.o(.text)
    PWR_PVDLevelConfig                       0x08000895   Thumb Code    14  stm32f10x_pwr.o(.text)
    PWR_WakeUpPinCmd                         0x080008a3   Thumb Code     8  stm32f10x_pwr.o(.text)
    PWR_EnterSTOPMode                        0x080008ab   Thumb Code    42  stm32f10x_pwr.o(.text)
    PWR_EnterSTANDBYMode                     0x080008d5   Thumb Code    32  stm32f10x_pwr.o(.text)
    PWR_GetFlagStatus                        0x080008f5   Thumb Code    16  stm32f10x_pwr.o(.text)
    PWR_ClearFlag                            0x08000905   Thumb Code    12  stm32f10x_pwr.o(.text)
    RCC_DeInit                               0x0800091d   Thumb Code    50  stm32f10x_rcc.o(.text)
    RCC_HSEConfig                            0x0800094f   Thumb Code    48  stm32f10x_rcc.o(.text)
    RCC_GetFlagStatus                        0x0800097f   Thumb Code    42  stm32f10x_rcc.o(.text)
    RCC_WaitForHSEStartUp                    0x080009a9   Thumb Code    44  stm32f10x_rcc.o(.text)
    RCC_AdjustHSICalibrationValue            0x080009d5   Thumb Code    16  stm32f10x_rcc.o(.text)
    RCC_HSICmd                               0x080009e5   Thumb Code     6  stm32f10x_rcc.o(.text)
    RCC_PLLConfig                            0x080009eb   Thumb Code    16  stm32f10x_rcc.o(.text)
    RCC_PLLCmd                               0x080009fb   Thumb Code     6  stm32f10x_rcc.o(.text)
    RCC_SYSCLKConfig                         0x08000a01   Thumb Code    14  stm32f10x_rcc.o(.text)
    RCC_GetSYSCLKSource                      0x08000a0f   Thumb Code    10  stm32f10x_rcc.o(.text)
    RCC_HCLKConfig                           0x08000a19   Thumb Code    14  stm32f10x_rcc.o(.text)
    RCC_PCLK1Config                          0x08000a27   Thumb Code    14  stm32f10x_rcc.o(.text)
    RCC_PCLK2Config                          0x08000a35   Thumb Code    16  stm32f10x_rcc.o(.text)
    RCC_ITConfig                             0x08000a45   Thumb Code    18  stm32f10x_rcc.o(.text)
    RCC_USBCLKConfig                         0x08000a57   Thumb Code     8  stm32f10x_rcc.o(.text)
    RCC_ADCCLKConfig                         0x08000a5f   Thumb Code    14  stm32f10x_rcc.o(.text)
    RCC_LSEConfig                            0x08000a6d   Thumb Code    28  stm32f10x_rcc.o(.text)
    RCC_LSICmd                               0x08000a89   Thumb Code     6  stm32f10x_rcc.o(.text)
    RCC_RTCCLKConfig                         0x08000a8f   Thumb Code    10  stm32f10x_rcc.o(.text)
    RCC_RTCCLKCmd                            0x08000a99   Thumb Code     8  stm32f10x_rcc.o(.text)
    RCC_GetClocksFreq                        0x08000aa1   Thumb Code   132  stm32f10x_rcc.o(.text)
    RCC_AHBPeriphClockCmd                    0x08000b25   Thumb Code    18  stm32f10x_rcc.o(.text)
    RCC_APB2PeriphClockCmd                   0x08000b37   Thumb Code    18  stm32f10x_rcc.o(.text)
    RCC_APB1PeriphClockCmd                   0x08000b49   Thumb Code    18  stm32f10x_rcc.o(.text)
    RCC_APB2PeriphResetCmd                   0x08000b5b   Thumb Code    18  stm32f10x_rcc.o(.text)
    RCC_APB1PeriphResetCmd                   0x08000b6d   Thumb Code    18  stm32f10x_rcc.o(.text)
    RCC_BackupResetCmd                       0x08000b7f   Thumb Code     8  stm32f10x_rcc.o(.text)
    RCC_ClockSecuritySystemCmd               0x08000b87   Thumb Code     6  stm32f10x_rcc.o(.text)
    RCC_MCOConfig                            0x08000b8d   Thumb Code     6  stm32f10x_rcc.o(.text)
    RCC_ClearFlag                            0x08000b93   Thumb Code    12  stm32f10x_rcc.o(.text)
    RCC_GetITStatus                          0x08000b9f   Thumb Code    16  stm32f10x_rcc.o(.text)
    RCC_ClearITPendingBit                    0x08000baf   Thumb Code     6  stm32f10x_rcc.o(.text)
    TIM_DeInit                               0x08000bd5   Thumb Code   304  stm32f10x_tim.o(.text)
    TIM_TimeBaseInit                         0x08000d05   Thumb Code   114  stm32f10x_tim.o(.text)
    TIM_OC1Init                              0x08000d77   Thumb Code   106  stm32f10x_tim.o(.text)
    TIM_OC2Init                              0x08000de1   Thumb Code   120  stm32f10x_tim.o(.text)
    TIM_OC3Init                              0x08000e59   Thumb Code   116  stm32f10x_tim.o(.text)
    TIM_OC4Init                              0x08000ecd   Thumb Code    90  stm32f10x_tim.o(.text)
    TIM_SetIC4Prescaler                      0x08000f27   Thumb Code    24  stm32f10x_tim.o(.text)
    TIM_SetIC3Prescaler                      0x08000f3f   Thumb Code    16  stm32f10x_tim.o(.text)
    TIM_SetIC2Prescaler                      0x08000f4f   Thumb Code    24  stm32f10x_tim.o(.text)
    TIM_SetIC1Prescaler                      0x0800100d   Thumb Code    16  stm32f10x_tim.o(.text)
    TIM_ICInit                               0x08001075   Thumb Code   270  stm32f10x_tim.o(.text)
    TIM_PWMIConfig                           0x08001183   Thumb Code   104  stm32f10x_tim.o(.text)
    TIM_BDTRConfig                           0x080011eb   Thumb Code    34  stm32f10x_tim.o(.text)
    TIM_TimeBaseStructInit                   0x0800120d   Thumb Code    18  stm32f10x_tim.o(.text)
    TIM_OCStructInit                         0x0800121f   Thumb Code    20  stm32f10x_tim.o(.text)
    TIM_ICStructInit                         0x08001233   Thumb Code    16  stm32f10x_tim.o(.text)
    TIM_BDTRStructInit                       0x08001243   Thumb Code    18  stm32f10x_tim.o(.text)
    TIM_Cmd                                  0x08001255   Thumb Code    20  stm32f10x_tim.o(.text)
    TIM_CtrlPWMOutputs                       0x08001269   Thumb Code    22  stm32f10x_tim.o(.text)
    TIM_ITConfig                             0x0800127f   Thumb Code    16  stm32f10x_tim.o(.text)
    TIM_GenerateEvent                        0x0800128f   Thumb Code     4  stm32f10x_tim.o(.text)
    TIM_DMAConfig                            0x08001293   Thumb Code     8  stm32f10x_tim.o(.text)
    TIM_DMACmd                               0x0800129b   Thumb Code    16  stm32f10x_tim.o(.text)
    TIM_InternalClockConfig                  0x080012ab   Thumb Code    10  stm32f10x_tim.o(.text)
    TIM_SelectInputTrigger                   0x080012b5   Thumb Code    12  stm32f10x_tim.o(.text)
    TIM_ITRxExternalClockConfig              0x080012c1   Thumb Code    18  stm32f10x_tim.o(.text)
    TIM_TIxExternalClockConfig               0x080012d3   Thumb Code    46  stm32f10x_tim.o(.text)
    TIM_ETRConfig                            0x08001301   Thumb Code    24  stm32f10x_tim.o(.text)
    TIM_ETRClockMode1Config                  0x08001319   Thumb Code    18  stm32f10x_tim.o(.text)
    TIM_ETRClockMode2Config                  0x0800132b   Thumb Code    18  stm32f10x_tim.o(.text)
    TIM_PrescalerConfig                      0x0800133d   Thumb Code     6  stm32f10x_tim.o(.text)
    TIM_CounterModeConfig                    0x08001343   Thumb Code    12  stm32f10x_tim.o(.text)
    TIM_EncoderInterfaceConfig               0x0800134f   Thumb Code    50  stm32f10x_tim.o(.text)
    TIM_ForcedOC1Config                      0x08001381   Thumb Code    12  stm32f10x_tim.o(.text)
    TIM_ForcedOC2Config                      0x0800138d   Thumb Code    20  stm32f10x_tim.o(.text)
    TIM_ForcedOC3Config                      0x080013a1   Thumb Code    12  stm32f10x_tim.o(.text)
    TIM_ForcedOC4Config                      0x080013ad   Thumb Code    20  stm32f10x_tim.o(.text)
    TIM_ARRPreloadConfig                     0x080013c1   Thumb Code    20  stm32f10x_tim.o(.text)
    TIM_SelectCOM                            0x080013d5   Thumb Code    20  stm32f10x_tim.o(.text)
    TIM_SelectCCDMA                          0x080013e9   Thumb Code    20  stm32f10x_tim.o(.text)
    TIM_CCPreloadControl                     0x080013fd   Thumb Code    20  stm32f10x_tim.o(.text)
    TIM_OC1PreloadConfig                     0x08001411   Thumb Code    32  stm32f10x_tim.o(.text)
    TIM_OC2PreloadConfig                     0x08001431   Thumb Code    20  stm32f10x_tim.o(.text)
    TIM_OC3PreloadConfig                     0x08001445   Thumb Code    12  stm32f10x_tim.o(.text)
    TIM_OC4PreloadConfig                     0x08001451   Thumb Code    20  stm32f10x_tim.o(.text)
    TIM_OC1FastConfig                        0x08001465   Thumb Code    12  stm32f10x_tim.o(.text)
    TIM_OC2FastConfig                        0x08001471   Thumb Code    20  stm32f10x_tim.o(.text)
    TIM_OC3FastConfig                        0x08001485   Thumb Code    12  stm32f10x_tim.o(.text)
    TIM_OC4FastConfig                        0x08001491   Thumb Code    20  stm32f10x_tim.o(.text)
    TIM_ClearOC1Ref                          0x080014a5   Thumb Code    12  stm32f10x_tim.o(.text)
    TIM_ClearOC2Ref                          0x080014b1   Thumb Code    20  stm32f10x_tim.o(.text)
    TIM_ClearOC3Ref                          0x080014c5   Thumb Code    12  stm32f10x_tim.o(.text)
    TIM_ClearOC4Ref                          0x080014d1   Thumb Code    20  stm32f10x_tim.o(.text)
    TIM_OC1PolarityConfig                    0x080014e5   Thumb Code    12  stm32f10x_tim.o(.text)
    TIM_OC1NPolarityConfig                   0x080014f1   Thumb Code    12  stm32f10x_tim.o(.text)
    TIM_OC2PolarityConfig                    0x080014fd   Thumb Code    20  stm32f10x_tim.o(.text)
    TIM_OC2NPolarityConfig                   0x08001511   Thumb Code    20  stm32f10x_tim.o(.text)
    TIM_OC3PolarityConfig                    0x08001525   Thumb Code    20  stm32f10x_tim.o(.text)
    TIM_OC3NPolarityConfig                   0x08001539   Thumb Code    20  stm32f10x_tim.o(.text)
    TIM_OC4PolarityConfig                    0x0800154d   Thumb Code    20  stm32f10x_tim.o(.text)
    TIM_CCxCmd                               0x08001561   Thumb Code    22  stm32f10x_tim.o(.text)
    TIM_CCxNCmd                              0x08001577   Thumb Code    22  stm32f10x_tim.o(.text)
    TIM_SelectOCxM                           0x0800158d   Thumb Code    70  stm32f10x_tim.o(.text)
    TIM_UpdateDisableConfig                  0x080015d3   Thumb Code    20  stm32f10x_tim.o(.text)
    TIM_UpdateRequestConfig                  0x080015e7   Thumb Code    20  stm32f10x_tim.o(.text)
    TIM_SelectHallSensor                     0x080015fb   Thumb Code    20  stm32f10x_tim.o(.text)
    TIM_SelectOnePulseMode                   0x0800160f   Thumb Code    16  stm32f10x_tim.o(.text)
    TIM_SelectOutputTrigger                  0x0800161f   Thumb Code    16  stm32f10x_tim.o(.text)
    TIM_SelectSlaveMode                      0x0800162f   Thumb Code    16  stm32f10x_tim.o(.text)
    TIM_SelectMasterSlaveMode                0x0800163f   Thumb Code    16  stm32f10x_tim.o(.text)
    TIM_SetCounter                           0x0800164f   Thumb Code     4  stm32f10x_tim.o(.text)
    TIM_SetAutoreload                        0x08001653   Thumb Code     4  stm32f10x_tim.o(.text)
    TIM_SetCompare1                          0x08001657   Thumb Code     4  stm32f10x_tim.o(.text)
    TIM_SetCompare2                          0x0800165b   Thumb Code     4  stm32f10x_tim.o(.text)
    TIM_SetCompare3                          0x0800165f   Thumb Code     4  stm32f10x_tim.o(.text)
    TIM_SetCompare4                          0x08001663   Thumb Code     6  stm32f10x_tim.o(.text)
    TIM_SetClockDivision                     0x08001669   Thumb Code    16  stm32f10x_tim.o(.text)
    TIM_GetCapture1                          0x08001679   Thumb Code     4  stm32f10x_tim.o(.text)
    TIM_GetCapture2                          0x0800167d   Thumb Code     4  stm32f10x_tim.o(.text)
    TIM_GetCapture3                          0x08001681   Thumb Code     4  stm32f10x_tim.o(.text)
    TIM_GetCapture4                          0x08001685   Thumb Code     6  stm32f10x_tim.o(.text)
    TIM_GetCounter                           0x0800168b   Thumb Code     4  stm32f10x_tim.o(.text)
    TIM_GetPrescaler                         0x0800168f   Thumb Code     4  stm32f10x_tim.o(.text)
    TIM_GetFlagStatus                        0x08001693   Thumb Code    14  stm32f10x_tim.o(.text)
    TIM_ClearFlag                            0x080016a1   Thumb Code     6  stm32f10x_tim.o(.text)
    TIM_GetITStatus                          0x080016a7   Thumb Code    24  stm32f10x_tim.o(.text)
    TIM_ClearITPendingBit                    0x080016bf   Thumb Code     6  stm32f10x_tim.o(.text)
    USART_DeInit                             0x080016c5   Thumb Code    96  stm32f10x_usart.o(.text)
    USART_Init                               0x08001725   Thumb Code   166  stm32f10x_usart.o(.text)
    USART_StructInit                         0x080017cb   Thumb Code    22  stm32f10x_usart.o(.text)
    USART_ClockInit                          0x080017e1   Thumb Code    30  stm32f10x_usart.o(.text)
    USART_ClockStructInit                    0x080017ff   Thumb Code    12  stm32f10x_usart.o(.text)
    USART_Cmd                                0x0800180b   Thumb Code    20  stm32f10x_usart.o(.text)
    USART_ITConfig                           0x0800181f   Thumb Code    48  stm32f10x_usart.o(.text)
    USART_DMACmd                             0x0800184f   Thumb Code    16  stm32f10x_usart.o(.text)
    USART_SetAddress                         0x0800185f   Thumb Code    16  stm32f10x_usart.o(.text)
    USART_WakeUpConfig                       0x0800186f   Thumb Code    16  stm32f10x_usart.o(.text)
    USART_ReceiverWakeUpCmd                  0x0800187f   Thumb Code    20  stm32f10x_usart.o(.text)
    USART_LINBreakDetectLengthConfig         0x08001893   Thumb Code    16  stm32f10x_usart.o(.text)
    USART_LINCmd                             0x080018a3   Thumb Code    20  stm32f10x_usart.o(.text)
    USART_SendData                           0x080018b7   Thumb Code     8  stm32f10x_usart.o(.text)
    USART_ReceiveData                        0x080018bf   Thumb Code     8  stm32f10x_usart.o(.text)
    USART_SendBreak                          0x080018c7   Thumb Code    10  stm32f10x_usart.o(.text)
    USART_SetGuardTime                       0x080018d1   Thumb Code    16  stm32f10x_usart.o(.text)
    USART_SetPrescaler                       0x080018e1   Thumb Code    16  stm32f10x_usart.o(.text)
    USART_SmartCardCmd                       0x080018f1   Thumb Code    20  stm32f10x_usart.o(.text)
    USART_SmartCardNACKCmd                   0x08001905   Thumb Code    20  stm32f10x_usart.o(.text)
    USART_HalfDuplexCmd                      0x08001919   Thumb Code    20  stm32f10x_usart.o(.text)
    USART_OverSampling8Cmd                   0x0800192d   Thumb Code    20  stm32f10x_usart.o(.text)
    USART_OneBitMethodCmd                    0x08001941   Thumb Code    20  stm32f10x_usart.o(.text)
    USART_IrDAConfig                         0x08001955   Thumb Code    16  stm32f10x_usart.o(.text)
    USART_IrDACmd                            0x08001965   Thumb Code    20  stm32f10x_usart.o(.text)
    USART_GetFlagStatus                      0x08001979   Thumb Code    14  stm32f10x_usart.o(.text)
    USART_ClearFlag                          0x08001987   Thumb Code     6  stm32f10x_usart.o(.text)
    USART_GetITStatus                        0x0800198d   Thumb Code    62  stm32f10x_usart.o(.text)
    USART_ClearITPendingBit                  0x080019cb   Thumb Code    12  stm32f10x_usart.o(.text)
    delay_init                               0x080019ed   Thumb Code    46  delay.o(.text)
    delay_us                                 0x08001a1b   Thumb Code    46  delay.o(.text)
    delay_ms                                 0x08001a49   Thumb Code    46  delay.o(.text)
    MY_NVIC_SetVectorTable                   0x08001a85   Thumb Code    12  sys.o(.text)
    MY_NVIC_PriorityGroupConfig              0x08001a91   Thumb Code    28  sys.o(.text)
    MY_NVIC_Init                             0x08001aad   Thumb Code    74  sys.o(.text)
    Ex_NVIC_Config                           0x08001af7   Thumb Code    84  sys.o(.text)
    MYRCC_DeInit                             0x08001b4b   Thumb Code    62  sys.o(.text)
    Sys_Standby                              0x08001b89   Thumb Code    52  sys.o(.text)
    Sys_Soft_Reset                           0x08001bbd   Thumb Code    12  sys.o(.text)
    JTAG_Set                                 0x08001bc9   Thumb Code    30  sys.o(.text)
    Stm32_Clock_Init                         0x08001be7   Thumb Code    98  sys.o(.text)
    _sys_exit                                0x08001c71   Thumb Code     2  usart.o(.text)
    fputc                                    0x08001c73   Thumb Code    18  usart.o(.text)
    uart_init                                0x08001c85   Thumb Code   152  usart.o(.text)
    USART1_IRQHandler                        0x08001d1d   Thumb Code    88  usart.o(.text)
    MiniBalance_Motor_Init                   0x08001d85   Thumb Code    40  tb6612.o(.text)
    TB6612_Init                              0x08001dad   Thumb Code   164  tb6612.o(.text)
    LED_Init                                 0x08001e5d   Thumb Code    48  led.o(.text)
    Encoder_Init_TIM2                        0x08001e91   Thumb Code   144  motorencoder.o(.text)
    Read_Encoder                             0x08001f21   Thumb Code    44  motorencoder.o(.text)
    TIM2_IRQHandler                          0x08001f4d   Thumb Code    16  motorencoder.o(.text)
    Encoder_Init_TIM4                        0x08001f5d   Thumb Code   148  motorencoder.o(.text)
    TIM4_IRQHandler                          0x08001ff1   Thumb Code    16  motorencoder.o(.text)
    uart3_init                               0x08002011   Thumb Code   160  usart3.o(.text)
    USART3_IRQHandler                        0x080020b1   Thumb Code    10  usart3.o(.text)
    OLED_WR_Byte                             0x080020c5   Thumb Code    64  oled.o(.text)
    OLED_Refresh_Gram                        0x08002105   Thumb Code    66  oled.o(.text)
    OLED_Display_On                          0x08002147   Thumb Code    28  oled.o(.text)
    OLED_Display_Off                         0x08002163   Thumb Code    28  oled.o(.text)
    OLED_Clear                               0x0800217f   Thumb Code    36  oled.o(.text)
    OLED_DrawPoint                           0x080021a3   Thumb Code    54  oled.o(.text)
    OLED_ShowChar                            0x080021d9   Thumb Code   130  oled.o(.text)
    oled_pow                                 0x0800225b   Thumb Code    16  oled.o(.text)
    OLED_ShowNumber                          0x0800226b   Thumb Code   118  oled.o(.text)
    OLED_ShowString                          0x080022e1   Thumb Code    62  oled.o(.text)
    OLED_Init                                0x0800231f   Thumb Code   318  oled.o(.text)
    KEY_Init                                 0x08002479   Thumb Code    32  key.o(.text)
    click                                    0x08002499   Thumb Code    40  key.o(.text)
    MiniBalance_EXTI_Init                    0x080024cd   Thumb Code   102  exti.o(.text)
    IIC_Init                                 0x08002539   Thumb Code    40  ioi2c.o(.text)
    IIC_Start                                0x08002561   Thumb Code    74  ioi2c.o(.text)
    IIC_Stop                                 0x080025ab   Thumb Code    60  ioi2c.o(.text)
    IIC_Wait_Ack                             0x080025e7   Thumb Code    82  ioi2c.o(.text)
    IIC_Ack                                  0x08002639   Thumb Code    58  ioi2c.o(.text)
    IIC_NAck                                 0x08002673   Thumb Code    58  ioi2c.o(.text)
    IIC_Send_Byte                            0x080026ad   Thumb Code    88  ioi2c.o(.text)
    i2cWrite                                 0x08002705   Thumb Code    82  ioi2c.o(.text)
    IIC_Read_Byte                            0x08002757   Thumb Code   102  ioi2c.o(.text)
    i2cRead                                  0x080027bd   Thumb Code   108  ioi2c.o(.text)
    I2C_ReadOneByte                          0x08002829   Thumb Code    62  ioi2c.o(.text)
    IICreadBytes                             0x08002867   Thumb Code    90  ioi2c.o(.text)
    IICwriteBytes                            0x080028c1   Thumb Code    66  ioi2c.o(.text)
    IICreadByte                              0x08002903   Thumb Code    14  ioi2c.o(.text)
    IICwriteByte                             0x08002911   Thumb Code    12  ioi2c.o(.text)
    IICwriteBits                             0x0800291d   Thumb Code    96  ioi2c.o(.text)
    IICwriteBit                              0x0800297d   Thumb Code    48  ioi2c.o(.text)
    dmp_load_motion_driver_firmware          0x080029ad   Thumb Code    16  inv_mpu_dmp_motion_driver.o(.text)
    dmp_set_orientation                      0x080029bd   Thumb Code   246  inv_mpu_dmp_motion_driver.o(.text)
    dmp_set_gyro_bias                        0x08002ab3   Thumb Code   196  inv_mpu_dmp_motion_driver.o(.text)
    dmp_set_accel_bias                       0x08002b77   Thumb Code   206  inv_mpu_dmp_motion_driver.o(.text)
    dmp_set_fifo_rate                        0x08002c45   Thumb Code    82  inv_mpu_dmp_motion_driver.o(.text)
    dmp_get_fifo_rate                        0x08002c97   Thumb Code    10  inv_mpu_dmp_motion_driver.o(.text)
    dmp_set_tap_thresh                       0x08002ca1   Thumb Code   340  inv_mpu_dmp_motion_driver.o(.text)
    dmp_set_tap_axes                         0x08002df5   Thumb Code    64  inv_mpu_dmp_motion_driver.o(.text)
    dmp_set_tap_count                        0x08002e35   Thumb Code    34  inv_mpu_dmp_motion_driver.o(.text)
    dmp_set_tap_time                         0x08002e57   Thumb Code    32  inv_mpu_dmp_motion_driver.o(.text)
    dmp_set_tap_time_multi                   0x08002e77   Thumb Code    32  inv_mpu_dmp_motion_driver.o(.text)
    dmp_set_shake_reject_thresh              0x08002e97   Thumb Code    48  inv_mpu_dmp_motion_driver.o(.text)
    dmp_set_shake_reject_time                0x08002ec7   Thumb Code    32  inv_mpu_dmp_motion_driver.o(.text)
    dmp_set_shake_reject_timeout             0x08002ee7   Thumb Code    32  inv_mpu_dmp_motion_driver.o(.text)
    dmp_get_pedometer_step_count             0x08002f07   Thumb Code    48  inv_mpu_dmp_motion_driver.o(.text)
    dmp_set_pedometer_step_count             0x08002f37   Thumb Code    38  inv_mpu_dmp_motion_driver.o(.text)
    dmp_get_pedometer_walk_time              0x08002f5d   Thumb Code    54  inv_mpu_dmp_motion_driver.o(.text)
    dmp_set_pedometer_walk_time              0x08002f93   Thumb Code    44  inv_mpu_dmp_motion_driver.o(.text)
    dmp_enable_6x_lp_quat                    0x08002fbf   Thumb Code    58  inv_mpu_dmp_motion_driver.o(.text)
    dmp_enable_lp_quat                       0x08002ff9   Thumb Code    58  inv_mpu_dmp_motion_driver.o(.text)
    dmp_enable_gyro_cal                      0x08003033   Thumb Code    32  inv_mpu_dmp_motion_driver.o(.text)
    dmp_enable_feature                       0x08003053   Thumb Code   468  inv_mpu_dmp_motion_driver.o(.text)
    dmp_get_enabled_features                 0x08003227   Thumb Code    10  inv_mpu_dmp_motion_driver.o(.text)
    dmp_set_interrupt_mode                   0x08003231   Thumb Code    60  inv_mpu_dmp_motion_driver.o(.text)
    dmp_read_fifo                            0x0800326d   Thumb Code   324  inv_mpu_dmp_motion_driver.o(.text)
    dmp_register_tap_cb                      0x080033b1   Thumb Code     8  inv_mpu_dmp_motion_driver.o(.text)
    dmp_register_android_orient_cb           0x080033b9   Thumb Code     8  inv_mpu_dmp_motion_driver.o(.text)
    mpu_reg_dump                             0x08003449   Thumb Code    58  inv_mpu.o(.text)
    mpu_read_reg                             0x08003483   Thumb Code    52  inv_mpu.o(.text)
    mpu_set_int_latched                      0x080034b7   Thumb Code    94  inv_mpu.o(.text)
    mpu_set_sensors                          0x08003515   Thumb Code   178  inv_mpu.o(.text)
    mpu_set_bypass                           0x080035c7   Thumb Code   212  inv_mpu.o(.text)
    mpu_reset_fifo                           0x0800369b   Thumb Code   334  inv_mpu.o(.text)
    mpu_configure_fifo                       0x080037e9   Thumb Code    84  inv_mpu.o(.text)
    mpu_set_lpf                              0x0800383d   Thumb Code   102  inv_mpu.o(.text)
    mpu_lp_accel_mode                        0x080038a3   Thumb Code   178  inv_mpu.o(.text)
    mpu_set_sample_rate                      0x08003955   Thumb Code   116  inv_mpu.o(.text)
    mpu_set_accel_fsr                        0x080039c9   Thumb Code    98  inv_mpu.o(.text)
    mpu_set_gyro_fsr                         0x08003a2b   Thumb Code   104  inv_mpu.o(.text)
    mpu_init                                 0x08003a93   Thumb Code   310  inv_mpu.o(.text)
    myget_ms                                 0x08003bc9   Thumb Code     2  inv_mpu.o(.text)
    mpu_get_gyro_reg                         0x08003bcb   Thumb Code   152  inv_mpu.o(.text)
    mpu_get_accel_reg                        0x08003c63   Thumb Code    66  inv_mpu.o(.text)
    mpu_get_temperature                      0x08003ca5   Thumb Code   104  inv_mpu.o(.text)
    mpu_set_accel_bias                       0x08003d0d   Thumb Code   214  inv_mpu.o(.text)
    mpu_get_gyro_fsr                         0x08003de3   Thumb Code    48  inv_mpu.o(.text)
    mpu_get_accel_fsr                        0x08003e13   Thumb Code    54  inv_mpu.o(.text)
    mpu_get_lpf                              0x08003e49   Thumb Code    52  inv_mpu.o(.text)
    mpu_get_sample_rate                      0x08003e7d   Thumb Code    22  inv_mpu.o(.text)
    mpu_get_compass_sample_rate              0x08003e93   Thumb Code     8  inv_mpu.o(.text)
    mpu_set_compass_sample_rate              0x08003e9b   Thumb Code     6  inv_mpu.o(.text)
    mpu_get_gyro_sens                        0x08003ea1   Thumb Code    44  inv_mpu.o(.text)
    mpu_get_accel_sens                       0x08003ecd   Thumb Code    62  inv_mpu.o(.text)
    mpu_get_fifo_config                      0x08003f0b   Thumb Code    10  inv_mpu.o(.text)
    mpu_get_power_state                      0x08003f15   Thumb Code    14  inv_mpu.o(.text)
    mpu_get_int_status                       0x08003f23   Thumb Code    48  inv_mpu.o(.text)
    mpu_read_fifo                            0x08003f53   Thumb Code   362  inv_mpu.o(.text)
    mpu_read_fifo_stream                     0x080040bd   Thumb Code   138  inv_mpu.o(.text)
    mpu_set_int_level                        0x08004147   Thumb Code    10  inv_mpu.o(.text)
    mpu_set_dmp_state                        0x0800445f   Thumb Code   120  inv_mpu.o(.text)
    mpu_run_self_test                        0x080044d7   Thumb Code   234  inv_mpu.o(.text)
    mpu_write_mem                            0x080045c1   Thumb Code    80  inv_mpu.o(.text)
    mpu_read_mem                             0x08004611   Thumb Code    80  inv_mpu.o(.text)
    mpu_load_firmware                        0x08004661   Thumb Code   158  inv_mpu.o(.text)
    mpu_get_dmp_state                        0x080046ff   Thumb Code    12  inv_mpu.o(.text)
    mpu_get_compass_reg                      0x0800470b   Thumb Code     6  inv_mpu.o(.text)
    mpu_get_compass_fsr                      0x08004711   Thumb Code     6  inv_mpu.o(.text)
    mpu_lp_motion_interrupt                  0x08004717   Thumb Code   434  inv_mpu.o(.text)
    MPU6050_newValues                        0x08004b01   Thumb Code   256  mpu6050.o(.text)
    MPU6050_setClockSource                   0x08004c01   Thumb Code    18  mpu6050.o(.text)
    MPU6050_setFullScaleGyroRange            0x08004c13   Thumb Code    18  mpu6050.o(.text)
    MPU6050_setFullScaleAccelRange           0x08004c25   Thumb Code    18  mpu6050.o(.text)
    MPU6050_setSleepEnabled                  0x08004c37   Thumb Code    12  mpu6050.o(.text)
    MPU6050_getDeviceID                      0x08004c43   Thumb Code    24  mpu6050.o(.text)
    MPU6050_testConnection                   0x08004c5b   Thumb Code    18  mpu6050.o(.text)
    MPU6050_setI2CMasterModeEnabled          0x08004c6d   Thumb Code    12  mpu6050.o(.text)
    MPU6050_setI2CBypassEnabled              0x08004c79   Thumb Code    12  mpu6050.o(.text)
    MPU6050_initialize                       0x08004c85   Thumb Code    40  mpu6050.o(.text)
    DMP_Init                                 0x08004cad   Thumb Code   138  mpu6050.o(.text)
    Read_DMP                                 0x08004d37   Thumb Code   224  mpu6050.o(.text)
    myabs                                    0x08004ed1   Thumb Code     8  control.o(.text)
    Set_Pwm                                  0x08004ed9   Thumb Code    74  control.o(.text)
    Turn_Off                                 0x08004f23   Thumb Code    48  control.o(.text)
    PWM_Limit                                0x08004f53   Thumb Code    14  control.o(.text)
    Velocity                                 0x08004f61   Thumb Code   200  control.o(.text)
    Balance                                  0x08005029   Thumb Code    80  control.o(.text)
    Key                                      0x08005079   Thumb Code    38  control.o(.text)
    Get_Angle                                0x0800509f   Thumb Code   388  control.o(.text)
    EXTI15_10_IRQHandler                     0x08005223   Thumb Code   266  control.o(.text)
    oled_show                                0x0800532d   Thumb Code   260  show.o(.text)
    Complementary_Filter_x                   0x08005481   Thumb Code    56  filter.o(.text)
    Kalman_Filter_x                          0x080054b9   Thumb Code   290  filter.o(.text)
    __use_no_semihosting                     0x080055e9   Thumb Code     2  use_no_semi_2.o(.text)
    __aeabi_ldivmod                          0x080055eb   Thumb Code     0  llsdiv.o(.text)
    _ll_sdiv                                 0x080055eb   Thumb Code    72  llsdiv.o(.text)
    __2printf                                0x08005635   Thumb Code    20  noretval__2printf.o(.text)
    __printf                                 0x0800564d   Thumb Code   104  __printf.o(.text)
    _printf_int_dec                          0x080056b5   Thumb Code   104  _printf_dec.o(.text)
    memcmp                                   0x0800572d   Thumb Code    88  memcmp.o(.text)
    __aeabi_memset                           0x08005785   Thumb Code    16  aeabi_memset.o(.text)
    __use_two_region_memory                  0x08005795   Thumb Code     2  heapauxi.o(.text)
    __rt_heap_escrow$2region                 0x08005797   Thumb Code     2  heapauxi.o(.text)
    __rt_heap_expand$2region                 0x08005799   Thumb Code     2  heapauxi.o(.text)
    __I$use$semihosting                      0x0800579b   Thumb Code     0  use_no_semi.o(.text)
    __use_no_semihosting_swi                 0x0800579b   Thumb Code     2  use_no_semi.o(.text)
    __aeabi_uldivmod                         0x0800579d   Thumb Code     0  lludivv7m.o(.text)
    _ll_udiv                                 0x0800579d   Thumb Code   238  lludivv7m.o(.text)
    _printf_int_common                       0x0800588b   Thumb Code   178  _printf_intcommon.o(.text)
    _printf_char_file                        0x0800593d   Thumb Code    32  _printf_char_file.o(.text)
    __aeabi_memclr                           0x08005961   Thumb Code     0  rt_memclr.o(.text)
    __rt_memclr                              0x08005961   Thumb Code    68  rt_memclr.o(.text)
    _memset                                  0x08005965   Thumb Code     0  rt_memclr.o(.text)
    _printf_char_common                      0x080059af   Thumb Code    32  _printf_char_common.o(.text)
    ferror                                   0x080059d5   Thumb Code     8  ferror.o(.text)
    __aeabi_memclr4                          0x080059dd   Thumb Code     0  rt_memclr_w.o(.text)
    __aeabi_memclr8                          0x080059dd   Thumb Code     0  rt_memclr_w.o(.text)
    __rt_memclr_w                            0x080059dd   Thumb Code    78  rt_memclr_w.o(.text)
    _memset_w                                0x080059e1   Thumb Code     0  rt_memclr_w.o(.text)
    __user_libspace                          0x08005a2d   Thumb Code     8  libspace.o(.text)
    __user_perproc_libspace                  0x08005a2d   Thumb Code     0  libspace.o(.text)
    __user_perthread_libspace                0x08005a2d   Thumb Code     0  libspace.o(.text)
    __user_setup_stackheap                   0x08005a35   Thumb Code    74  sys_stackheap_outer.o(.text)
    exit                                     0x08005a7f   Thumb Code    18  exit.o(.text)
    __ARM_fpclassify                         0x08005a91   Thumb Code    40  fpclassify.o(i.__ARM_fpclassify)
    __kernel_poly                            0x08005ab9   Thumb Code   170  poly.o(i.__kernel_poly)
    __mathlib_dbl_infnan                     0x08005b63   Thumb Code     6  dunder.o(i.__mathlib_dbl_infnan)
    __mathlib_dbl_infnan2                    0x08005b69   Thumb Code     4  dunder.o(i.__mathlib_dbl_infnan2)
    __mathlib_dbl_underflow                  0x08005b6d   Thumb Code    10  dunder.o(i.__mathlib_dbl_underflow)
    atan                                     0x08005b7d   Thumb Code   474  atan.o(i.atan)
    atan2                                    0x08005d9d   Thumb Code   346  atan2.o(i.atan2)
    __aeabi_d2f                              0x08005f1d   Thumb Code     0  d2f.o(x$fpl$d2f)
    _d2f                                     0x08005f1d   Thumb Code    98  d2f.o(x$fpl$d2f)
    __aeabi_dadd                             0x08005f81   Thumb Code     0  daddsub_clz.o(x$fpl$dadd)
    _dadd                                    0x08005f81   Thumb Code   332  daddsub_clz.o(x$fpl$dadd)
    __fpl_dcheck_NaN1                        0x080060d1   Thumb Code    10  dcheck1.o(x$fpl$dcheck1)
    __aeabi_ddiv                             0x080060e1   Thumb Code     0  ddiv.o(x$fpl$ddiv)
    _ddiv                                    0x080060e1   Thumb Code   552  ddiv.o(x$fpl$ddiv)
    __aeabi_dmul                             0x08006391   Thumb Code     0  dmul.o(x$fpl$dmul)
    _dmul                                    0x08006391   Thumb Code   332  dmul.o(x$fpl$dmul)
    __fpl_dnaninf                            0x080064e5   Thumb Code   156  dnaninf.o(x$fpl$dnaninf)
    __fpl_dretinf                            0x08006581   Thumb Code    12  dretinf.o(x$fpl$dretinf)
    __aeabi_drsub                            0x0800658d   Thumb Code     0  daddsub_clz.o(x$fpl$drsb)
    _drsb                                    0x0800658d   Thumb Code    22  daddsub_clz.o(x$fpl$drsb)
    __aeabi_dsub                             0x080065a5   Thumb Code     0  daddsub_clz.o(x$fpl$dsub)
    _dsub                                    0x080065a5   Thumb Code   464  daddsub_clz.o(x$fpl$dsub)
    __aeabi_f2d                              0x08006779   Thumb Code     0  f2d.o(x$fpl$f2d)
    _f2d                                     0x08006779   Thumb Code    86  f2d.o(x$fpl$f2d)
    __aeabi_fadd                             0x080067d1   Thumb Code     0  faddsub_clz.o(x$fpl$fadd)
    _fadd                                    0x080067d1   Thumb Code   196  faddsub_clz.o(x$fpl$fadd)
    __fpl_fcheck_NaN1                        0x08006895   Thumb Code     6  fcheck1.o(x$fpl$fcheck1)
    __aeabi_fdiv                             0x080068a1   Thumb Code     0  fdiv.o(x$fpl$fdiv)
    _fdiv                                    0x080068a1   Thumb Code   384  fdiv.o(x$fpl$fdiv)
    __aeabi_f2iz                             0x08006a25   Thumb Code     0  ffix.o(x$fpl$ffix)
    _ffix                                    0x08006a25   Thumb Code    54  ffix.o(x$fpl$ffix)
    __aeabi_f2uiz                            0x08006a5d   Thumb Code     0  ffixu.o(x$fpl$ffixu)
    _ffixu                                   0x08006a5d   Thumb Code    62  ffixu.o(x$fpl$ffixu)
    __aeabi_i2f                              0x08006a9d   Thumb Code     0  fflt_clz.o(x$fpl$fflt)
    _fflt                                    0x08006a9d   Thumb Code    48  fflt_clz.o(x$fpl$fflt)
    __aeabi_ui2f                             0x08006acd   Thumb Code     0  fflt_clz.o(x$fpl$ffltu)
    _ffltu                                   0x08006acd   Thumb Code    38  fflt_clz.o(x$fpl$ffltu)
    __aeabi_fmul                             0x08006af5   Thumb Code     0  fmul.o(x$fpl$fmul)
    _fmul                                    0x08006af5   Thumb Code   258  fmul.o(x$fpl$fmul)
    __fpl_fnaninf                            0x08006bf7   Thumb Code   140  fnaninf.o(x$fpl$fnaninf)
    __fpl_fretinf                            0x08006c83   Thumb Code    10  fretinf.o(x$fpl$fretinf)
    __aeabi_frsub                            0x08006c8d   Thumb Code     0  faddsub_clz.o(x$fpl$frsb)
    _frsb                                    0x08006c8d   Thumb Code    20  faddsub_clz.o(x$fpl$frsb)
    __aeabi_fsub                             0x08006ca1   Thumb Code     0  faddsub_clz.o(x$fpl$fsub)
    _fsub                                    0x08006ca1   Thumb Code   234  faddsub_clz.o(x$fpl$fsub)
    __fpl_return_NaN                         0x08006d8b   Thumb Code   100  retnan.o(x$fpl$retnan)
    __ARM_scalbn                             0x08006def   Thumb Code    92  scalbn.o(x$fpl$scalbn)
    __ARM_scalbnf                            0x08006e4b   Thumb Code    76  scalbnf.o(x$fpl$scalbnf)
    __fpl_cmpreturn                          0x08006e97   Thumb Code    48  trapv.o(x$fpl$trapveneer)
    __I$use$fp                               0x08006ec6   Number         0  usenofp.o(x$fpl$usenofp)
    oled_asc2_1206                           0x08006ec6   Data        1140  oled.o(.constdata)
    oled_asc2_1608                           0x0800733a   Data        1520  oled.o(.constdata)
    hw                                       0x08008520   Data          12  inv_mpu.o(.constdata)
    reg                                      0x0800852c   Data          27  inv_mpu.o(.constdata)
    test                                     0x08008548   Data          40  inv_mpu.o(.constdata)
    __mathlib_zero                           0x08008608   Data           8  qnan.o(.constdata)
    Region$$Table$$Base                      0x08008660   Number         0  anon$$obj.o(Region$$Table)
    Region$$Table$$Limit                     0x08008680   Number         0  anon$$obj.o(Region$$Table)
    Flag_Stop                                0x20000000   Data           1  main.o(.data)
    Encoder_Left                             0x20000004   Data           4  main.o(.data)
    Encoder_Right                            0x20000008   Data           4  main.o(.data)
    Angle_Balance                            0x2000000c   Data           4  main.o(.data)
    Gyro_Balance                             0x20000010   Data           4  main.o(.data)
    SystemCoreClock                          0x20000014   Data           4  system_stm32f10x.o(.data)
    AHBPrescTable                            0x20000018   Data          16  system_stm32f10x.o(.data)
    USART_RX_STA                             0x20000040   Data           2  usart.o(.data)
    __stdout                                 0x20000044   Data           4  usart.o(.data)
    sensors                                  0x20000078   Data           2  mpu6050.o(.data)
    q0                                       0x2000007c   Data           4  mpu6050.o(.data)
    q1                                       0x20000080   Data           4  mpu6050.o(.data)
    q2                                       0x20000084   Data           4  mpu6050.o(.data)
    q3                                       0x20000088   Data           4  mpu6050.o(.data)
    Pitch                                    0x2000008c   Data           4  mpu6050.o(.data)
    gyro                                     0x20000090   Data           6  mpu6050.o(.data)
    accel                                    0x20000096   Data           6  mpu6050.o(.data)
    dt                                       0x200000c0   Data           4  filter.o(.data)
    USART_RX_BUF                             0x200000fc   Data         200  usart.o(.bss)
    OLED_GRAM                                0x200001c4   Data        1024  oled.o(.bss)
    buffer                                   0x200005d4   Data          14  mpu6050.o(.bss)
    MPU6050_FIFO                             0x200005e2   Data         132  mpu6050.o(.bss)
    __libspace_start                         0x20000668   Data          96  libspace.o(.bss)
    __temporary_stack_top$libspace           0x200006c8   Data           0  libspace.o(.bss)



==============================================================================

Memory Map of the image

  Image Entry point : 0x08000131

  Load Region LR_IROM1 (Base: 0x08000000, Size: 0x0000877c, Max: 0x00010000, ABSOLUTE)

    Execution Region ER_IROM1 (Exec base: 0x08000000, Load base: 0x08000000, Size: 0x00008680, Max: 0x00010000, ABSOLUTE)

    Exec Addr    Load Addr    Size         Type   Attr      Idx    E Section Name        Object

    0x08000000   0x08000000   0x00000130   Data   RO          304    RESET               startup_stm32f10x_hd.o
    0x08000130   0x08000130   0x00000008   Code   RO         1028  * !!!main             c_w.l(__main.o)
    0x08000138   0x08000138   0x00000034   Code   RO         1319    !!!scatter          c_w.l(__scatter.o)
    0x0800016c   0x0800016c   0x0000001a   Code   RO         1321    !!handler_copy      c_w.l(__scatter_copy.o)
    0x08000186   0x08000186   0x00000002   PAD
    0x08000188   0x08000188   0x0000001c   Code   RO         1323    !!handler_zi        c_w.l(__scatter_zi.o)
    0x080001a4   0x080001a4   0x00000000   Code   RO         1021    .ARM.Collect$$_printf_percent$$00000000  c_w.l(_printf_percent.o)
    0x080001a4   0x080001a4   0x00000006   Code   RO         1020    .ARM.Collect$$_printf_percent$$00000009  c_w.l(_printf_d.o)
    0x080001aa   0x080001aa   0x00000004   Code   RO         1093    .ARM.Collect$$_printf_percent$$00000017  c_w.l(_printf_percent_end.o)
    0x080001ae   0x080001ae   0x00000002   Code   RO         1188    .ARM.Collect$$libinit$$00000000  c_w.l(libinit.o)
    0x080001b0   0x080001b0   0x00000000   Code   RO         1200    .ARM.Collect$$libinit$$00000002  c_w.l(libinit2.o)
    0x080001b0   0x080001b0   0x00000000   Code   RO         1202    .ARM.Collect$$libinit$$00000004  c_w.l(libinit2.o)
    0x080001b0   0x080001b0   0x00000000   Code   RO         1205    .ARM.Collect$$libinit$$0000000A  c_w.l(libinit2.o)
    0x080001b0   0x080001b0   0x00000000   Code   RO         1207    .ARM.Collect$$libinit$$0000000C  c_w.l(libinit2.o)
    0x080001b0   0x080001b0   0x00000000   Code   RO         1209    .ARM.Collect$$libinit$$0000000E  c_w.l(libinit2.o)
    0x080001b0   0x080001b0   0x00000000   Code   RO         1212    .ARM.Collect$$libinit$$00000011  c_w.l(libinit2.o)
    0x080001b0   0x080001b0   0x00000000   Code   RO         1214    .ARM.Collect$$libinit$$00000013  c_w.l(libinit2.o)
    0x080001b0   0x080001b0   0x00000000   Code   RO         1216    .ARM.Collect$$libinit$$00000015  c_w.l(libinit2.o)
    0x080001b0   0x080001b0   0x00000000   Code   RO         1218    .ARM.Collect$$libinit$$00000017  c_w.l(libinit2.o)
    0x080001b0   0x080001b0   0x00000000   Code   RO         1220    .ARM.Collect$$libinit$$00000019  c_w.l(libinit2.o)
    0x080001b0   0x080001b0   0x00000000   Code   RO         1222    .ARM.Collect$$libinit$$0000001B  c_w.l(libinit2.o)
    0x080001b0   0x080001b0   0x00000000   Code   RO         1224    .ARM.Collect$$libinit$$0000001D  c_w.l(libinit2.o)
    0x080001b0   0x080001b0   0x00000000   Code   RO         1226    .ARM.Collect$$libinit$$0000001F  c_w.l(libinit2.o)
    0x080001b0   0x080001b0   0x00000000   Code   RO         1228    .ARM.Collect$$libinit$$00000021  c_w.l(libinit2.o)
    0x080001b0   0x080001b0   0x00000000   Code   RO         1230    .ARM.Collect$$libinit$$00000023  c_w.l(libinit2.o)
    0x080001b0   0x080001b0   0x00000000   Code   RO         1232    .ARM.Collect$$libinit$$00000025  c_w.l(libinit2.o)
    0x080001b0   0x080001b0   0x00000000   Code   RO         1236    .ARM.Collect$$libinit$$0000002C  c_w.l(libinit2.o)
    0x080001b0   0x080001b0   0x00000000   Code   RO         1238    .ARM.Collect$$libinit$$0000002E  c_w.l(libinit2.o)
    0x080001b0   0x080001b0   0x00000000   Code   RO         1240    .ARM.Collect$$libinit$$00000030  c_w.l(libinit2.o)
    0x080001b0   0x080001b0   0x00000000   Code   RO         1242    .ARM.Collect$$libinit$$00000032  c_w.l(libinit2.o)
    0x080001b0   0x080001b0   0x00000002   Code   RO         1243    .ARM.Collect$$libinit$$00000033  c_w.l(libinit2.o)
    0x080001b2   0x080001b2   0x00000002   Code   RO         1271    .ARM.Collect$$libshutdown$$00000000  c_w.l(libshutdown.o)
    0x080001b4   0x080001b4   0x00000000   Code   RO         1285    .ARM.Collect$$libshutdown$$00000002  c_w.l(libshutdown2.o)
    0x080001b4   0x080001b4   0x00000000   Code   RO         1287    .ARM.Collect$$libshutdown$$00000004  c_w.l(libshutdown2.o)
    0x080001b4   0x080001b4   0x00000000   Code   RO         1290    .ARM.Collect$$libshutdown$$00000007  c_w.l(libshutdown2.o)
    0x080001b4   0x080001b4   0x00000000   Code   RO         1293    .ARM.Collect$$libshutdown$$0000000A  c_w.l(libshutdown2.o)
    0x080001b4   0x080001b4   0x00000000   Code   RO         1295    .ARM.Collect$$libshutdown$$0000000C  c_w.l(libshutdown2.o)
    0x080001b4   0x080001b4   0x00000000   Code   RO         1298    .ARM.Collect$$libshutdown$$0000000F  c_w.l(libshutdown2.o)
    0x080001b4   0x080001b4   0x00000002   Code   RO         1299    .ARM.Collect$$libshutdown$$00000010  c_w.l(libshutdown2.o)
    0x080001b6   0x080001b6   0x00000000   Code   RO         1084    .ARM.Collect$$rtentry$$00000000  c_w.l(__rtentry.o)
    0x080001b6   0x080001b6   0x00000000   Code   RO         1133    .ARM.Collect$$rtentry$$00000002  c_w.l(__rtentry2.o)
    0x080001b6   0x080001b6   0x00000006   Code   RO         1145    .ARM.Collect$$rtentry$$00000004  c_w.l(__rtentry4.o)
    0x080001bc   0x080001bc   0x00000000   Code   RO         1135    .ARM.Collect$$rtentry$$00000009  c_w.l(__rtentry2.o)
    0x080001bc   0x080001bc   0x00000004   Code   RO         1136    .ARM.Collect$$rtentry$$0000000A  c_w.l(__rtentry2.o)
    0x080001c0   0x080001c0   0x00000000   Code   RO         1138    .ARM.Collect$$rtentry$$0000000C  c_w.l(__rtentry2.o)
    0x080001c0   0x080001c0   0x00000008   Code   RO         1139    .ARM.Collect$$rtentry$$0000000D  c_w.l(__rtentry2.o)
    0x080001c8   0x080001c8   0x00000002   Code   RO         1193    .ARM.Collect$$rtexit$$00000000  c_w.l(rtexit.o)
    0x080001ca   0x080001ca   0x00000000   Code   RO         1245    .ARM.Collect$$rtexit$$00000002  c_w.l(rtexit2.o)
    0x080001ca   0x080001ca   0x00000004   Code   RO         1246    .ARM.Collect$$rtexit$$00000003  c_w.l(rtexit2.o)
    0x080001ce   0x080001ce   0x00000006   Code   RO         1247    .ARM.Collect$$rtexit$$00000004  c_w.l(rtexit2.o)
    0x080001d4   0x080001d4   0x0000000c   Code   RO          681    .emb_text           sys.o
    0x080001e0   0x080001e0   0x00000052   Code   RO            1    .text               main.o
    0x08000232   0x08000232   0x00000012   Code   RO          175    .text               stm32f10x_it.o
    0x08000244   0x08000244   0x00000158   Code   RO          273    .text               system_stm32f10x.o
    0x0800039c   0x0800039c   0x00000040   Code   RO          305    .text               startup_stm32f10x_hd.o
    0x080003dc   0x080003dc   0x000000b0   Code   RO          309    .text               misc.o
    0x0800048c   0x0800048c   0x00000098   Code   RO          359    .text               stm32f10x_bkp.o
    0x08000524   0x08000524   0x000000e8   Code   RO          443    .text               stm32f10x_exti.o
    0x0800060c   0x0800060c   0x00000264   Code   RO          480    .text               stm32f10x_gpio.o
    0x08000870   0x08000870   0x000000ac   Code   RO          516    .text               stm32f10x_pwr.o
    0x0800091c   0x0800091c   0x000002b8   Code   RO          528    .text               stm32f10x_rcc.o
    0x08000bd4   0x08000bd4   0x00000af0   Code   RO          579    .text               stm32f10x_tim.o
    0x080016c4   0x080016c4   0x00000328   Code   RO          592    .text               stm32f10x_usart.o
    0x080019ec   0x080019ec   0x00000098   Code   RO          616    .text               delay.o
    0x08001a84   0x08001a84   0x000001ec   Code   RO          682    .text               sys.o
    0x08001c70   0x08001c70   0x00000114   Code   RO          698    .text               usart.o
    0x08001d84   0x08001d84   0x000000d8   Code   RO          722    .text               tb6612.o
    0x08001e5c   0x08001e5c   0x00000034   Code   RO          735    .text               led.o
    0x08001e90   0x08001e90   0x00000180   Code   RO          750    .text               motorencoder.o
    0x08002010   0x08002010   0x000000b4   Code   RO          762    .text               usart3.o
    0x080020c4   0x080020c4   0x000003b4   Code   RO          790    .text               oled.o
    0x08002478   0x08002478   0x00000054   Code   RO          810    .text               key.o
    0x080024cc   0x080024cc   0x0000006c   Code   RO          823    .text               exti.o
    0x08002538   0x08002538   0x00000474   Code   RO          838    .text               ioi2c.o
    0x080029ac   0x080029ac   0x00000a4c   Code   RO          867    .text               inv_mpu_dmp_motion_driver.o
    0x080033f8   0x080033f8   0x000016c0   Code   RO          883    .text               inv_mpu.o
    0x08004ab8   0x08004ab8   0x00000418   Code   RO          910    .text               mpu6050.o
    0x08004ed0   0x08004ed0   0x0000045c   Code   RO          942    .text               control.o
    0x0800532c   0x0800532c   0x00000154   Code   RO          959    .text               show.o
    0x08005480   0x08005480   0x00000168   Code   RO          971    .text               filter.o
    0x080055e8   0x080055e8   0x00000002   Code   RO          988    .text               c_w.l(use_no_semi_2.o)
    0x080055ea   0x080055ea   0x00000048   Code   RO          990    .text               c_w.l(llsdiv.o)
    0x08005632   0x08005632   0x00000002   PAD
    0x08005634   0x08005634   0x00000018   Code   RO          994    .text               c_w.l(noretval__2printf.o)
    0x0800564c   0x0800564c   0x00000068   Code   RO          996    .text               c_w.l(__printf.o)
    0x080056b4   0x080056b4   0x00000078   Code   RO          998    .text               c_w.l(_printf_dec.o)
    0x0800572c   0x0800572c   0x00000058   Code   RO         1022    .text               c_w.l(memcmp.o)
    0x08005784   0x08005784   0x00000010   Code   RO         1024    .text               c_w.l(aeabi_memset.o)
    0x08005794   0x08005794   0x00000006   Code   RO         1026    .text               c_w.l(heapauxi.o)
    0x0800579a   0x0800579a   0x00000002   Code   RO         1082    .text               c_w.l(use_no_semi.o)
    0x0800579c   0x0800579c   0x000000ee   Code   RO         1085    .text               c_w.l(lludivv7m.o)
    0x0800588a   0x0800588a   0x000000b2   Code   RO         1089    .text               c_w.l(_printf_intcommon.o)
    0x0800593c   0x0800593c   0x00000024   Code   RO         1091    .text               c_w.l(_printf_char_file.o)
    0x08005960   0x08005960   0x00000044   Code   RO         1094    .text               c_w.l(rt_memclr.o)
    0x080059a4   0x080059a4   0x00000030   Code   RO         1156    .text               c_w.l(_printf_char_common.o)
    0x080059d4   0x080059d4   0x00000008   Code   RO         1158    .text               c_w.l(ferror.o)
    0x080059dc   0x080059dc   0x0000004e   Code   RO         1162    .text               c_w.l(rt_memclr_w.o)
    0x08005a2a   0x08005a2a   0x00000002   PAD
    0x08005a2c   0x08005a2c   0x00000008   Code   RO         1172    .text               c_w.l(libspace.o)
    0x08005a34   0x08005a34   0x0000004a   Code   RO         1175    .text               c_w.l(sys_stackheap_outer.o)
    0x08005a7e   0x08005a7e   0x00000012   Code   RO         1181    .text               c_w.l(exit.o)
    0x08005a90   0x08005a90   0x00000028   Code   RO         1168    i.__ARM_fpclassify  m_ws.l(fpclassify.o)
    0x08005ab8   0x08005ab8   0x000000aa   Code   RO         1170    i.__kernel_poly     m_ws.l(poly.o)
    0x08005b62   0x08005b62   0x00000006   Code   RO         1118    i.__mathlib_dbl_infnan  m_ws.l(dunder.o)
    0x08005b68   0x08005b68   0x00000004   Code   RO         1119    i.__mathlib_dbl_infnan2  m_ws.l(dunder.o)
    0x08005b6c   0x08005b6c   0x00000010   Code   RO         1123    i.__mathlib_dbl_underflow  m_ws.l(dunder.o)
    0x08005b7c   0x08005b7c   0x00000220   Code   RO         1108    i.atan              m_ws.l(atan.o)
    0x08005d9c   0x08005d9c   0x00000180   Code   RO         1075    i.atan2             m_ws.l(atan2.o)
    0x08005f1c   0x08005f1c   0x00000062   Code   RO         1030    x$fpl$d2f           fz_ws.l(d2f.o)
    0x08005f7e   0x08005f7e   0x00000002   PAD
    0x08005f80   0x08005f80   0x00000150   Code   RO         1032    x$fpl$dadd          fz_ws.l(daddsub_clz.o)
    0x080060d0   0x080060d0   0x00000010   Code   RO         1189    x$fpl$dcheck1       fz_ws.l(dcheck1.o)
    0x080060e0   0x080060e0   0x000002b0   Code   RO         1039    x$fpl$ddiv          fz_ws.l(ddiv.o)
    0x08006390   0x08006390   0x00000154   Code   RO         1042    x$fpl$dmul          fz_ws.l(dmul.o)
    0x080064e4   0x080064e4   0x0000009c   Code   RO         1096    x$fpl$dnaninf       fz_ws.l(dnaninf.o)
    0x08006580   0x08006580   0x0000000c   Code   RO         1098    x$fpl$dretinf       fz_ws.l(dretinf.o)
    0x0800658c   0x0800658c   0x00000016   Code   RO         1033    x$fpl$drsb          fz_ws.l(daddsub_clz.o)
    0x080065a2   0x080065a2   0x00000002   PAD
    0x080065a4   0x080065a4   0x000001d4   Code   RO         1034    x$fpl$dsub          fz_ws.l(daddsub_clz.o)
    0x08006778   0x08006778   0x00000056   Code   RO         1044    x$fpl$f2d           fz_ws.l(f2d.o)
    0x080067ce   0x080067ce   0x00000002   PAD
    0x080067d0   0x080067d0   0x000000c4   Code   RO         1046    x$fpl$fadd          fz_ws.l(faddsub_clz.o)
    0x08006894   0x08006894   0x0000000c   Code   RO         1100    x$fpl$fcheck1       fz_ws.l(fcheck1.o)
    0x080068a0   0x080068a0   0x00000184   Code   RO         1053    x$fpl$fdiv          fz_ws.l(fdiv.o)
    0x08006a24   0x08006a24   0x00000036   Code   RO         1056    x$fpl$ffix          fz_ws.l(ffix.o)
    0x08006a5a   0x08006a5a   0x00000002   PAD
    0x08006a5c   0x08006a5c   0x0000003e   Code   RO         1060    x$fpl$ffixu         fz_ws.l(ffixu.o)
    0x08006a9a   0x08006a9a   0x00000002   PAD
    0x08006a9c   0x08006a9c   0x00000030   Code   RO         1065    x$fpl$fflt          fz_ws.l(fflt_clz.o)
    0x08006acc   0x08006acc   0x00000026   Code   RO         1064    x$fpl$ffltu         fz_ws.l(fflt_clz.o)
    0x08006af2   0x08006af2   0x00000002   PAD
    0x08006af4   0x08006af4   0x00000102   Code   RO         1070    x$fpl$fmul          fz_ws.l(fmul.o)
    0x08006bf6   0x08006bf6   0x0000008c   Code   RO         1102    x$fpl$fnaninf       fz_ws.l(fnaninf.o)
    0x08006c82   0x08006c82   0x0000000a   Code   RO         1104    x$fpl$fretinf       fz_ws.l(fretinf.o)
    0x08006c8c   0x08006c8c   0x00000014   Code   RO         1047    x$fpl$frsb          fz_ws.l(faddsub_clz.o)
    0x08006ca0   0x08006ca0   0x000000ea   Code   RO         1048    x$fpl$fsub          fz_ws.l(faddsub_clz.o)
    0x08006d8a   0x08006d8a   0x00000064   Code   RO         1164    x$fpl$retnan        fz_ws.l(retnan.o)
    0x08006dee   0x08006dee   0x0000005c   Code   RO         1166    x$fpl$scalbn        fz_ws.l(scalbn.o)
    0x08006e4a   0x08006e4a   0x0000004c   Code   RO         1072    x$fpl$scalbnf       fz_ws.l(scalbnf.o)
    0x08006e96   0x08006e96   0x00000030   Code   RO         1191    x$fpl$trapveneer    fz_ws.l(trapv.o)
    0x08006ec6   0x08006ec6   0x00000000   Code   RO         1106    x$fpl$usenofp       fz_ws.l(usenofp.o)
    0x08006ec6   0x08006ec6   0x00000a64   Data   RO          792    .constdata          oled.o
    0x0800792a   0x0800792a   0x00000bf6   Data   RO          869    .constdata          inv_mpu_dmp_motion_driver.o
    0x08008520   0x08008520   0x0000000c   Data   RO          884    .constdata          inv_mpu.o
    0x0800852c   0x0800852c   0x0000001b   Data   RO          885    .constdata          inv_mpu.o
    0x08008547   0x08008547   0x00000001   PAD
    0x08008548   0x08008548   0x00000028   Data   RO          886    .constdata          inv_mpu.o
    0x08008570   0x08008570   0x00000098   Data   RO         1109    .constdata          m_ws.l(atan.o)
    0x08008608   0x08008608   0x00000008   Data   RO         1131    .constdata          m_ws.l(qnan.o)
    0x08008610   0x08008610   0x0000004e   Data   RO          887    .conststring        inv_mpu.o
    0x0800865e   0x0800865e   0x00000002   PAD
    0x08008660   0x08008660   0x00000020   Data   RO         1317    Region$$Table       anon$$obj.o


    Execution Region RW_IRAM1 (Exec base: 0x20000000, Load base: 0x08008680, Size: 0x00000cc8, Max: 0x00005000, ABSOLUTE)

    Exec Addr    Load Addr    Size         Type   Attr      Idx    E Section Name        Object

    0x20000000   0x08008680   0x00000001   Data   RW            2    .data               main.o
    0x20000001   0x08008681   0x00000003   PAD
    0x20000004   0x08008684   0x00000004   Data   RW            3    .data               main.o
    0x20000008   0x08008688   0x00000004   Data   RW            4    .data               main.o
    0x2000000c   0x0800868c   0x00000004   Data   RW            5    .data               main.o
    0x20000010   0x08008690   0x00000004   Data   RW            6    .data               main.o
    0x20000014   0x08008694   0x00000014   Data   RW          274    .data               system_stm32f10x.o
    0x20000028   0x080086a8   0x00000014   Data   RW          529    .data               stm32f10x_rcc.o
    0x2000003c   0x080086bc   0x00000004   Data   RW          617    .data               delay.o
    0x20000040   0x080086c0   0x00000002   Data   RW          700    .data               usart.o
    0x20000042   0x080086c2   0x00000002   PAD
    0x20000044   0x080086c4   0x00000004   Data   RW          701    .data               usart.o
    0x20000048   0x080086c8   0x00000001   Data   RW          811    .data               key.o
    0x20000049   0x080086c9   0x00000003   PAD
    0x2000004c   0x080086cc   0x0000002c   Data   RW          888    .data               inv_mpu.o
    0x20000078   0x080086f8   0x0000002d   Data   RW          912    .data               mpu6050.o
    0x200000a5   0x08008725   0x00000003   PAD
    0x200000a8   0x08008728   0x00000018   Data   RW          943    .data               control.o
    0x200000c0   0x08008740   0x0000003c   Data   RW          972    .data               filter.o
    0x200000fc        -       0x000000c8   Zero   RW          699    .bss                usart.o
    0x200001c4        -       0x00000400   Zero   RW          791    .bss                oled.o
    0x200005c4        -       0x00000010   Zero   RW          868    .bss                inv_mpu_dmp_motion_driver.o
    0x200005d4        -       0x00000092   Zero   RW          911    .bss                mpu6050.o
    0x20000666   0x0800877c   0x00000002   PAD
    0x20000668        -       0x00000060   Zero   RW         1173    .bss                c_w.l(libspace.o)
    0x200006c8        -       0x00000200   Zero   RW          303    HEAP                startup_stm32f10x_hd.o
    0x200008c8        -       0x00000400   Zero   RW          302    STACK               startup_stm32f10x_hd.o


==============================================================================

Image component sizes


      Code (inc. data)   RO Data    RW Data    ZI Data      Debug   Object Name

      1116        114          0         24          0       4189   control.o
         0          0          0          0          0         32   core_cm3.o
       152         14          0          4          0       1075   delay.o
       108          6          0          0          0        612   exti.o
       360         14          0         60          0       1366   filter.o
      5824        166        157         44          0      22221   inv_mpu.o
      2636        118       3062          0         16      15181   inv_mpu_dmp_motion_driver.o
      1140         10          0          0          0       5884   ioi2c.o
        84         12          0          1          0        717   key.o
        52          4          0          0          0        471   led.o
        82          0          0         17          0     207017   main.o
       176         14          0          0          0     207409   misc.o
       384         16          0          0          0       1587   motorencoder.o
      1048         58          0         45        146      20651   mpu6050.o
       948         28       2660          0       1024       4741   oled.o
       340         80          0          0          0        620   show.o
        64         26        304          0       1536        784   startup_stm32f10x_hd.o
       152          8          0          0          0       3480   stm32f10x_bkp.o
       232          8          0          0          0       2399   stm32f10x_exti.o
       612         36          0          0          0       6021   stm32f10x_gpio.o
        18          0          0          0          0      44618   stm32f10x_it.o
       172         12          0          0          0       1979   stm32f10x_pwr.o
       696         32          0         20          0       8996   stm32f10x_rcc.o
      2800         84          0          0          0      23954   stm32f10x_tim.o
       808         22          0          0          0       8884   stm32f10x_usart.o
       504         40          0          0          0       3217   sys.o
       344         34          0         20          0       1767   system_stm32f10x.o
       216         12          0          0          0       1239   tb6612.o
       276         16          0          6        200       3198   usart.o
       180         10          0          0          0        807   usart3.o

    ----------------------------------------------------------------------
     21524        994       6218        252       2924     605116   Object Totals
         0          0         32          0          0          0   (incl. Generated)
         0          0          3         11          2          0   (incl. Padding)

    ----------------------------------------------------------------------

      Code (inc. data)   RO Data    RW Data    ZI Data      Debug   Library Member Name

         8          0          0          0          0         68   __main.o
       104          0          0          0          0         84   __printf.o
         0          0          0          0          0          0   __rtentry.o
        12          0          0          0          0          0   __rtentry2.o
         6          0          0          0          0          0   __rtentry4.o
        52          8          0          0          0          0   __scatter.o
        26          0          0          0          0          0   __scatter_copy.o
        28          0          0          0          0          0   __scatter_zi.o
        48          6          0          0          0         96   _printf_char_common.o
        36          4          0          0          0         80   _printf_char_file.o
         6          0          0          0          0          0   _printf_d.o
       120         16          0          0          0         92   _printf_dec.o
       178          0          0          0          0         88   _printf_intcommon.o
         0          0          0          0          0          0   _printf_percent.o
         4          0          0          0          0          0   _printf_percent_end.o
        16          0          0          0          0         68   aeabi_memset.o
        18          0          0          0          0         80   exit.o
         8          0          0          0          0         68   ferror.o
         6          0          0          0          0        152   heapauxi.o
         2          0          0          0          0          0   libinit.o
         2          0          0          0          0          0   libinit2.o
         2          0          0          0          0          0   libshutdown.o
         2          0          0          0          0          0   libshutdown2.o
         8          4          0          0         96         68   libspace.o
        72          0          0          0          0         76   llsdiv.o
       238          0          0          0          0        100   lludivv7m.o
        88          0          0          0          0         76   memcmp.o
        24          4          0          0          0         84   noretval__2printf.o
        68          0          0          0          0         68   rt_memclr.o
        78          0          0          0          0         80   rt_memclr_w.o
         2          0          0          0          0          0   rtexit.o
        10          0          0          0          0          0   rtexit2.o
        74          0          0          0          0         80   sys_stackheap_outer.o
         2          0          0          0          0         68   use_no_semi.o
         2          0          0          0          0         68   use_no_semi_2.o
        98          4          0          0          0         92   d2f.o
       826         16          0          0          0        348   daddsub_clz.o
        16          4          0          0          0         68   dcheck1.o
       688        140          0          0          0        208   ddiv.o
       340         12          0          0          0        104   dmul.o
       156          4          0          0          0         92   dnaninf.o
        12          0          0          0          0         68   dretinf.o
        86          4          0          0          0         84   f2d.o
       450          8          0          0          0        236   faddsub_clz.o
        12          4          0          0          0         68   fcheck1.o
       388         76          0          0          0         96   fdiv.o
        54          4          0          0          0         84   ffix.o
        62          4          0          0          0         84   ffixu.o
        86          0          0          0          0        136   fflt_clz.o
       258          4          0          0          0         84   fmul.o
       140          4          0          0          0         84   fnaninf.o
        10          0          0          0          0         68   fretinf.o
       100          0          0          0          0         68   retnan.o
        92          0          0          0          0         68   scalbn.o
        76          0          0          0          0         68   scalbnf.o
        48          0          0          0          0         68   trapv.o
         0          0          0          0          0          0   usenofp.o
       544         70        152          0          0        124   atan.o
       384         38          0          0          0        144   atan2.o
        26          6          0          0          0        204   dunder.o
        40          0          0          0          0         68   fpclassify.o
       170          0          0          0          0         96   poly.o
         0          0          8          0          0          0   qnan.o

    ----------------------------------------------------------------------
      6530        444        160          0         96       4556   Library Totals
        18          0          0          0          0          0   (incl. Padding)

    ----------------------------------------------------------------------

      Code (inc. data)   RO Data    RW Data    ZI Data      Debug   Library Name

      1350         42          0          0         96       1644   c_w.l
      3998        288          0          0          0       2276   fz_ws.l
      1164        114        160          0          0        636   m_ws.l

    ----------------------------------------------------------------------
      6530        444        160          0         96       4556   Library Totals

    ----------------------------------------------------------------------

==============================================================================


      Code (inc. data)   RO Data    RW Data    ZI Data      Debug   

     28054       1438       6378        252       3020     603584   Grand Totals
     28054       1438       6378        252       3020     603584   ELF Image Totals
     28054       1438       6378        252          0          0   ROM Totals

==============================================================================

    Total RO  Size (Code + RO Data)                34432 (  33.63kB)
    Total RW  Size (RW Data + ZI Data)              3272 (   3.20kB)
    Total ROM Size (Code + RO Data + RW Data)      34684 (  33.87kB)

==============================================================================

