Component: ARM Compiler 5.06 update 5 (build 528) Tool: armlink [4d35e2]

==============================================================================

Section Cross References

    startup_stm32f407xx.o(RESET) refers to startup_stm32f407xx.o(STACK) for __initial_sp
    startup_stm32f407xx.o(RESET) refers to startup_stm32f407xx.o(.text) for Reset_Handler
    startup_stm32f407xx.o(RESET) refers to stm32f4xx_it.o(i.NMI_Handler) for NMI_Handler
    startup_stm32f407xx.o(RESET) refers to stm32f4xx_it.o(i.HardFault_Handler) for HardFault_Handler
    startup_stm32f407xx.o(RESET) refers to stm32f4xx_it.o(i.MemManage_Handler) for MemManage_Handler
    startup_stm32f407xx.o(RESET) refers to stm32f4xx_it.o(i.BusFault_Handler) for BusFault_Handler
    startup_stm32f407xx.o(RESET) refers to stm32f4xx_it.o(i.UsageFault_Handler) for UsageFault_Handler
    startup_stm32f407xx.o(RESET) refers to port.o(.emb_text) for SVC_Handler
    startup_stm32f407xx.o(RESET) refers to stm32f4xx_it.o(i.DebugMon_Handler) for DebugMon_Handler
    startup_stm32f407xx.o(RESET) refers to cmsis_os2.o(i.SysTick_Handler) for SysTick_Handler
    startup_stm32f407xx.o(RESET) refers to stm32f4xx_it.o(i.CAN1_TX_IRQHandler) for CAN1_TX_IRQHandler
    startup_stm32f407xx.o(RESET) refers to stm32f4xx_it.o(i.CAN1_RX0_IRQHandler) for CAN1_RX0_IRQHandler
    startup_stm32f407xx.o(RESET) refers to stm32f4xx_it.o(i.CAN1_RX1_IRQHandler) for CAN1_RX1_IRQHandler
    startup_stm32f407xx.o(RESET) refers to stm32f4xx_it.o(i.CAN1_SCE_IRQHandler) for CAN1_SCE_IRQHandler
    startup_stm32f407xx.o(RESET) refers to stm32f4xx_it.o(i.EXTI9_5_IRQHandler) for EXTI9_5_IRQHandler
    startup_stm32f407xx.o(RESET) refers to stm32f4xx_it.o(i.TIM2_IRQHandler) for TIM2_IRQHandler
    startup_stm32f407xx.o(RESET) refers to stm32f4xx_it.o(i.TIM3_IRQHandler) for TIM3_IRQHandler
    startup_stm32f407xx.o(RESET) refers to stm32f4xx_it.o(i.USART1_IRQHandler) for USART1_IRQHandler
    startup_stm32f407xx.o(RESET) refers to stm32f4xx_it.o(i.UART4_IRQHandler) for UART4_IRQHandler
    startup_stm32f407xx.o(RESET) refers to stm32f4xx_it.o(i.UART5_IRQHandler) for UART5_IRQHandler
    startup_stm32f407xx.o(RESET) refers to stm32f4xx_it.o(i.CAN2_TX_IRQHandler) for CAN2_TX_IRQHandler
    startup_stm32f407xx.o(RESET) refers to stm32f4xx_it.o(i.CAN2_RX0_IRQHandler) for CAN2_RX0_IRQHandler
    startup_stm32f407xx.o(RESET) refers to stm32f4xx_it.o(i.CAN2_RX1_IRQHandler) for CAN2_RX1_IRQHandler
    startup_stm32f407xx.o(RESET) refers to stm32f4xx_it.o(i.CAN2_SCE_IRQHandler) for CAN2_SCE_IRQHandler
    startup_stm32f407xx.o(.text) refers to system_stm32f4xx.o(i.SystemInit) for SystemInit
    startup_stm32f407xx.o(.text) refers to entry.o(.ARM.Collect$$$$00000000) for __main
    main.o(i.HAL_TIM_PeriodElapsedCallback) refers to stm32f4xx_hal.o(i.HAL_IncTick) for HAL_IncTick
    main.o(i.HAL_TIM_PeriodElapsedCallback) refers to air_joy.o(.data) for TIME_ISR_CNT
    main.o(i.HAL_TIM_PeriodElapsedCallback) refers to air_joy.o(.data) for LAST_TIME_ISR_CNT
    main.o(i.HAL_TIM_PeriodElapsedCallback) refers to air_joy.o(.data) for Microsecond_Cnt
    main.o(i.HAL_TIM_PeriodElapsedCallback) refers to air_joy.o(.data) for Time_Sys
    main.o(i.SystemClock_Config) refers to memseta.o(.text) for __aeabi_memclr4
    main.o(i.SystemClock_Config) refers to stm32f4xx_hal_rcc.o(i.HAL_RCC_OscConfig) for HAL_RCC_OscConfig
    main.o(i.SystemClock_Config) refers to stm32f4xx_hal_rcc.o(i.HAL_RCC_ClockConfig) for HAL_RCC_ClockConfig
    main.o(i.main) refers to stm32f4xx_hal.o(i.HAL_Init) for HAL_Init
    main.o(i.main) refers to main.o(i.SystemClock_Config) for SystemClock_Config
    main.o(i.main) refers to gpio.o(i.MX_GPIO_Init) for MX_GPIO_Init
    main.o(i.main) refers to can.o(i.MX_CAN1_Init) for MX_CAN1_Init
    main.o(i.main) refers to can.o(i.MX_CAN2_Init) for MX_CAN2_Init
    main.o(i.main) refers to usart.o(i.MX_USART1_UART_Init) for MX_USART1_UART_Init
    main.o(i.main) refers to tim.o(i.MX_TIM2_Init) for MX_TIM2_Init
    main.o(i.main) refers to usart.o(i.MX_UART5_Init) for MX_UART5_Init
    main.o(i.main) refers to tim.o(i.MX_TIM10_Init) for MX_TIM10_Init
    main.o(i.main) refers to tim.o(i.MX_TIM13_Init) for MX_TIM13_Init
    main.o(i.main) refers to tim.o(i.MX_TIM9_Init) for MX_TIM9_Init
    main.o(i.main) refers to tim.o(i.MX_TIM14_Init) for MX_TIM14_Init
    main.o(i.main) refers to usart.o(i.MX_UART4_Init) for MX_UART4_Init
    main.o(i.main) refers to user_can_init.o(i.User_Open_Can1) for User_Open_Can1
    main.o(i.main) refers to user_can_init.o(i.User_Open_Can2) for User_Open_Can2
    main.o(i.main) refers to config.o(i.Pid_Init_All) for Pid_Init_All
    main.o(i.main) refers to config.o(i.Motor_Type_Init) for Motor_Type_Init
    main.o(i.main) refers to config.o(i.VESC_Init) for VESC_Init
    main.o(i.main) refers to stm32f4xx_hal_tim.o(i.HAL_TIM_Base_Start_IT) for HAL_TIM_Base_Start_IT
[...]
    Idle_TCB                                 0x20000a18   Data          92  cmsis_os2.o(.bss)
    Idle_Stack                               0x20000a74   Data         512  cmsis_os2.o(.bss)
    Timer_TCB                                0x20000c74   Data          92  cmsis_os2.o(.bss)
    Timer_Stack                              0x20000cd0   Data        1024  cmsis_os2.o(.bss)
    .bss                                     0x200010d0   Section    15360  heap_4.o(.bss)
    ucHeap                                   0x200010d0   Data       15360  heap_4.o(.bss)
    .bss                                     0x20004cd0   Section       72  chassis.o(.bss)
    .bss                                     0x20004d18   Section       19  communication.o(.bss)
    .bss                                     0x20004d2c   Section     2272  motor_drive.o(.bss)
    .bss                                     0x2000560c   Section      144  motor_drive.o(.bss)
    .bss                                     0x2000569c   Section       40  air_joy.o(.bss)
    PPM_buf                                  0x2000569c   Data          20  air_joy.o(.bss)
    .bss                                     0x200056c4   Section       72  action.o(.bss)
    posture                                  0x200056f4   Data          24  action.o(.bss)
    STACK                                    0x20005710   Section     1024  startup_stm32f407xx.o(STACK)

    Global Symbols

    Symbol Name                              Value     Ov Type        Size  Object(Section)

    BuildAttributes$$THM_ISAv4$E$P$D$K$B$S$7EM$VFPi3$EXTD16$VFPS$VFMA$PE$A:L22UL41UL21$X:L11$S22US41US21$IEEE1$IW$USESV6$~STKCKD$USESV7$~SHL$OTIME$ROPI$IEEEX$EBA8$MICROLIB$REQ8$PRES8$EABIv2 0x00000000   Number         0  anon$$obj.o ABSOLUTE
    __ARM_use_no_argv                        0x00000000   Number         0  main.o ABSOLUTE
    __cpp_initialize__aeabi_                  - Undefined Weak Reference
    __cxa_finalize                            - Undefined Weak Reference
    _clock_init                               - Undefined Weak Reference
    _microlib_exit                            - Undefined Weak Reference
    __Vectors_Size                           0x00000188   Number         0  startup_stm32f407xx.o ABSOLUTE
    __Vectors                                0x08000000   Data           4  startup_stm32f407xx.o(RESET)
    __Vectors_End                            0x08000188   Data           0  startup_stm32f407xx.o(RESET)
    __main                                   0x08000189   Thumb Code     0  entry.o(.ARM.Collect$$$$00000000)
    _main_stk                                0x08000189   Thumb Code     0  entry2.o(.ARM.Collect$$$$00000001)
    _main_scatterload                        0x0800018d   Thumb Code     0  entry5.o(.ARM.Collect$$$$00000004)
    __main_after_scatterload                 0x08000191   Thumb Code     0  entry5.o(.ARM.Collect$$$$00000004)
    _main_clock                              0x08000191   Thumb Code     0  entry7b.o(.ARM.Collect$$$$00000008)
    _main_cpp_init                           0x08000191   Thumb Code     0  entry8b.o(.ARM.Collect$$$$0000000A)
    _main_init                               0x08000191   Thumb Code     0  entry9a.o(.ARM.Collect$$$$0000000B)
    __rt_final_cpp                           0x08000199   Thumb Code     0  entry10a.o(.ARM.Collect$$$$0000000D)
    __rt_final_exit                          0x08000199   Thumb Code     0  entry11a.o(.ARM.Collect$$$$0000000F)
    SVC_Handler                              0x0800019d   Thumb Code    28  port.o(.emb_text)
    __asm___6_port_c_39a90d8d__prvStartFirstTask 0x080001bd   Thumb Code    36  port.o(.emb_text)
    __asm___6_port_c_39a90d8d__prvEnableVFP  0x080001e5   Thumb Code    16  port.o(.emb_text)
    PendSV_Handler                           0x080001f9   Thumb Code    88  port.o(.emb_text)
    vPortGetIPSR                             0x08000255   Thumb Code     6  port.o(.emb_text)
    Reset_Handler                            0x0800025d   Thumb Code     8  startup_stm32f407xx.o(.text)
    ADC_IRQHandler                           0x08000277   Thumb Code     0  startup_stm32f407xx.o(.text)
    DCMI_IRQHandler                          0x08000277   Thumb Code     0  startup_stm32f407xx.o(.text)
    DMA1_Stream0_IRQHandler                  0x08000277   Thumb Code     0  startup_stm32f407xx.o(.text)
    DMA1_Stream1_IRQHandler                  0x08000277   Thumb Code     0  startup_stm32f407xx.o(.text)
    DMA1_Stream2_IRQHandler                  0x08000277   Thumb Code     0  startup_stm32f407xx.o(.text)
    DMA1_Stream3_IRQHandler                  0x08000277   Thumb Code     0  startup_stm32f407xx.o(.text)
    DMA1_Stream4_IRQHandler                  0x08000277   Thumb Code     0  startup_stm32f407xx.o(.text)
    DMA1_Stream5_IRQHandler                  0x08000277   Thumb Code     0  startup_stm32f407xx.o(.text)
    DMA1_Stream6_IRQHandler                  0x08000277   Thumb Code     0  startup_stm32f407xx.o(.text)
    DMA1_Stream7_IRQHandler                  0x08000277   Thumb Code     0  startup_stm32f407xx.o(.text)
    DMA2_Stream0_IRQHandler                  0x08000277   Thumb Code     0  startup_stm32f407xx.o(.text)
    DMA2_Stream1_IRQHandler                  0x08000277   Thumb Code     0  startup_stm32f407xx.o(.text)
    DMA2_Stream2_IRQHandler                  0x08000277   Thumb Code     0  startup_stm32f407xx.o(.text)
    DMA2_Stream3_IRQHandler                  0x08000277   Thumb Code     0  startup_stm32f407xx.o(.text)
    DMA2_Stream4_IRQHandler                  0x08000277   Thumb Code     0  startup_stm32f407xx.o(.text)
    DMA2_Stream5_IRQHandler                  0x08000277   Thumb Code     0  startup_stm32f407xx.o(.text)
    DMA2_Stream6_IRQHandler                  0x08000277   Thumb Code     0  startup_stm32f407xx.o(.text)
    DMA2_Stream7_IRQHandler                  0x08000277   Thumb Code     0  startup_stm32f407xx.o(.text)
    ETH_IRQHandler                           0x08000277   Thumb Code     0  startup_stm32f407xx.o(.text)
    ETH_WKUP_IRQHandler                      0x08000277   Thumb Code     0  startup_stm32f407xx.o(.text)
    EXTI0_IRQHandler                         0x08000277   Thumb Code     0  startup_stm32f407xx.o(.text)
    EXTI15_10_IRQHandler                     0x08000277   Thumb Code     0  startup_stm32f407xx.o(.text)
    EXTI1_IRQHandler                         0x08000277   Thumb Code     0  startup_stm32f407xx.o(.text)
    EXTI2_IRQHandler                         0x08000277   Thumb Code     0  startup_stm32f407xx.o(.text)
    EXTI3_IRQHandler                         0x08000277   Thumb Code     0  startup_stm32f407xx.o(.text)
    EXTI4_IRQHandler                         0x08000277   Thumb Code     0  startup_stm32f407xx.o(.text)
    FLASH_IRQHandler                         0x08000277   Thumb Code     0  startup_stm32f407xx.o(.text)
    FMC_IRQHandler                           0x08000277   Thumb Code     0  startup_stm32f407xx.o(.text)
    FPU_IRQHandler                           0x08000277   Thumb Code     0  startup_stm32f407xx.o(.text)
    HASH_RNG_IRQHandler                      0x08000277   Thumb Code     0  startup_stm32f407xx.o(.text)
    I2C1_ER_IRQHandler                       0x08000277   Thumb Code     0  startup_stm32f407xx.o(.text)
    I2C1_EV_IRQHandler                       0x08000277   Thumb Code     0  startup_stm32f407xx.o(.text)
    I2C2_ER_IRQHandler                       0x08000277   Thumb Code     0  startup_stm32f407xx.o(.text)
    I2C2_EV_IRQHandler                       0x08000277   Thumb Code     0  startup_stm32f407xx.o(.text)
    I2C3_ER_IRQHandler                       0x08000277   Thumb Code     0  startup_stm32f407xx.o(.text)
    I2C3_EV_IRQHandler                       0x08000277   Thumb Code     0  startup_stm32f407xx.o(.text)
    OTG_FS_IRQHandler                        0x08000277   Thumb Code     0  startup_stm32f407xx.o(.text)
    OTG_FS_WKUP_IRQHandler                   0x08000277   Thumb Code     0  startup_stm32f407xx.o(.text)
    OTG_HS_EP1_IN_IRQHandler                 0x08000277   Thumb Code     0  startup_stm32f407xx.o(.text)
    OTG_HS_EP1_OUT_IRQHandler                0x08000277   Thumb Code     0  startup_stm32f407xx.o(.text)
    OTG_HS_IRQHandler                        0x08000277   Thumb Code     0  startup_stm32f407xx.o(.text)
    OTG_HS_WKUP_IRQHandler                   0x08000277   Thumb Code     0  startup_stm32f407xx.o(.text)
    PVD_IRQHandler                           0x08000277   Thumb Code     0  startup_stm32f407xx.o(.text)
    RCC_IRQHandler                           0x08000277   Thumb Code     0  startup_stm32f407xx.o(.text)
    RTC_Alarm_IRQHandler                     0x08000277   Thumb Code     0  startup_stm32f407xx.o(.text)
    RTC_WKUP_IRQHandler                      0x08000277   Thumb Code     0  startup_stm32f407xx.o(.text)
    SDIO_IRQHandler                          0x08000277   Thumb Code     0  startup_stm32f407xx.o(.text)
    SPI1_IRQHandler                          0x08000277   Thumb Code     0  startup_stm32f407xx.o(.text)
    SPI2_IRQHandler                          0x08000277   Thumb Code     0  startup_stm32f407xx.o(.text)
    SPI3_IRQHandler                          0x08000277   Thumb Code     0  startup_stm32f407xx.o(.text)
    TAMP_STAMP_IRQHandler                    0x08000277   Thumb Code     0  startup_stm32f407xx.o(.text)
    TIM1_BRK_TIM9_IRQHandler                 0x08000277   Thumb Code     0  startup_stm32f407xx.o(.text)
    TIM1_CC_IRQHandler                       0x08000277   Thumb Code     0  startup_stm32f407xx.o(.text)
    TIM1_TRG_COM_TIM11_IRQHandler            0x08000277   Thumb Code     0  startup_stm32f407xx.o(.text)
    TIM1_UP_TIM10_IRQHandler                 0x08000277   Thumb Code     0  startup_stm32f407xx.o(.text)
    TIM4_IRQHandler                          0x08000277   Thumb Code     0  startup_stm32f407xx.o(.text)
    TIM5_IRQHandler                          0x08000277   Thumb Code     0  startup_stm32f407xx.o(.text)
    TIM6_DAC_IRQHandler                      0x08000277   Thumb Code     0  startup_stm32f407xx.o(.text)
    TIM7_IRQHandler                          0x08000277   Thumb Code     0  startup_stm32f407xx.o(.text)
    TIM8_BRK_TIM12_IRQHandler                0x08000277   Thumb Code     0  startup_stm32f407xx.o(.text)
    TIM8_CC_IRQHandler                       0x08000277   Thumb Code     0  startup_stm32f407xx.o(.text)
    TIM8_TRG_COM_TIM14_IRQHandler            0x08000277   Thumb Code     0  startup_stm32f407xx.o(.text)
    TIM8_UP_TIM13_IRQHandler                 0x08000277   Thumb Code     0  startup_stm32f407xx.o(.text)
    USART2_IRQHandler                        0x08000277   Thumb Code     0  startup_stm32f407xx.o(.text)
    USART3_IRQHandler                        0x08000277   Thumb Code     0  startup_stm32f407xx.o(.text)
    USART6_IRQHandler                        0x08000277   Thumb Code     0  startup_stm32f407xx.o(.text)
    WWDG_IRQHandler                          0x08000277   Thumb Code     0  startup_stm32f407xx.o(.text)
    __aeabi_uldivmod                         0x08000281   Thumb Code    98  uldiv.o(.text)
    __aeabi_memcpy                           0x080002e3   Thumb Code    36  memcpya.o(.text)
    __aeabi_memcpy4                          0x080002e3   Thumb Code     0  memcpya.o(.text)
    __aeabi_memcpy8                          0x080002e3   Thumb Code     0  memcpya.o(.text)
    __aeabi_memset                           0x08000307   Thumb Code    14  memseta.o(.text)
    __aeabi_memset4                          0x08000307   Thumb Code     0  memseta.o(.text)
    __aeabi_memset8                          0x08000307   Thumb Code     0  memseta.o(.text)
    __aeabi_memclr                           0x08000315   Thumb Code     4  memseta.o(.text)
    __aeabi_memclr4                          0x08000315   Thumb Code     0  memseta.o(.text)
    __aeabi_memclr8                          0x08000315   Thumb Code     0  memseta.o(.text)
    memset                                   0x08000319   Thumb Code    18  memseta.o(.text)
    __aeabi_f2d                              0x0800032b   Thumb Code    38  f2d.o(.text)
    __aeabi_d2f                              0x08000351   Thumb Code    56  d2f.o(.text)
    __aeabi_llsl                             0x08000389   Thumb Code    30  llshl.o(.text)
    _ll_shift_l                              0x08000389   Thumb Code     0  llshl.o(.text)
    __aeabi_llsr                             0x080003a7   Thumb Code    32  llushr.o(.text)
    _ll_ushift_r                             0x080003a7   Thumb Code     0  llushr.o(.text)
    __I$use$fp                               0x080003c7   Thumb Code     0  iusefp.o(.text)
    _float_round                             0x080003c7   Thumb Code    18  fepilogue.o(.text)
    _float_epilogue                          0x080003d9   Thumb Code    92  fepilogue.o(.text)
    _dsqrt                                   0x08000435   Thumb Code   162  dsqrt.o(.text)
    __scatterload                            0x080004d9   Thumb Code    28  init.o(.text)
    __scatterload_rt2                        0x080004d9   Thumb Code     0  init.o(.text)
    _double_round                            0x080004fd   Thumb Code    30  depilogue.o(.text)
    _double_epilogue                         0x0800051b   Thumb Code   156  depilogue.o(.text)
    __aeabi_dadd                             0x080005b7   Thumb Code   322  dadd.o(.text)
    __aeabi_dsub                             0x080006f9   Thumb Code     6  dadd.o(.text)
    __aeabi_drsub                            0x080006ff   Thumb Code     6  dadd.o(.text)
    __aeabi_dmul                             0x08000705   Thumb Code   228  dmul.o(.text)
    __aeabi_ddiv                             0x080007e9   Thumb Code   222  ddiv.o(.text)
    __aeabi_i2d                              0x080008c7   Thumb Code    34  dflti.o(.text)
    __aeabi_ui2d                             0x080008e9   Thumb Code    26  dfltui.o(.text)
    __aeabi_d2iz                             0x08000903   Thumb Code    62  dfixi.o(.text)
    __aeabi_lasr                             0x08000941   Thumb Code    36  llsshr.o(.text)
    _ll_sshift_r                             0x08000941   Thumb Code     0  llsshr.o(.text)
    __decompress                             0x08000965   Thumb Code     0  __dczerorl.o(.text)
    __decompress0                            0x08000965   Thumb Code    58  __dczerorl.o(.text)
    BusFault_Handler                         0x0800099f   Thumb Code     2  stm32f4xx_it.o(i.BusFault_Handler)
    CAN1_RX0_IRQHandler                      0x080009a1   Thumb Code     6  stm32f4xx_it.o(i.CAN1_RX0_IRQHandler)
    CAN1_RX1_IRQHandler                      0x080009ad   Thumb Code     6  stm32f4xx_it.o(i.CAN1_RX1_IRQHandler)
    CAN1_SCE_IRQHandler                      0x080009b9   Thumb Code     6  stm32f4xx_it.o(i.CAN1_SCE_IRQHandler)
    CAN1_TX_IRQHandler                       0x080009c5   Thumb Code     6  stm32f4xx_it.o(i.CAN1_TX_IRQHandler)
    CAN2_RX0_IRQHandler                      0x080009d1   Thumb Code     6  stm32f4xx_it.o(i.CAN2_RX0_IRQHandler)
    CAN2_RX1_IRQHandler                      0x080009dd   Thumb Code     6  stm32f4xx_it.o(i.CAN2_RX1_IRQHandler)
    CAN2_SCE_IRQHandler                      0x080009e9   Thumb Code     6  stm32f4xx_it.o(i.CAN2_SCE_IRQHandler)
    CAN2_TX_IRQHandler                       0x080009f5   Thumb Code     6  stm32f4xx_it.o(i.CAN2_TX_IRQHandler)
    DebugMon_Handler                         0x08000a01   Thumb Code     2  stm32f4xx_it.o(i.DebugMon_Handler)
    EXTI9_5_IRQHandler                       0x08000a03   Thumb Code     6  stm32f4xx_it.o(i.EXTI9_5_IRQHandler)
    Error_Handler                            0x08000a09   Thumb Code     4  main.o(i.Error_Handler)
    Free_Control                             0x08000a0d   Thumb Code   274  air_joy.o(i.Free_Control)
    HAL_CAN_ActivateNotification             0x08000b35   Thumb Code    36  stm32f4xx_hal_can.o(i.HAL_CAN_ActivateNotification)
    HAL_CAN_AddTxMessage                     0x08000b59   Thumb Code   200  stm32f4xx_hal_can.o(i.HAL_CAN_AddTxMessage)
    HAL_CAN_ConfigFilter                     0x08000c21   Thumb Code   262  stm32f4xx_hal_can.o(i.HAL_CAN_ConfigFilter)
    HAL_CAN_ErrorCallback                    0x08000d2d   Thumb Code     2  stm32f4xx_hal_can.o(i.HAL_CAN_ErrorCallback)
    HAL_CAN_GetRxMessage                     0x08000d2f   Thumb Code   232  stm32f4xx_hal_can.o(i.HAL_CAN_GetRxMessage)
    HAL_CAN_GetTxMailboxesFreeLevel          0x08000e17   Thumb Code    44  stm32f4xx_hal_can.o(i.HAL_CAN_GetTxMailboxesFreeLevel)
    HAL_CAN_IRQHandler                       0x08000e43   Thumb Code   508  stm32f4xx_hal_can.o(i.HAL_CAN_IRQHandler)
    HAL_CAN_Init                             0x0800103f   Thumb Code   282  stm32f4xx_hal_can.o(i.HAL_CAN_Init)
    HAL_CAN_MspInit                          0x08001159   Thumb Code   324  can.o(i.HAL_CAN_MspInit)
    HAL_CAN_RxFifo0FullCallback              0x080012b5   Thumb Code     2  stm32f4xx_hal_can.o(i.HAL_CAN_RxFifo0FullCallback)
    HAL_CAN_RxFifo0MsgPendingCallback        0x080012b9   Thumb Code   108  user_can_init.o(i.HAL_CAN_RxFifo0MsgPendingCallback)
    HAL_CAN_RxFifo1FullCallback              0x08001335   Thumb Code     2  stm32f4xx_hal_can.o(i.HAL_CAN_RxFifo1FullCallback)
    HAL_CAN_RxFifo1MsgPendingCallback        0x08001337   Thumb Code     2  stm32f4xx_hal_can.o(i.HAL_CAN_RxFifo1MsgPendingCallback)
    HAL_CAN_SleepCallback                    0x08001339   Thumb Code     2  stm32f4xx_hal_can.o(i.HAL_CAN_SleepCallback)
    HAL_CAN_Start                            0x0800133b   Thumb Code    86  stm32f4xx_hal_can.o(i.HAL_CAN_Start)
    HAL_CAN_TxMailbox0AbortCallback          0x08001391   Thumb Code     2  stm32f4xx_hal_can.o(i.HAL_CAN_TxMailbox0AbortCallback)
    HAL_CAN_TxMailbox0CompleteCallback       0x08001393   Thumb Code     2  stm32f4xx_hal_can.o(i.HAL_CAN_TxMailbox0CompleteCallback)
    HAL_CAN_TxMailbox1AbortCallback          0x08001395   Thumb Code     2  stm32f4xx_hal_can.o(i.HAL_CAN_TxMailbox1AbortCallback)
    HAL_CAN_TxMailbox1CompleteCallback       0x08001397   Thumb Code     2  stm32f4xx_hal_can.o(i.HAL_CAN_TxMailbox1CompleteCallback)
    HAL_CAN_TxMailbox2AbortCallback          0x08001399   Thumb Code     2  stm32f4xx_hal_can.o(i.HAL_CAN_TxMailbox2AbortCallback)
    HAL_CAN_TxMailbox2CompleteCallback       0x0800139b   Thumb Code     2  stm32f4xx_hal_can.o(i.HAL_CAN_TxMailbox2CompleteCallback)
    HAL_CAN_WakeUpFromRxMsgCallback          0x0800139d   Thumb Code     2  stm32f4xx_hal_can.o(i.HAL_CAN_WakeUpFromRxMsgCallback)
    HAL_DMA_Abort                            0x0800139f   Thumb Code   146  stm32f4xx_hal_dma.o(i.HAL_DMA_Abort)
    HAL_DMA_Abort_IT                         0x08001431   Thumb Code    36  stm32f4xx_hal_dma.o(i.HAL_DMA_Abort_IT)
    HAL_DMA_GetError                         0x08001455   Thumb Code     4  stm32f4xx_hal_dma.o(i.HAL_DMA_GetError)
    HAL_Delay                                0x08001459   Thumb Code    32  stm32f4xx_hal.o(i.HAL_Delay)
    HAL_GPIO_DeInit                          0x0800147d   Thumb Code   246  stm32f4xx_hal_gpio.o(i.HAL_GPIO_DeInit)
    HAL_GPIO_EXTI_Callback                   0x0800159d   Thumb Code   124  air_joy.o(i.HAL_GPIO_EXTI_Callback)
    HAL_GPIO_EXTI_IRQHandler                 0x08001621   Thumb Code    18  stm32f4xx_hal_gpio.o(i.HAL_GPIO_EXTI_IRQHandler)
    HAL_GPIO_Init                            0x08001639   Thumb Code   418  stm32f4xx_hal_gpio.o(i.HAL_GPIO_Init)
    HAL_GPIO_WritePin                        0x08001809   Thumb Code    10  stm32f4xx_hal_gpio.o(i.HAL_GPIO_WritePin)
    HAL_GetTick                              0x08001815   Thumb Code     6  stm32f4xx_hal.o(i.HAL_GetTick)
    HAL_IncTick                              0x08001821   Thumb Code    12  stm32f4xx_hal.o(i.HAL_IncTick)
    HAL_Init                                 0x08001831   Thumb Code    48  stm32f4xx_hal.o(i.HAL_Init)
    HAL_InitTick                             0x08001865   Thumb Code   132  stm32f4xx_hal_timebase_tim.o(i.HAL_InitTick)
    HAL_MspInit                              0x080018fd   Thumb Code    52  stm32f4xx_hal_msp.o(i.HAL_MspInit)
    HAL_NVIC_DisableIRQ                      0x08001935   Thumb Code    34  stm32f4xx_hal_cortex.o(i.HAL_NVIC_DisableIRQ)
    HAL_NVIC_EnableIRQ                       0x08001957   Thumb Code    26  stm32f4xx_hal_cortex.o(i.HAL_NVIC_EnableIRQ)
    HAL_NVIC_SetPriority                     0x08001971   Thumb Code    60  stm32f4xx_hal_cortex.o(i.HAL_NVIC_SetPriority)
    HAL_NVIC_SetPriorityGrouping             0x080019b1   Thumb Code    26  stm32f4xx_hal_cortex.o(i.HAL_NVIC_SetPriorityGrouping)
    HAL_RCC_ClockConfig                      0x080019d5   Thumb Code   288  stm32f4xx_hal_rcc.o(i.HAL_RCC_ClockConfig)
    HAL_RCC_GetClockConfig                   0x08001b09   Thumb Code    54  stm32f4xx_hal_rcc.o(i.HAL_RCC_GetClockConfig)
    HAL_RCC_GetPCLK1Freq                     0x08001b49   Thumb Code    20  stm32f4xx_hal_rcc.o(i.HAL_RCC_GetPCLK1Freq)
    HAL_RCC_GetPCLK2Freq                     0x08001b69   Thumb Code    20  stm32f4xx_hal_rcc.o(i.HAL_RCC_GetPCLK2Freq)
    HAL_RCC_GetSysClockFreq                  0x08001b89   Thumb Code    88  stm32f4xx_hal_rcc.o(i.HAL_RCC_GetSysClockFreq)
    HAL_RCC_OscConfig                        0x08001be9   Thumb Code   836  stm32f4xx_hal_rcc.o(i.HAL_RCC_OscConfig)
    HAL_TIMEx_BreakCallback                  0x08001f41   Thumb Code     2  stm32f4xx_hal_tim_ex.o(i.HAL_TIMEx_BreakCallback)
    HAL_TIMEx_CommutCallback                 0x08001f43   Thumb Code     2  stm32f4xx_hal_tim_ex.o(i.HAL_TIMEx_CommutCallback)
    HAL_TIMEx_MasterConfigSynchronization    0x08001f45   Thumb Code   116  stm32f4xx_hal_tim_ex.o(i.HAL_TIMEx_MasterConfigSynchronization)
    HAL_TIM_Base_Init                        0x08001fd5   Thumb Code    90  stm32f4xx_hal_tim.o(i.HAL_TIM_Base_Init)
    HAL_TIM_Base_MspInit                     0x08002031   Thumb Code   140  tim.o(i.HAL_TIM_Base_MspInit)
    HAL_TIM_Base_Start_IT                    0x080020d1   Thumb Code   100  stm32f4xx_hal_tim.o(i.HAL_TIM_Base_Start_IT)
    HAL_TIM_ConfigClockSource                0x08002151   Thumb Code   220  stm32f4xx_hal_tim.o(i.HAL_TIM_ConfigClockSource)
    HAL_TIM_IC_CaptureCallback               0x0800222d   Thumb Code     2  stm32f4xx_hal_tim.o(i.HAL_TIM_IC_CaptureCallback)
    HAL_TIM_IRQHandler                       0x0800222f   Thumb Code   358  stm32f4xx_hal_tim.o(i.HAL_TIM_IRQHandler)
    HAL_TIM_MspPostInit                      0x08002395   Thumb Code   158  tim.o(i.HAL_TIM_MspPostInit)
    HAL_TIM_OC_DelayElapsedCallback          0x08002451   Thumb Code     2  stm32f4xx_hal_tim.o(i.HAL_TIM_OC_DelayElapsedCallback)
    HAL_TIM_PWM_ConfigChannel                0x08002453   Thumb Code   204  stm32f4xx_hal_tim.o(i.HAL_TIM_PWM_ConfigChannel)
    HAL_TIM_PWM_Init                         0x0800251f   Thumb Code    90  stm32f4xx_hal_tim.o(i.HAL_TIM_PWM_Init)
    HAL_TIM_PWM_MspInit                      0x08002579   Thumb Code     2  stm32f4xx_hal_tim.o(i.HAL_TIM_PWM_MspInit)
    HAL_TIM_PWM_PulseFinishedCallback        0x0800257b   Thumb Code     2  stm32f4xx_hal_tim.o(i.HAL_TIM_PWM_PulseFinishedCallback)
    HAL_TIM_PWM_Start                        0x0800257d   Thumb Code   178  stm32f4xx_hal_tim.o(i.HAL_TIM_PWM_Start)
    HAL_TIM_PeriodElapsedCallback            0x0800264d   Thumb Code    98  main.o(i.HAL_TIM_PeriodElapsedCallback)
    HAL_TIM_TriggerCallback                  0x080026c5   Thumb Code     2  stm32f4xx_hal_tim.o(i.HAL_TIM_TriggerCallback)
    HAL_UARTEx_RxEventCallback               0x080026c7   Thumb Code     2  stm32f4xx_hal_uart.o(i.HAL_UARTEx_RxEventCallback)
    HAL_UART_AbortReceive                    0x080026c9   Thumb Code   148  stm32f4xx_hal_uart.o(i.HAL_UART_AbortReceive)
    HAL_UART_ErrorCallback                   0x0800275d   Thumb Code     2  stm32f4xx_hal_uart.o(i.HAL_UART_ErrorCallback)
    HAL_UART_IRQHandler                      0x08002761   Thumb Code   610  stm32f4xx_hal_uart.o(i.HAL_UART_IRQHandler)
    HAL_UART_Init                            0x080029c9   Thumb Code    98  stm32f4xx_hal_uart.o(i.HAL_UART_Init)
    HAL_UART_MspDeInit                       0x08002a2d   Thumb Code   106  usart.o(i.HAL_UART_MspDeInit)
    HAL_UART_MspInit                         0x08002ab5   Thumb Code   304  usart.o(i.HAL_UART_MspInit)
    HAL_UART_Receive_IT                      0x08002c01   Thumb Code    42  stm32f4xx_hal_uart.o(i.HAL_UART_Receive_IT)
    HAL_UART_RxCpltCallback                  0x08002c2d   Thumb Code    68  communication.o(i.HAL_UART_RxCpltCallback)
    HAL_UART_TxCpltCallback                  0x08002c85   Thumb Code     2  stm32f4xx_hal_uart.o(i.HAL_UART_TxCpltCallback)
    HaoYing_U8_Init                          0x08002c89   Thumb Code    60  haoying_u8.o(i.HaoYing_U8_Init)
    HardFault_Handler                        0x08002cd1   Thumb Code     2  stm32f4xx_it.o(i.HardFault_Handler)
    Homeing_Mode                             0x08002cd5   Thumb Code    76  motor_drive.o(i.Homeing_Mode)
    M3508_Send_Currents                      0x08002d29   Thumb Code   252  rm_motor.o(i.M3508_Send_Currents)
    MX_CAN1_Init                             0x08002e2d   Thumb Code    62  can.o(i.MX_CAN1_Init)
    MX_CAN2_Init                             0x08002e75   Thumb Code    62  can.o(i.MX_CAN2_Init)
    MX_FREERTOS_Init                         0x08002ebd   Thumb Code    70  freertos.o(i.MX_FREERTOS_Init)
    MX_GPIO_Init                             0x08002f1d   Thumb Code   172  gpio.o(i.MX_GPIO_Init)
    MX_TIM10_Init                            0x08002fd1   Thumb Code    96  tim.o(i.MX_TIM10_Init)
    MX_TIM13_Init                            0x08003039   Thumb Code    96  tim.o(i.MX_TIM13_Init)
    MX_TIM14_Init                            0x080030a1   Thumb Code    96  tim.o(i.MX_TIM14_Init)
    MX_TIM2_Init                             0x08003109   Thumb Code    98  tim.o(i.MX_TIM2_Init)
    MX_TIM9_Init                             0x08003171   Thumb Code   124  tim.o(i.MX_TIM9_Init)
    MX_UART4_Init                            0x080031f5   Thumb Code    48  usart.o(i.MX_UART4_Init)
    MX_UART5_Init                            0x0800322d   Thumb Code    48  usart.o(i.MX_UART5_Init)
    MX_USART1_UART_Init                      0x08003265   Thumb Code    48  usart.o(i.MX_USART1_UART_Init)
    Max_Value_Limit                          0x0800329d   Thumb Code    34  motor_drive.o(i.Max_Value_Limit)
    MemManage_Handler                        0x080032bf   Thumb Code     2  stm32f4xx_it.o(i.MemManage_Handler)
    Motor_Control                            0x080032c1   Thumb Code   602  motor_drive.o(i.Motor_Control)
    Motor_Control_Function                   0x08003535   Thumb Code    16  freertos.o(i.Motor_Control_Function)
    Motor_Type_Init                          0x08003545   Thumb Code    38  config.o(i.Motor_Type_Init)
    NMI_Handler                              0x08003571   Thumb Code     2  stm32f4xx_it.o(i.NMI_Handler)
    PID_Abs_Limit                            0x08003573   Thumb Code    34  pid.o(i.PID_Abs_Limit)
    PID_Incremental_PID_Calculation          0x08003595   Thumb Code   180  pid.o(i.PID_Incremental_PID_Calculation)
    PID_Parameter_Init                       0x0800364d   Thumb Code    54  pid.o(i.PID_Parameter_Init)
    PID_Position_Calculate                   0x08003689   Thumb Code   180  pid.o(i.PID_Position_Calculate)
    Pid_Init_All                             0x08003741   Thumb Code   398  config.o(i.Pid_Init_All)
    Position_Control                         0x08003919   Thumb Code    78  motor_drive.o(i.Position_Control)
    RM_MOTOR_Angle_Integral                  0x0800396d   Thumb Code   214  rm_motor.o(i.RM_MOTOR_Angle_Integral)
    ROS_32_Serial_Function                   0x08003a59   Thumb Code    52  freertos.o(i.ROS_32_Serial_Function)
    Robot_Control_Mode                       0x08003a91   Thumb Code   322  fsm.o(i.Robot_Control_Mode)
    Robot_Wheels_Adjust                      0x08003c41   Thumb Code    14  chassis.o(i.Robot_Wheels_Adjust)
    Robot_Wheels_RPM_calculate               0x08003c51   Thumb Code   314  chassis.o(i.Robot_Wheels_RPM_calculate)
    Robot_stop                               0x08003db1   Thumb Code    36  fsm.o(i.Robot_stop)
    STM32_READ_FROM_ROS_FLOAT                0x08003dd9   Thumb Code   316  communication.o(i.STM32_READ_FROM_ROS_FLOAT)
    Speed_Control                            0x08003f4d   Thumb Code    18  motor_drive.o(i.Speed_Control)
    StartDefaultTask                         0x08003f61   Thumb Code    42  freertos.o(i.StartDefaultTask)
    SysTick_Handler                          0x08003fd1   Thumb Code    26  cmsis_os2.o(i.SysTick_Handler)
    SystemClock_Config                       0x08003fed   Thumb Code   138  main.o(i.SystemClock_Config)
    SystemInit                               0x08004081   Thumb Code    12  system_stm32f4xx.o(i.SystemInit)
    TIM2_IRQHandler                          0x08004091   Thumb Code     6  stm32f4xx_it.o(i.TIM2_IRQHandler)
    TIM3_IRQHandler                          0x0800409d   Thumb Code     6  stm32f4xx_it.o(i.TIM3_IRQHandler)
    TIM_Base_SetConfig                       0x080040a9   Thumb Code   156  stm32f4xx_hal_tim.o(i.TIM_Base_SetConfig)
    TIM_CCxChannelCmd                        0x08004171   Thumb Code    26  stm32f4xx_hal_tim.o(i.TIM_CCxChannelCmd)
    TIM_ETR_SetConfig                        0x0800418b   Thumb Code    20  stm32f4xx_hal_tim.o(i.TIM_ETR_SetConfig)
    TIM_OC2_SetConfig                        0x08004211   Thumb Code    98  stm32f4xx_hal_tim.o(i.TIM_OC2_SetConfig)
    U8_and_VESC_Function                     0x0800437d   Thumb Code    36  freertos.o(i.U8_and_VESC_Function)
    UART4_IRQHandler                         0x080043a5   Thumb Code     6  stm32f4xx_it.o(i.UART4_IRQHandler)
    UART5_IRQHandler                         0x080043b1   Thumb Code     6  stm32f4xx_it.o(i.UART5_IRQHandler)
    UART_Start_Receive_IT                    0x080045e9   Thumb Code    58  stm32f4xx_hal_uart.o(i.UART_Start_Receive_IT)
    USART1_IRQHandler                        0x08004625   Thumb Code     6  stm32f4xx_it.o(i.USART1_IRQHandler)
    USART_Send_String                        0x08004631   Thumb Code    34  communication.o(i.USART_Send_String)
    Update_Action_gl_position                0x08004659   Thumb Code   114  action.o(i.Update_Action_gl_position)
    UsageFault_Handler                       0x080046d5   Thumb Code     2  stm32f4xx_it.o(i.UsageFault_Handler)
    Usart_Send_Data                          0x080046d9   Thumb Code   230  communication.o(i.Usart_Send_Data)
    User_Open_Can1                           0x080047cd   Thumb Code    90  user_can_init.o(i.User_Open_Can1)
    User_Open_Can2                           0x0800482d   Thumb Code    92  user_can_init.o(i.User_Open_Can2)
    VESC_Control                             0x0800488d   Thumb Code    72  motor_drive.o(i.VESC_Control)
    VESC_Init                                0x080048d5   Thumb Code    42  config.o(i.VESC_Init)
    Velocity_Planning_MODE                   0x08004905   Thumb Code   494  motor_drive.o(i.Velocity_Planning_MODE)
    __ARM_fpclassify                         0x08004afd   Thumb Code    48  fpclassify.o(i.__ARM_fpclassify)
    __hardfp_cos                             0x08004b51   Thumb Code   180  cos.o(i.__hardfp_cos)
    __hardfp_sin                             0x08004c19   Thumb Code   180  sin.o(i.__hardfp_sin)
    __hardfp_sqrt                            0x08004ce1   Thumb Code   122  sqrt.o(i.__hardfp_sqrt)
    __ieee754_rem_pio2                       0x08004d61   Thumb Code   938  rred.o(i.__ieee754_rem_pio2)
    __kernel_cos                             0x08005199   Thumb Code   322  cos_i.o(i.__kernel_cos)
    __kernel_poly                            0x08005309   Thumb Code   248  poly.o(i.__kernel_poly)
    __kernel_sin                             0x08005401   Thumb Code   280  sin_i.o(i.__kernel_sin)
    __mathlib_dbl_infnan                     0x08005531   Thumb Code    20  dunder.o(i.__mathlib_dbl_infnan)
    __mathlib_dbl_invalid                    0x08005549   Thumb Code    24  dunder.o(i.__mathlib_dbl_invalid)
    __mathlib_dbl_underflow                  0x08005569   Thumb Code    24  dunder.o(i.__mathlib_dbl_underflow)
    __scatterload_copy                       0x08005589   Thumb Code    14  handlers.o(i.__scatterload_copy)
    __scatterload_null                       0x08005597   Thumb Code     2  handlers.o(i.__scatterload_null)
    __scatterload_zeroinit                   0x08005599   Thumb Code    14  handlers.o(i.__scatterload_zeroinit)
    __set_errno                              0x080055a9   Thumb Code     6  errno.o(i.__set_errno)
    action_data_analyse                      0x080055b5   Thumb Code   112  action.o(i.action_data_analyse)
    baffle_control                           0x08005631   Thumb Code   120  body_controllers.o(i.baffle_control)
    ball_filter                              0x080056c1   Thumb Code   314  body_controllers.o(i.ball_filter)
    buffer_append_int32                      0x08005815   Thumb Code    42  vesc_can.o(i.buffer_append_int32)
    buffer_get_int16                         0x0800583f   Thumb Code    16  vesc_can.o(i.buffer_get_int16)
    buffer_get_int32                         0x0800584f   Thumb Code    24  vesc_can.o(i.buffer_get_int32)
    buffer_get_uint32                        0x08005867   Thumb Code    24  vesc_can.o(i.buffer_get_uint32)
    can_get_data                             0x08005881   Thumb Code   218  vesc_can.o(i.can_get_data)
    comm_can_set_current                     0x08005969   Thumb Code    48  vesc_can.o(i.comm_can_set_current)
    comm_can_set_duty                        0x0800599d   Thumb Code    46  vesc_can.o(i.comm_can_set_duty)
    comm_can_set_pos                         0x080059d1   Thumb Code    48  vesc_can.o(i.comm_can_set_pos)
    comm_can_set_rpm                         0x08005a05   Thumb Code    40  vesc_can.o(i.comm_can_set_rpm)
    comm_can_transmit_eid                    0x08005a2d   Thumb Code    62  vesc_can.o(i.comm_can_transmit_eid)
    debug_safe_printf                        0x08005a71   Thumb Code     6  freertos.o(i.debug_safe_printf)
    fabs                                     0x08005a7d   Thumb Code    24  fabs.o(i.fabs)
    get_motor_measure                        0x08005a95   Thumb Code   366  rm_motor.o(i.get_motor_measure)
    main                                     0x08005c09   Thumb Code   116  main.o(i.main)
    osDelay                                  0x08005c8d   Thumb Code    26  cmsis_os2.o(i.osDelay)
    osKernelInitialize                       0x08005ca9   Thumb Code    32  cmsis_os2.o(i.osKernelInitialize)
    osKernelStart                            0x08005ccd   Thumb Code    48  cmsis_os2.o(i.osKernelStart)
    osMutexNew                               0x08005d05   Thumb Code   104  cmsis_os2.o(i.osMutexNew)
    osThreadNew                              0x08005d6d   Thumb Code   136  cmsis_os2.o(i.osThreadNew)
    pvPortMalloc                             0x08006595   Thumb Code   216  heap_4.o(i.pvPortMalloc)
    pxPortInitialiseStack                    0x08006671   Thumb Code    40  port.o(i.pxPortInitialiseStack)
    serial_get_crc8_value                    0x0800669d   Thumb Code    46  communication.o(i.serial_get_crc8_value)
    u8_speed_set                             0x080066cd   Thumb Code    62  haoying_u8.o(i.u8_speed_set)
    uxListRemove                             0x08006719   Thumb Code    38  list.o(i.uxListRemove)
    vApplicationGetIdleTaskMemory            0x08006741   Thumb Code    16  cmsis_os2.o(i.vApplicationGetIdleTaskMemory)
    vApplicationGetTimerTaskMemory           0x08006755   Thumb Code    18  cmsis_os2.o(i.vApplicationGetTimerTaskMemory)
    vListInitialise                          0x0800676d   Thumb Code    22  list.o(i.vListInitialise)
    vListInitialiseItem                      0x08006783   Thumb Code     6  list.o(i.vListInitialiseItem)
    vListInsert                              0x08006789   Thumb Code    48  list.o(i.vListInsert)
    vListInsertEnd                           0x080067b9   Thumb Code    24  list.o(i.vListInsertEnd)
    vPortEnterCritical                       0x080067d1   Thumb Code    54  port.o(i.vPortEnterCritical)
    vPortExitCritical                        0x08006811   Thumb Code    34  port.o(i.vPortExitCritical)
    vPortFree                                0x08006839   Thumb Code    94  heap_4.o(i.vPortFree)
    vPortSetupTimerInterrupt                 0x0800689d   Thumb Code    32  port.o(i.vPortSetupTimerInterrupt)
    vPortValidateInterruptPriority           0x080068c1   Thumb Code    74  port.o(i.vPortValidateInterruptPriority)
    vQueueAddToRegistry                      0x08006915   Thumb Code    32  queue.o(i.vQueueAddToRegistry)
    vQueueWaitForMessageRestricted           0x08006939   Thumb Code    68  queue.o(i.vQueueWaitForMessageRestricted)
    vTaskDelay                               0x0800697d   Thumb Code    66  tasks.o(i.vTaskDelay)
    vTaskInternalSetTimeOutState             0x080069c9   Thumb Code    12  tasks.o(i.vTaskInternalSetTimeOutState)
    vTaskMissedYield                         0x080069d9   Thumb Code     8  tasks.o(i.vTaskMissedYield)
    vTaskPlaceOnEventList                    0x080069e5   Thumb Code    44  tasks.o(i.vTaskPlaceOnEventList)
    vTaskPlaceOnEventListRestricted          0x08006a15   Thumb Code    52  tasks.o(i.vTaskPlaceOnEventListRestricted)
    vTaskStartScheduler                      0x08006a4d   Thumb Code   116  tasks.o(i.vTaskStartScheduler)
    vTaskSuspendAll                          0x08006ad1   Thumb Code    10  tasks.o(i.vTaskSuspendAll)
    vTaskSwitchContext                       0x08006ae1   Thumb Code    90  tasks.o(i.vTaskSwitchContext)
    xPortStartScheduler                      0x08006b45   Thumb Code   224  port.o(i.xPortStartScheduler)
    xPortSysTickHandler                      0x08006c39   Thumb Code    38  port.o(i.xPortSysTickHandler)
    xQueueCreateMutex                        0x08006c65   Thumb Code    22  queue.o(i.xQueueCreateMutex)
    xQueueCreateMutexStatic                  0x08006c7b   Thumb Code    26  queue.o(i.xQueueCreateMutexStatic)
    xQueueGenericCreate                      0x08006c95   Thumb Code    66  queue.o(i.xQueueGenericCreate)
    xQueueGenericCreateStatic                0x08006cd7   Thumb Code   102  queue.o(i.xQueueGenericCreateStatic)
    xQueueGenericReset                       0x08006d3d   Thumb Code   132  queue.o(i.xQueueGenericReset)
    xQueueGenericSend                        0x08006dc5   Thumb Code   350  queue.o(i.xQueueGenericSend)
    xQueueGenericSendFromISR                 0x08006f29   Thumb Code   190  queue.o(i.xQueueGenericSendFromISR)
    xQueueReceive                            0x08006fe9   Thumb Code   308  queue.o(i.xQueueReceive)
    xTaskCheckForTimeOut                     0x08007121   Thumb Code   112  tasks.o(i.xTaskCheckForTimeOut)
    xTaskCreate                              0x08007195   Thumb Code    90  tasks.o(i.xTaskCreate)
    xTaskCreateStatic                        0x080071ef   Thumb Code    90  tasks.o(i.xTaskCreateStatic)
    xTaskGetSchedulerState                   0x08007249   Thumb Code    22  tasks.o(i.xTaskGetSchedulerState)
    xTaskGetTickCount                        0x08007265   Thumb Code     6  tasks.o(i.xTaskGetTickCount)
    xTaskIncrementTick                       0x08007271   Thumb Code   192  tasks.o(i.xTaskIncrementTick)
    xTaskPriorityDisinherit                  0x08007339   Thumb Code   116  tasks.o(i.xTaskPriorityDisinherit)
    xTaskRemoveFromEventList                 0x080073b5   Thumb Code    98  tasks.o(i.xTaskRemoveFromEventList)
    xTaskResumeAll                           0x08007425   Thumb Code   180  tasks.o(i.xTaskResumeAll)
    xTimerCreateTimerTask                    0x080074e5   Thumb Code    78  timers.o(i.xTimerCreateTimerTask)
    xTimerGenericCommand                     0x08007545   Thumb Code    94  timers.o(i.xTimerGenericCommand)
    defaultTask_attributes                   0x080075a8   Data          36  freertos.o(.constdata)
    ROS_32_Serial_attributes                 0x080075cc   Data          36  freertos.o(.constdata)
    Motor_Control_attributes                 0x080075f0   Data          36  freertos.o(.constdata)
    U8_and_VESC_attributes                   0x08007614   Data          36  freertos.o(.constdata)
    safe_printf_attributes                   0x08007638   Data          16  freertos.o(.constdata)
    AHBPrescTable                            0x08007648   Data          16  system_stm32f4xx.o(.constdata)
    APBPrescTable                            0x08007658   Data           8  system_stm32f4xx.o(.constdata)
    serial_header                            0x08007660   Data           2  communication.o(.constdata)
    Region$$Table$$Base                      0x080077cc   Number         0  anon$$obj.o(Region$$Table)
    Region$$Table$$Limit                     0x080077ec   Number         0  anon$$obj.o(Region$$Table)
    defaultTaskHandle                        0x20000004   Data           4  freertos.o(.data)
    ROS_32_SerialHandle                      0x20000008   Data           4  freertos.o(.data)
    Motor_ControlHandle                      0x2000000c   Data           4  freertos.o(.data)
    U8_and_VESCHandle                        0x20000010   Data           4  freertos.o(.data)
    safe_printfHandle                        0x20000014   Data           4  freertos.o(.data)
    uwTickFreq                               0x20000018   Data           1  stm32f4xx_hal.o(.data)
    uwTickPrio                               0x2000001c   Data           4  stm32f4xx_hal.o(.data)
    uwTick                                   0x20000020   Data           4  stm32f4xx_hal.o(.data)
    SystemCoreClock                          0x20000024   Data           4  system_stm32f4xx.o(.data)
    pxCurrentTCB                             0x20000028   Data           4  tasks.o(.data)
    testRece4                                0x200000a8   Data           1  communication.o(.data)
    USART_Receiver1                          0x200000a9   Data           1  communication.o(.data)
    Stm32ToRos_RPM1                          0x200000b4   Data           2  communication.o(.data)
    Stm32ToRos_RPM2                          0x200000b6   Data           2  communication.o(.data)
    Stm32ToRos_RPM3                          0x200000b8   Data           2  communication.o(.data)
    Stm32ToRos_RPM4                          0x200000ba   Data           2  communication.o(.data)
    RosToStm32_CHASSIS_X                     0x200000c0   Data           4  communication.o(.data)
    RosToStm32_CHASSIS_Y                     0x200000c4   Data           4  communication.o(.data)
    RosToStm32_CHASSIS_W                     0x200000c8   Data           4  communication.o(.data)
    Stm32ToRos_RealAngl1                     0x200000cc   Data           4  communication.o(.data)
    Stm32ToRos_RealAngl2                     0x200000d0   Data           4  communication.o(.data)
    Stm32ToRos_RealAngl3                     0x200000d4   Data           4  communication.o(.data)
    Stm32ToRos_RealAngl4                     0x200000d8   Data           4  communication.o(.data)
    test_id                                  0x200000e0   Data           2  user_can_init.o(.data)
    RxData                                   0x200000e2   Data           8  user_can_init.o(.data)
    RxData2                                  0x200000ea   Data           8  user_can_init.o(.data)
    Time_Sys                                 0x200000f4   Data           8  air_joy.o(.data)
    Microsecond_Cnt                          0x200000fc   Data           2  air_joy.o(.data)
    ppm_update_flag                          0x20000100   Data           1  air_joy.o(.data)
    now_ppm_time_send                        0x20000108   Data           4  air_joy.o(.data)
    TIME_ISR_CNT                             0x2000010c   Data           4  air_joy.o(.data)
    LAST_TIME_ISR_CNT                        0x20000118   Data           4  air_joy.o(.data)
    hcan1                                    0x20000130   Data          40  can.o(.bss)
    hcan2                                    0x20000158   Data          40  can.o(.bss)
    htim2                                    0x20000180   Data          72  tim.o(.bss)
    htim9                                    0x200001c8   Data          72  tim.o(.bss)
    htim10                                   0x20000210   Data          72  tim.o(.bss)
    htim13                                   0x20000258   Data          72  tim.o(.bss)
    htim14                                   0x200002a0   Data          72  tim.o(.bss)
    huart4                                   0x200002e8   Data          68  usart.o(.bss)
    huart5                                   0x2000032c   Data          68  usart.o(.bss)
    huart1                                   0x20000370   Data          68  usart.o(.bss)
    htim3                                    0x200003b4   Data          72  stm32f4xx_hal_timebase_tim.o(.bss)
    xQueueRegistry                           0x200003fc   Data          64  queue.o(.bss)
    ROBOT_CHASSI                             0x20004cd0   Data          72  chassis.o(.bss)
    receivesend_buff                         0x20004d18   Data          19  communication.o(.bss)
    MOTO_REAL_INFO                           0x20004d2c   Data        1248  motor_drive.o(.bss)
    MOTOR_PID_RPM                            0x2000520c   Data         512  motor_drive.o(.bss)
    MOTOR_PID_POS                            0x2000540c   Data         512  motor_drive.o(.bss)
    VESC_MOTO_INFO                           0x2000560c   Data         144  motor_drive.o(.bss)
    PPM_Databuf                              0x200056b0   Data          20  air_joy.o(.bss)
    ACTION_GL_POS_DATA                       0x200056c4   Data          48  action.o(.bss)
    __initial_sp                             0x20005b10   Data           0  startup_stm32f407xx.o(STACK)



==============================================================================

Memory Map of the image

  Image Entry point : 0x08000189

  Load Region LR_IROM1 (Base: 0x08000000, Size: 0x0000791c, Max: 0x00100000, ABSOLUTE, COMPRESSED[0x00007804])

    Execution Region ER_IROM1 (Exec base: 0x08000000, Load base: 0x08000000, Size: 0x000077ec, Max: 0x00100000, ABSOLUTE)

    Exec Addr    Load Addr    Size         Type   Attr      Idx    E Section Name        Object

    0x08000000   0x08000000   0x00000188   Data   RO            3    RESET               startup_stm32f407xx.o
    0x08000188   0x08000188   0x00000000   Code   RO         6139  * .ARM.Collect$$$$00000000  mc_w.l(entry.o)
    0x08000188   0x08000188   0x00000004   Code   RO         6184    .ARM.Collect$$$$00000001  mc_w.l(entry2.o)
    0x0800018c   0x0800018c   0x00000004   Code   RO         6187    .ARM.Collect$$$$00000004  mc_w.l(entry5.o)
    0x08000190   0x08000190   0x00000000   Code   RO         6189    .ARM.Collect$$$$00000008  mc_w.l(entry7b.o)
    0x08000190   0x08000190   0x00000000   Code   RO         6191    .ARM.Collect$$$$0000000A  mc_w.l(entry8b.o)
    0x08000190   0x08000190   0x00000008   Code   RO         6192    .ARM.Collect$$$$0000000B  mc_w.l(entry9a.o)
    0x08000198   0x08000198   0x00000000   Code   RO         6194    .ARM.Collect$$$$0000000D  mc_w.l(entry10a.o)
    0x08000198   0x08000198   0x00000000   Code   RO         6196    .ARM.Collect$$$$0000000F  mc_w.l(entry11a.o)
    0x08000198   0x08000198   0x00000004   Code   RO         6185    .ARM.Collect$$$$00002712  mc_w.l(entry2.o)
    0x0800019c   0x0800019c   0x000000be   Code   RO         5284    .emb_text           port.o
    0x0800025a   0x0800025a   0x00000002   PAD
    0x0800025c   0x0800025c   0x00000024   Code   RO            4    .text               startup_stm32f407xx.o
    0x08000280   0x08000280   0x00000062   Code   RO         6142    .text               mc_w.l(uldiv.o)
    0x080002e2   0x080002e2   0x00000024   Code   RO         6144    .text               mc_w.l(memcpya.o)
    0x08000306   0x08000306   0x00000024   Code   RO         6148    .text               mc_w.l(memseta.o)
    0x0800032a   0x0800032a   0x00000026   Code   RO         6152    .text               mf_w.l(f2d.o)
    0x08000350   0x08000350   0x00000038   Code   RO         6154    .text               mf_w.l(d2f.o)
    0x08000388   0x08000388   0x0000001e   Code   RO         6198    .text               mc_w.l(llshl.o)
    0x080003a6   0x080003a6   0x00000020   Code   RO         6200    .text               mc_w.l(llushr.o)
    0x080003c6   0x080003c6   0x00000000   Code   RO         6209    .text               mc_w.l(iusefp.o)
    0x080003c6   0x080003c6   0x0000006e   Code   RO         6210    .text               mf_w.l(fepilogue.o)
    0x08000434   0x08000434   0x000000a2   Code   RO         6214    .text               mf_w.l(dsqrt.o)
    0x080004d6   0x080004d6   0x00000002   PAD
    0x080004d8   0x080004d8   0x00000024   Code   RO         6228    .text               mc_w.l(init.o)
    0x080004fc   0x080004fc   0x000000ba   Code   RO         6230    .text               mf_w.l(depilogue.o)
    0x080005b6   0x080005b6   0x0000014e   Code   RO         6232    .text               mf_w.l(dadd.o)
    0x08000704   0x08000704   0x000000e4   Code   RO         6234    .text               mf_w.l(dmul.o)
    0x080007e8   0x080007e8   0x000000de   Code   RO         6236    .text               mf_w.l(ddiv.o)
    0x080008c6   0x080008c6   0x00000022   Code   RO         6238    .text               mf_w.l(dflti.o)
    0x080008e8   0x080008e8   0x0000001a   Code   RO         6240    .text               mf_w.l(dfltui.o)
    0x08000902   0x08000902   0x0000003e   Code   RO         6242    .text               mf_w.l(dfixi.o)
    0x08000940   0x08000940   0x00000024   Code   RO         6244    .text               mc_w.l(llsshr.o)
    0x08000964   0x08000964   0x0000003a   Code   RO         6254    .text               mc_w.l(__dczerorl.o)
    0x0800099e   0x0800099e   0x00000002   Code   RO          545    i.BusFault_Handler  stm32f4xx_it.o
    0x080009a0   0x080009a0   0x0000000c   Code   RO          546    i.CAN1_RX0_IRQHandler  stm32f4xx_it.o
    0x080009ac   0x080009ac   0x0000000c   Code   RO          547    i.CAN1_RX1_IRQHandler  stm32f4xx_it.o
    0x080009b8   0x080009b8   0x0000000c   Code   RO          548    i.CAN1_SCE_IRQHandler  stm32f4xx_it.o
    0x080009c4   0x080009c4   0x0000000c   Code   RO          549    i.CAN1_TX_IRQHandler  stm32f4xx_it.o
    0x080009d0   0x080009d0   0x0000000c   Code   RO          550    i.CAN2_RX0_IRQHandler  stm32f4xx_it.o
    0x080009dc   0x080009dc   0x0000000c   Code   RO          551    i.CAN2_RX1_IRQHandler  stm32f4xx_it.o
    0x080009e8   0x080009e8   0x0000000c   Code   RO          552    i.CAN2_SCE_IRQHandler  stm32f4xx_it.o
    0x080009f4   0x080009f4   0x0000000c   Code   RO          553    i.CAN2_TX_IRQHandler  stm32f4xx_it.o
    0x08000a00   0x08000a00   0x00000002   Code   RO          554    i.DebugMon_Handler  stm32f4xx_it.o
    0x08000a02   0x08000a02   0x00000006   Code   RO          555    i.EXTI9_5_IRQHandler  stm32f4xx_it.o
    0x08000a08   0x08000a08   0x00000004   Code   RO           13    i.Error_Handler     main.o
    0x08000a0c   0x08000a0c   0x00000128   Code   RO         5952    i.Free_Control      air_joy.o
    0x08000b34   0x08000b34   0x00000024   Code   RO          841    i.HAL_CAN_ActivateNotification  stm32f4xx_hal_can.o
    0x08000b58   0x08000b58   0x000000c8   Code   RO          842    i.HAL_CAN_AddTxMessage  stm32f4xx_hal_can.o
    0x08000c20   0x08000c20   0x0000010c   Code   RO          843    i.HAL_CAN_ConfigFilter  stm32f4xx_hal_can.o
    0x08000d2c   0x08000d2c   0x00000002   Code   RO          846    i.HAL_CAN_ErrorCallback  stm32f4xx_hal_can.o
    0x08000d2e   0x08000d2e   0x000000e8   Code   RO          849    i.HAL_CAN_GetRxMessage  stm32f4xx_hal_can.o
    0x08000e16   0x08000e16   0x0000002c   Code   RO          851    i.HAL_CAN_GetTxMailboxesFreeLevel  stm32f4xx_hal_can.o
    0x08000e42   0x08000e42   0x000001fc   Code   RO          853    i.HAL_CAN_IRQHandler  stm32f4xx_hal_can.o
    0x0800103e   0x0800103e   0x0000011a   Code   RO          854    i.HAL_CAN_Init      stm32f4xx_hal_can.o
    0x08001158   0x08001158   0x0000015c   Code   RO          292    i.HAL_CAN_MspInit   can.o
    0x080012b4   0x080012b4   0x00000002   Code   RO          861    i.HAL_CAN_RxFifo0FullCallback  stm32f4xx_hal_can.o
    0x080012b6   0x080012b6   0x00000002   PAD
    0x080012b8   0x080012b8   0x0000007c   Code   RO         5690    i.HAL_CAN_RxFifo0MsgPendingCallback  user_can_init.o
    0x08001334   0x08001334   0x00000002   Code   RO          863    i.HAL_CAN_RxFifo1FullCallback  stm32f4xx_hal_can.o
    0x08001336   0x08001336   0x00000002   Code   RO          864    i.HAL_CAN_RxFifo1MsgPendingCallback  stm32f4xx_hal_can.o
    0x08001338   0x08001338   0x00000002   Code   RO          865    i.HAL_CAN_SleepCallback  stm32f4xx_hal_can.o
    0x0800133a   0x0800133a   0x00000056   Code   RO          866    i.HAL_CAN_Start     stm32f4xx_hal_can.o
    0x08001390   0x08001390   0x00000002   Code   RO          868    i.HAL_CAN_TxMailbox0AbortCallback  stm32f4xx_hal_can.o
    0x08001392   0x08001392   0x00000002   Code   RO          869    i.HAL_CAN_TxMailbox0CompleteCallback  stm32f4xx_hal_can.o
    0x08001394   0x08001394   0x00000002   Code   RO          870    i.HAL_CAN_TxMailbox1AbortCallback  stm32f4xx_hal_can.o
    0x08001396   0x08001396   0x00000002   Code   RO          871    i.HAL_CAN_TxMailbox1CompleteCallback  stm32f4xx_hal_can.o
    0x08001398   0x08001398   0x00000002   Code   RO          872    i.HAL_CAN_TxMailbox2AbortCallback  stm32f4xx_hal_can.o
    0x0800139a   0x0800139a   0x00000002   Code   RO          873    i.HAL_CAN_TxMailbox2CompleteCallback  stm32f4xx_hal_can.o
    0x0800139c   0x0800139c   0x00000002   Code   RO          875    i.HAL_CAN_WakeUpFromRxMsgCallback  stm32f4xx_hal_can.o
    0x0800139e   0x0800139e   0x00000092   Code   RO         1536    i.HAL_DMA_Abort     stm32f4xx_hal_dma.o
    0x08001430   0x08001430   0x00000024   Code   RO         1537    i.HAL_DMA_Abort_IT  stm32f4xx_hal_dma.o
    0x08001454   0x08001454   0x00000004   Code   RO         1539    i.HAL_DMA_GetError  stm32f4xx_hal_dma.o
    0x08001458   0x08001458   0x00000024   Code   RO         1955    i.HAL_Delay         stm32f4xx_hal.o
    0x0800147c   0x0800147c   0x00000120   Code   RO         1426    i.HAL_GPIO_DeInit   stm32f4xx_hal_gpio.o
    0x0800159c   0x0800159c   0x00000084   Code   RO         5953    i.HAL_GPIO_EXTI_Callback  air_joy.o
    0x08001620   0x08001620   0x00000018   Code   RO         1428    i.HAL_GPIO_EXTI_IRQHandler  stm32f4xx_hal_gpio.o
    0x08001638   0x08001638   0x000001d0   Code   RO         1429    i.HAL_GPIO_Init     stm32f4xx_hal_gpio.o
    0x08001808   0x08001808   0x0000000a   Code   RO         1433    i.HAL_GPIO_WritePin  stm32f4xx_hal_gpio.o
    0x08001812   0x08001812   0x00000002   PAD
    0x08001814   0x08001814   0x0000000c   Code   RO         1961    i.HAL_GetTick       stm32f4xx_hal.o
    0x08001820   0x08001820   0x00000010   Code   RO         1967    i.HAL_IncTick       stm32f4xx_hal.o
    0x08001830   0x08001830   0x00000034   Code   RO         1968    i.HAL_Init          stm32f4xx_hal.o
    0x08001864   0x08001864   0x00000098   Code   RO          711    i.HAL_InitTick      stm32f4xx_hal_timebase_tim.o
    0x080018fc   0x080018fc   0x00000038   Code   RO          687    i.HAL_MspInit       stm32f4xx_hal_msp.o
    0x08001934   0x08001934   0x00000022   Code   RO         1817    i.HAL_NVIC_DisableIRQ  stm32f4xx_hal_cortex.o
    0x08001956   0x08001956   0x0000001a   Code   RO         1818    i.HAL_NVIC_EnableIRQ  stm32f4xx_hal_cortex.o
    0x08001970   0x08001970   0x00000040   Code   RO         1824    i.HAL_NVIC_SetPriority  stm32f4xx_hal_cortex.o
    0x080019b0   0x080019b0   0x00000024   Code   RO         1825    i.HAL_NVIC_SetPriorityGrouping  stm32f4xx_hal_cortex.o
    0x080019d4   0x080019d4   0x00000134   Code   RO         1075    i.HAL_RCC_ClockConfig  stm32f4xx_hal_rcc.o
    0x08001b08   0x08001b08   0x00000040   Code   RO         1079    i.HAL_RCC_GetClockConfig  stm32f4xx_hal_rcc.o
    0x08001b48   0x08001b48   0x00000020   Code   RO         1082    i.HAL_RCC_GetPCLK1Freq  stm32f4xx_hal_rcc.o
    0x08001b68   0x08001b68   0x00000020   Code   RO         1083    i.HAL_RCC_GetPCLK2Freq  stm32f4xx_hal_rcc.o
    0x08001b88   0x08001b88   0x00000060   Code   RO         1084    i.HAL_RCC_GetSysClockFreq  stm32f4xx_hal_rcc.o
    0x08001be8   0x08001be8   0x00000358   Code   RO         1087    i.HAL_RCC_OscConfig  stm32f4xx_hal_rcc.o
    0x08001f40   0x08001f40   0x00000002   Code   RO         2912    i.HAL_TIMEx_BreakCallback  stm32f4xx_hal_tim_ex.o
    0x08001f42   0x08001f42   0x00000002   Code   RO         2913    i.HAL_TIMEx_CommutCallback  stm32f4xx_hal_tim_ex.o
    0x08001f44   0x08001f44   0x00000090   Code   RO         2931    i.HAL_TIMEx_MasterConfigSynchronization  stm32f4xx_hal_tim_ex.o
    0x08001fd4   0x08001fd4   0x0000005a   Code   RO         2208    i.HAL_TIM_Base_Init  stm32f4xx_hal_tim.o
    0x0800202e   0x0800202e   0x00000002   PAD
    0x08002030   0x08002030   0x000000a0   Code   RO          408    i.HAL_TIM_Base_MspInit  tim.o
    0x080020d0   0x080020d0   0x00000080   Code   RO         2213    i.HAL_TIM_Base_Start_IT  stm32f4xx_hal_tim.o
    0x08002150   0x08002150   0x000000dc   Code   RO         2217    i.HAL_TIM_ConfigClockSource  stm32f4xx_hal_tim.o
    0x0800222c   0x0800222c   0x00000002   Code   RO         2242    i.HAL_TIM_IC_CaptureCallback  stm32f4xx_hal_tim.o
    0x0800222e   0x0800222e   0x00000166   Code   RO         2256    i.HAL_TIM_IRQHandler  stm32f4xx_hal_tim.o
    0x08002394   0x08002394   0x000000bc   Code   RO          409    i.HAL_TIM_MspPostInit  tim.o
    0x08002450   0x08002450   0x00000002   Code   RO         2259    i.HAL_TIM_OC_DelayElapsedCallback  stm32f4xx_hal_tim.o
    0x08002452   0x08002452   0x000000cc   Code   RO         2280    i.HAL_TIM_PWM_ConfigChannel  stm32f4xx_hal_tim.o
    0x0800251e   0x0800251e   0x0000005a   Code   RO         2283    i.HAL_TIM_PWM_Init  stm32f4xx_hal_tim.o
    0x08002578   0x08002578   0x00000002   Code   RO         2285    i.HAL_TIM_PWM_MspInit  stm32f4xx_hal_tim.o
    0x0800257a   0x0800257a   0x00000002   Code   RO         2286    i.HAL_TIM_PWM_PulseFinishedCallback  stm32f4xx_hal_tim.o
    0x0800257c   0x0800257c   0x000000d0   Code   RO         2288    i.HAL_TIM_PWM_Start  stm32f4xx_hal_tim.o
    0x0800264c   0x0800264c   0x00000078   Code   RO           14    i.HAL_TIM_PeriodElapsedCallback  main.o
    0x080026c4   0x080026c4   0x00000002   Code   RO         2299    i.HAL_TIM_TriggerCallback  stm32f4xx_hal_tim.o
    0x080026c6   0x080026c6   0x00000002   Code   RO         3190    i.HAL_UARTEx_RxEventCallback  stm32f4xx_hal_uart.o
    0x080026c8   0x080026c8   0x00000094   Code   RO         3193    i.HAL_UART_AbortReceive  stm32f4xx_hal_uart.o
    0x0800275c   0x0800275c   0x00000002   Code   RO         3204    i.HAL_UART_ErrorCallback  stm32f4xx_hal_uart.o
    0x0800275e   0x0800275e   0x00000002   PAD
    0x08002760   0x08002760   0x00000268   Code   RO         3207    i.HAL_UART_IRQHandler  stm32f4xx_hal_uart.o
    0x080029c8   0x080029c8   0x00000062   Code   RO         3208    i.HAL_UART_Init     stm32f4xx_hal_uart.o
    0x08002a2a   0x08002a2a   0x00000002   PAD
    0x08002a2c   0x08002a2c   0x00000088   Code   RO          479    i.HAL_UART_MspDeInit  usart.o
    0x08002ab4   0x08002ab4   0x0000014c   Code   RO          480    i.HAL_UART_MspInit  usart.o
    0x08002c00   0x08002c00   0x0000002a   Code   RO         3213    i.HAL_UART_Receive_IT  stm32f4xx_hal_uart.o
    0x08002c2a   0x08002c2a   0x00000002   PAD
    0x08002c2c   0x08002c2c   0x00000058   Code   RO         5401    i.HAL_UART_RxCpltCallback  communication.o
    0x08002c84   0x08002c84   0x00000002   Code   RO         3219    i.HAL_UART_TxCpltCallback  stm32f4xx_hal_uart.o
    0x08002c86   0x08002c86   0x00000002   PAD
    0x08002c88   0x08002c88   0x00000048   Code   RO         6030    i.HaoYing_U8_Init   haoying_u8.o
    0x08002cd0   0x08002cd0   0x00000002   Code   RO          556    i.HardFault_Handler  stm32f4xx_it.o
    0x08002cd2   0x08002cd2   0x00000002   PAD
    0x08002cd4   0x08002cd4   0x00000054   Code   RO         5503    i.Homeing_Mode      motor_drive.o
    0x08002d28   0x08002d28   0x00000104   Code   RO         5650    i.M3508_Send_Currents  rm_motor.o
    0x08002e2c   0x08002e2c   0x00000048   Code   RO          293    i.MX_CAN1_Init      can.o
    0x08002e74   0x08002e74   0x00000048   Code   RO          294    i.MX_CAN2_Init      can.o
    0x08002ebc   0x08002ebc   0x00000060   Code   RO          340    i.MX_FREERTOS_Init  freertos.o
    0x08002f1c   0x08002f1c   0x000000b4   Code   RO          267    i.MX_GPIO_Init      gpio.o
    0x08002fd0   0x08002fd0   0x00000068   Code   RO          410    i.MX_TIM10_Init     tim.o
    0x08003038   0x08003038   0x00000068   Code   RO          411    i.MX_TIM13_Init     tim.o
    0x080030a0   0x080030a0   0x00000068   Code   RO          412    i.MX_TIM14_Init     tim.o
    0x08003108   0x08003108   0x00000068   Code   RO          413    i.MX_TIM2_Init      tim.o
    0x08003170   0x08003170   0x00000084   Code   RO          414    i.MX_TIM9_Init      tim.o
    0x080031f4   0x080031f4   0x00000038   Code   RO          481    i.MX_UART4_Init     usart.o
    0x0800322c   0x0800322c   0x00000038   Code   RO          482    i.MX_UART5_Init     usart.o
    0x08003264   0x08003264   0x00000038   Code   RO          483    i.MX_USART1_UART_Init  usart.o
    0x0800329c   0x0800329c   0x00000022   Code   RO         5504    i.Max_Value_Limit   motor_drive.o
    0x080032be   0x080032be   0x00000002   Code   RO          557    i.MemManage_Handler  stm32f4xx_it.o
    0x080032c0   0x080032c0   0x00000274   Code   RO         5505    i.Motor_Control     motor_drive.o
    0x08003534   0x08003534   0x00000010   Code   RO          341    i.Motor_Control_Function  freertos.o
    0x08003544   0x08003544   0x0000002c   Code   RO         5464    i.Motor_Type_Init   config.o
    0x08003570   0x08003570   0x00000002   Code   RO          558    i.NMI_Handler       stm32f4xx_it.o
    0x08003572   0x08003572   0x00000022   Code   RO         5602    i.PID_Abs_Limit     pid.o
    0x08003594   0x08003594   0x000000b8   Code   RO         5603    i.PID_Incremental_PID_Calculation  pid.o
    0x0800364c   0x0800364c   0x0000003c   Code   RO         5604    i.PID_Parameter_Init  pid.o
    0x08003688   0x08003688   0x000000b8   Code   RO         5605    i.PID_Position_Calculate  pid.o
    0x08003740   0x08003740   0x000001d8   Code   RO         5465    i.Pid_Init_All      config.o
    0x08003918   0x08003918   0x00000054   Code   RO         5507    i.Position_Control  motor_drive.o
    0x0800396c   0x0800396c   0x000000ec   Code   RO         5651    i.RM_MOTOR_Angle_Integral  rm_motor.o
    0x08003a58   0x08003a58   0x00000038   Code   RO          342    i.ROS_32_Serial_Function  freertos.o
    0x08003a90   0x08003a90   0x000001b0   Code   RO         5729    i.Robot_Control_Mode  fsm.o
    0x08003c40   0x08003c40   0x0000000e   Code   RO         5364    i.Robot_Wheels_Adjust  chassis.o
    0x08003c4e   0x08003c4e   0x00000002   PAD
    0x08003c50   0x08003c50   0x00000160   Code   RO         5365    i.Robot_Wheels_RPM_calculate  chassis.o
    0x08003db0   0x08003db0   0x00000028   Code   RO         5730    i.Robot_stop        fsm.o
    0x08003dd8   0x08003dd8   0x00000174   Code   RO         5402    i.STM32_READ_FROM_ROS_FLOAT  communication.o
    0x08003f4c   0x08003f4c   0x00000012   Code   RO         5508    i.Speed_Control     motor_drive.o
    0x08003f5e   0x08003f5e   0x00000002   PAD
    0x08003f60   0x08003f60   0x00000070   Code   RO          343    i.StartDefaultTask  freertos.o
    0x08003fd0   0x08003fd0   0x0000001a   Code   RO         4712    i.SysTick_Handler   cmsis_os2.o
    0x08003fea   0x08003fea   0x00000002   PAD
    0x08003fec   0x08003fec   0x00000094   Code   RO           15    i.SystemClock_Config  main.o
    0x08004080   0x08004080   0x00000010   Code   RO         3537    i.SystemInit        system_stm32f4xx.o
    0x08004090   0x08004090   0x0000000c   Code   RO          559    i.TIM2_IRQHandler   stm32f4xx_it.o
    0x0800409c   0x0800409c   0x0000000c   Code   RO          560    i.TIM3_IRQHandler   stm32f4xx_it.o
    0x080040a8   0x080040a8   0x000000c8   Code   RO         2301    i.TIM_Base_SetConfig  stm32f4xx_hal_tim.o
    0x08004170   0x08004170   0x0000001a   Code   RO         2302    i.TIM_CCxChannelCmd  stm32f4xx_hal_tim.o
    0x0800418a   0x0800418a   0x00000014   Code   RO         2312    i.TIM_ETR_SetConfig  stm32f4xx_hal_tim.o
    0x0800419e   0x0800419e   0x00000010   Code   RO         2313    i.TIM_ITRx_SetConfig  stm32f4xx_hal_tim.o
    0x080041ae   0x080041ae   0x00000002   PAD
    0x080041b0   0x080041b0   0x00000060   Code   RO         2314    i.TIM_OC1_SetConfig  stm32f4xx_hal_tim.o
    0x08004210   0x08004210   0x0000006c   Code   RO         2315    i.TIM_OC2_SetConfig  stm32f4xx_hal_tim.o
    0x0800427c   0x0800427c   0x00000068   Code   RO         2316    i.TIM_OC3_SetConfig  stm32f4xx_hal_tim.o
    0x080042e4   0x080042e4   0x00000050   Code   RO         2317    i.TIM_OC4_SetConfig  stm32f4xx_hal_tim.o
    0x08004334   0x08004334   0x00000022   Code   RO         2319    i.TIM_TI1_ConfigInputStage  stm32f4xx_hal_tim.o
    0x08004356   0x08004356   0x00000024   Code   RO         2321    i.TIM_TI2_ConfigInputStage  stm32f4xx_hal_tim.o
    0x0800437a   0x0800437a   0x00000002   PAD
    0x0800437c   0x0800437c   0x00000028   Code   RO          344    i.U8_and_VESC_Function  freertos.o
    0x080043a4   0x080043a4   0x0000000c   Code   RO          561    i.UART4_IRQHandler  stm32f4xx_it.o
    0x080043b0   0x080043b0   0x0000000c   Code   RO          562    i.UART5_IRQHandler  stm32f4xx_it.o
    0x080043bc   0x080043bc   0x00000010   Code   RO         3221    i.UART_DMAAbortOnError  stm32f4xx_hal_uart.o
    0x080043cc   0x080043cc   0x0000004e   Code   RO         3231    i.UART_EndRxTransfer  stm32f4xx_hal_uart.o
    0x0800441a   0x0800441a   0x000000c0   Code   RO         3233    i.UART_Receive_IT   stm32f4xx_hal_uart.o
    0x080044da   0x080044da   0x00000002   PAD
    0x080044dc   0x080044dc   0x0000010c   Code   RO         3234    i.UART_SetConfig    stm32f4xx_hal_uart.o
    0x080045e8   0x080045e8   0x0000003a   Code   RO         3236    i.UART_Start_Receive_IT  stm32f4xx_hal_uart.o
    0x08004622   0x08004622   0x00000002   PAD
    0x08004624   0x08004624   0x0000000c   Code   RO          563    i.USART1_IRQHandler  stm32f4xx_it.o
    0x08004630   0x08004630   0x00000028   Code   RO         5403    i.USART_Send_String  communication.o
    0x08004658   0x08004658   0x0000007c   Code   RO         6063    i.Update_Action_gl_position  action.o
    0x080046d4   0x080046d4   0x00000002   Code   RO          564    i.UsageFault_Handler  stm32f4xx_it.o
    0x080046d6   0x080046d6   0x00000002   PAD
    0x080046d8   0x080046d8   0x000000f4   Code   RO         5404    i.Usart_Send_Data   communication.o
    0x080047cc   0x080047cc   0x00000060   Code   RO         5691    i.User_Open_Can1    user_can_init.o
    0x0800482c   0x0800482c   0x00000060   Code   RO         5692    i.User_Open_Can2    user_can_init.o
    0x0800488c   0x0800488c   0x00000048   Code   RO         5509    i.VESC_Control      motor_drive.o
    0x080048d4   0x080048d4   0x00000030   Code   RO         5466    i.VESC_Init         config.o
    0x08004904   0x08004904   0x000001f8   Code   RO         5511    i.Velocity_Planning_MODE  motor_drive.o
    0x08004afc   0x08004afc   0x00000030   Code   RO         6224    i.__ARM_fpclassify  m_wm.l(fpclassify.o)
    0x08004b2c   0x08004b2c   0x00000020   Code   RO         1831    i.__NVIC_SetPriority  stm32f4xx_hal_cortex.o
    0x08004b4c   0x08004b4c   0x00000004   PAD
    0x08004b50   0x08004b50   0x000000c8   Code   RO         6103    i.__hardfp_cos      m_wm.l(cos.o)
    0x08004c18   0x08004c18   0x000000c8   Code   RO         6115    i.__hardfp_sin      m_wm.l(sin.o)
    0x08004ce0   0x08004ce0   0x0000007a   Code   RO         6127    i.__hardfp_sqrt     m_wm.l(sqrt.o)
    0x08004d5a   0x08004d5a   0x00000006   PAD
    0x08004d60   0x08004d60   0x00000438   Code   RO         6173    i.__ieee754_rem_pio2  m_wm.l(rred.o)
    0x08005198   0x08005198   0x00000170   Code   RO         6156    i.__kernel_cos      m_wm.l(cos_i.o)
    0x08005308   0x08005308   0x000000f8   Code   RO         6226    i.__kernel_poly     m_wm.l(poly.o)
    0x08005400   0x08005400   0x00000130   Code   RO         6178    i.__kernel_sin      m_wm.l(sin_i.o)
    0x08005530   0x08005530   0x00000014   Code   RO         6160    i.__mathlib_dbl_infnan  m_wm.l(dunder.o)
    0x08005544   0x08005544   0x00000004   PAD
    0x08005548   0x08005548   0x00000020   Code   RO         6162    i.__mathlib_dbl_invalid  m_wm.l(dunder.o)
    0x08005568   0x08005568   0x00000020   Code   RO         6165    i.__mathlib_dbl_underflow  m_wm.l(dunder.o)
    0x08005588   0x08005588   0x0000000e   Code   RO         6248    i.__scatterload_copy  mc_w.l(handlers.o)
    0x08005596   0x08005596   0x00000002   Code   RO         6249    i.__scatterload_null  mc_w.l(handlers.o)
    0x08005598   0x08005598   0x0000000e   Code   RO         6250    i.__scatterload_zeroinit  mc_w.l(handlers.o)
    0x080055a6   0x080055a6   0x00000002   PAD
    0x080055a8   0x080055a8   0x0000000c   Code   RO         6204    i.__set_errno       mc_w.l(errno.o)
    0x080055b4   0x080055b4   0x0000007c   Code   RO         6064    i.action_data_analyse  action.o
    0x08005630   0x08005630   0x00000090   Code   RO         5995    i.baffle_control    body_controllers.o
    0x080056c0   0x080056c0   0x00000154   Code   RO         5996    i.ball_filter       body_controllers.o
    0x08005814   0x08005814   0x0000002a   Code   RO         5771    i.buffer_append_int32  vesc_can.o
    0x0800583e   0x0800583e   0x00000010   Code   RO         5776    i.buffer_get_int16  vesc_can.o
    0x0800584e   0x0800584e   0x00000018   Code   RO         5777    i.buffer_get_int32  vesc_can.o
    0x08005866   0x08005866   0x00000018   Code   RO         5779    i.buffer_get_uint32  vesc_can.o
    0x0800587e   0x0800587e   0x00000002   PAD
    0x08005880   0x08005880   0x000000e8   Code   RO         5780    i.can_get_data      vesc_can.o
    0x08005968   0x08005968   0x00000034   Code   RO         5783    i.comm_can_set_current  vesc_can.o
    0x0800599c   0x0800599c   0x00000034   Code   RO         5787    i.comm_can_set_duty  vesc_can.o
    0x080059d0   0x080059d0   0x00000034   Code   RO         5790    i.comm_can_set_pos  vesc_can.o
    0x08005a04   0x08005a04   0x00000028   Code   RO         5791    i.comm_can_set_rpm  vesc_can.o
    0x08005a2c   0x08005a2c   0x00000044   Code   RO         5792    i.comm_can_transmit_eid  vesc_can.o
    0x08005a70   0x08005a70   0x0000000c   Code   RO          345    i.debug_safe_printf  freertos.o
    0x08005a7c   0x08005a7c   0x00000018   Code   RO         6220    i.fabs              m_wm.l(fabs.o)
    0x08005a94   0x08005a94   0x00000174   Code   RO         5652    i.get_motor_measure  rm_motor.o
    0x08005c08   0x08005c08   0x00000084   Code   RO           16    i.main              main.o
    0x08005c8c   0x08005c8c   0x0000001a   Code   RO         4714    i.osDelay           cmsis_os2.o
    0x08005ca6   0x08005ca6   0x00000002   PAD
    0x08005ca8   0x08005ca8   0x00000024   Code   RO         4728    i.osKernelInitialize  cmsis_os2.o
    0x08005ccc   0x08005ccc   0x00000038   Code   RO         4731    i.osKernelStart     cmsis_os2.o
    0x08005d04   0x08005d04   0x00000068   Code   RO         4754    i.osMutexNew        cmsis_os2.o
    0x08005d6c   0x08005d6c   0x00000088   Code   RO         4773    i.osThreadNew       cmsis_os2.o
    0x08005df4   0x08005df4   0x0000005c   Code   RO         4173    i.prvAddCurrentTaskToDelayedList  tasks.o
    0x08005e50   0x08005e50   0x000000d0   Code   RO         4174    i.prvAddNewTaskToReadyList  tasks.o
    0x08005f20   0x08005f20   0x00000058   Code   RO         4538    i.prvCheckForValidListAndQueue  timers.o
    0x08005f78   0x08005f78   0x00000026   Code   RO         3770    i.prvCopyDataFromQueue  queue.o
    0x08005f9e   0x08005f9e   0x0000006c   Code   RO         3771    i.prvCopyDataToQueue  queue.o
    0x0800600a   0x0800600a   0x00000034   Code   RO         4175    i.prvDeleteTCB      tasks.o
    0x0800603e   0x0800603e   0x00000002   PAD
    0x08006040   0x08006040   0x0000004c   Code   RO         5229    i.prvHeapInit       heap_4.o
    0x0800608c   0x0800608c   0x0000005c   Code   RO         4176    i.prvIdleTask       tasks.o
    0x080060e8   0x080060e8   0x00000016   Code   RO         3772    i.prvInitialiseMutex  queue.o
    0x080060fe   0x080060fe   0x00000020   Code   RO         3773    i.prvInitialiseNewQueue  queue.o
    0x0800611e   0x0800611e   0x000000aa   Code   RO         4177    i.prvInitialiseNewTask  tasks.o
    0x080061c8   0x080061c8   0x0000004c   Code   RO         5230    i.prvInsertBlockIntoFreeList  heap_4.o
    0x08006214   0x08006214   0x00000038   Code   RO         4540    i.prvInsertTimerInActiveList  timers.o
    0x0800624c   0x0800624c   0x0000001a   Code   RO         3774    i.prvIsQueueEmpty   queue.o
    0x08006266   0x08006266   0x00000002   PAD
    0x08006268   0x08006268   0x000000fc   Code   RO         4541    i.prvProcessReceivedCommands  timers.o
    0x08006364   0x08006364   0x000000c0   Code   RO         4542    i.prvProcessTimerOrBlockTask  timers.o
    0x08006424   0x08006424   0x00000020   Code   RO         4179    i.prvResetNextTaskUnblockTime  tasks.o
    0x08006444   0x08006444   0x00000028   Code   RO         4543    i.prvSampleTimeNow  timers.o
    0x0800646c   0x0800646c   0x0000006c   Code   RO         4544    i.prvSwitchTimerLists  timers.o
    0x080064d8   0x080064d8   0x00000028   Code   RO         5285    i.prvTaskExitError  port.o
    0x08006500   0x08006500   0x00000028   Code   RO         4545    i.prvTimerTask      timers.o
    0x08006528   0x08006528   0x0000006a   Code   RO         3775    i.prvUnlockQueue    queue.o
    0x08006592   0x08006592   0x00000002   PAD
    0x08006594   0x08006594   0x000000dc   Code   RO         5231    i.pvPortMalloc      heap_4.o
    0x08006670   0x08006670   0x0000002c   Code   RO         5286    i.pxPortInitialiseStack  port.o
    0x0800669c   0x0800669c   0x0000002e   Code   RO         5406    i.serial_get_crc8_value  communication.o
    0x080066ca   0x080066ca   0x00000002   PAD
    0x080066cc   0x080066cc   0x0000004c   Code   RO         6031    i.u8_speed_set      haoying_u8.o
    0x08006718   0x08006718   0x00000026   Code   RO         3730    i.uxListRemove      list.o
    0x0800673e   0x0800673e   0x00000002   PAD
    0x08006740   0x08006740   0x00000014   Code   RO         4785    i.vApplicationGetIdleTaskMemory  cmsis_os2.o
    0x08006754   0x08006754   0x00000018   Code   RO         4786    i.vApplicationGetTimerTaskMemory  cmsis_os2.o
    0x0800676c   0x0800676c   0x00000016   Code   RO         3731    i.vListInitialise   list.o
    0x08006782   0x08006782   0x00000006   Code   RO         3732    i.vListInitialiseItem  list.o
    0x08006788   0x08006788   0x00000030   Code   RO         3733    i.vListInsert       list.o
    0x080067b8   0x080067b8   0x00000018   Code   RO         3734    i.vListInsertEnd    list.o
    0x080067d0   0x080067d0   0x00000040   Code   RO         5288    i.vPortEnterCritical  port.o
    0x08006810   0x08006810   0x00000028   Code   RO         5289    i.vPortExitCritical  port.o
    0x08006838   0x08006838   0x00000064   Code   RO         5232    i.vPortFree         heap_4.o
    0x0800689c   0x0800689c   0x00000024   Code   RO         5290    i.vPortSetupTimerInterrupt  port.o
    0x080068c0   0x080068c0   0x00000054   Code   RO         5291    i.vPortValidateInterruptPriority  port.o
    0x08006914   0x08006914   0x00000024   Code   RO         3781    i.vQueueAddToRegistry  queue.o
    0x08006938   0x08006938   0x00000044   Code   RO         3785    i.vQueueWaitForMessageRestricted  queue.o
    0x0800697c   0x0800697c   0x0000004c   Code   RO         4192    i.vTaskDelay        tasks.o
    0x080069c8   0x080069c8   0x00000010   Code   RO         4197    i.vTaskInternalSetTimeOutState  tasks.o
    0x080069d8   0x080069d8   0x0000000c   Code   RO         4198    i.vTaskMissedYield  tasks.o
    0x080069e4   0x080069e4   0x00000030   Code   RO         4200    i.vTaskPlaceOnEventList  tasks.o
    0x08006a14   0x08006a14   0x00000038   Code   RO         4201    i.vTaskPlaceOnEventListRestricted  tasks.o
    0x08006a4c   0x08006a4c   0x00000084   Code   RO         4209    i.vTaskStartScheduler  tasks.o
    0x08006ad0   0x08006ad0   0x00000010   Code   RO         4211    i.vTaskSuspendAll   tasks.o
    0x08006ae0   0x08006ae0   0x00000064   Code   RO         4212    i.vTaskSwitchContext  tasks.o
    0x08006b44   0x08006b44   0x000000f4   Code   RO         5292    i.xPortStartScheduler  port.o
    0x08006c38   0x08006c38   0x0000002c   Code   RO         5293    i.xPortSysTickHandler  port.o
    0x08006c64   0x08006c64   0x00000016   Code   RO         3788    i.xQueueCreateMutex  queue.o
    0x08006c7a   0x08006c7a   0x0000001a   Code   RO         3789    i.xQueueCreateMutexStatic  queue.o
    0x08006c94   0x08006c94   0x00000042   Code   RO         3790    i.xQueueGenericCreate  queue.o
    0x08006cd6   0x08006cd6   0x00000066   Code   RO         3791    i.xQueueGenericCreateStatic  queue.o
    0x08006d3c   0x08006d3c   0x00000088   Code   RO         3792    i.xQueueGenericReset  queue.o
    0x08006dc4   0x08006dc4   0x00000164   Code   RO         3793    i.xQueueGenericSend  queue.o
    0x08006f28   0x08006f28   0x000000be   Code   RO         3794    i.xQueueGenericSendFromISR  queue.o
    0x08006fe6   0x08006fe6   0x00000002   PAD
    0x08006fe8   0x08006fe8   0x00000138   Code   RO         3803    i.xQueueReceive     queue.o
    0x08007120   0x08007120   0x00000074   Code   RO         4214    i.xTaskCheckForTimeOut  tasks.o
    0x08007194   0x08007194   0x0000005a   Code   RO         4215    i.xTaskCreate       tasks.o
    0x080071ee   0x080071ee   0x0000005a   Code   RO         4216    i.xTaskCreateStatic  tasks.o
    0x08007248   0x08007248   0x0000001c   Code   RO         4220    i.xTaskGetSchedulerState  tasks.o
    0x08007264   0x08007264   0x0000000c   Code   RO         4221    i.xTaskGetTickCount  tasks.o
    0x08007270   0x08007270   0x000000c8   Code   RO         4223    i.xTaskIncrementTick  tasks.o
    0x08007338   0x08007338   0x0000007c   Code   RO         4226    i.xTaskPriorityDisinherit  tasks.o
    0x080073b4   0x080073b4   0x00000070   Code   RO         4228    i.xTaskRemoveFromEventList  tasks.o
    0x08007424   0x08007424   0x000000c0   Code   RO         4229    i.xTaskResumeAll    tasks.o
    0x080074e4   0x080074e4   0x00000060   Code   RO         4554    i.xTimerCreateTimerTask  timers.o
    0x08007544   0x08007544   0x00000064   Code   RO         4555    i.xTimerGenericCommand  timers.o
    0x080075a8   0x080075a8   0x000000a0   Data   RO          346    .constdata          freertos.o
    0x08007648   0x08007648   0x00000010   Data   RO         3538    .constdata          system_stm32f4xx.o
    0x08007658   0x08007658   0x00000008   Data   RO         3539    .constdata          system_stm32f4xx.o
    0x08007660   0x08007660   0x00000002   Data   RO         5408    .constdata          communication.o
    0x08007662   0x08007662   0x00000006   PAD
    0x08007668   0x08007668   0x00000030   Data   RO         6157    .constdata          m_wm.l(cos_i.o)
    0x08007698   0x08007698   0x000000c8   Data   RO         6175    .constdata          m_wm.l(rred.o)
    0x08007760   0x08007760   0x00000028   Data   RO         6179    .constdata          m_wm.l(sin_i.o)
    0x08007788   0x08007788   0x00000042   Data   RO          347    .conststring        freertos.o
    0x080077ca   0x080077ca   0x00000002   PAD
    0x080077cc   0x080077cc   0x00000020   Data   RO         6246    Region$$Table       anon$$obj.o


    Execution Region RW_IRAM2 (Exec base: 0x10000000, Load base: 0x08007804, Size: 0x00000000, Max: 0x00010000, ABSOLUTE)

    **** No section assigned to this execution region ****


    Execution Region RW_IRAM1 (Exec base: 0x20000000, Load base: 0x080077ec, Size: 0x00005b10, Max: 0x00020000, ABSOLUTE, COMPRESSED[0x00000018])

    Exec Addr    Load Addr    Size         Type   Attr      Idx    E Section Name        Object

    0x20000000   COMPRESSED   0x00000004   Data   RW          296    .data               can.o
    0x20000004   COMPRESSED   0x00000014   Data   RW          348    .data               freertos.o
    0x20000018   COMPRESSED   0x0000000c   Data   RW         1975    .data               stm32f4xx_hal.o
    0x20000024   COMPRESSED   0x00000004   Data   RW         3540    .data               system_stm32f4xx.o
    0x20000028   COMPRESSED   0x0000003c   Data   RW         4232    .data               tasks.o
    0x20000064   COMPRESSED   0x00000014   Data   RW         4563    .data               timers.o
    0x20000078   COMPRESSED   0x00000004   Data   RW         4788    .data               cmsis_os2.o
    0x2000007c   COMPRESSED   0x00000020   Data   RW         5238    .data               heap_4.o
    0x2000009c   COMPRESSED   0x0000000c   Data   RW         5294    .data               port.o
    0x200000a8   COMPRESSED   0x00000034   Data   RW         5410    .data               communication.o
    0x200000dc   COMPRESSED   0x00000004   Data   RW         5653    .data               rm_motor.o
    0x200000e0   COMPRESSED   0x00000012   Data   RW         5693    .data               user_can_init.o
    0x200000f2   COMPRESSED   0x00000002   Data   RW         5731    .data               fsm.o
    0x200000f4   COMPRESSED   0x00000008   Data   RW         5955    .data               air_joy.o
    0x200000fc   COMPRESSED   0x00000002   Data   RW         5956    .data               air_joy.o
    0x200000fe   COMPRESSED   0x00000002   PAD
    0x20000100   COMPRESSED   0x00000018   Data   RW         5957    .data               air_joy.o
    0x20000118   COMPRESSED   0x00000004   Data   RW         5958    .data               air_joy.o
    0x2000011c   COMPRESSED   0x0000000c   Data   RW         5997    .data               body_controllers.o
    0x20000128   COMPRESSED   0x00000003   Data   RW         6072    .data               action.o
    0x2000012b   COMPRESSED   0x00000001   PAD
    0x2000012c   COMPRESSED   0x00000004   Data   RW         6205    .data               mc_w.l(errno.o)
    0x20000130        -       0x00000050   Zero   RW          295    .bss                can.o
    0x20000180        -       0x00000168   Zero   RW          415    .bss                tim.o
    0x200002e8        -       0x000000cc   Zero   RW          486    .bss                usart.o
    0x200003b4        -       0x00000048   Zero   RW          714    .bss                stm32f4xx_hal_timebase_tim.o
    0x200003fc        -       0x00000040   Zero   RW         3807    .bss                queue.o
    0x2000043c        -       0x000004c4   Zero   RW         4231    .bss                tasks.o
    0x20000900        -       0x00000118   Zero   RW         4562    .bss                timers.o
    0x20000a18        -       0x000006b8   Zero   RW         4787    .bss                cmsis_os2.o
    0x200010d0        -       0x00003c00   Zero   RW         5237    .bss                heap_4.o
    0x20004cd0        -       0x00000048   Zero   RW         5366    .bss                chassis.o
    0x20004d18        -       0x00000013   Zero   RW         5407    .bss                communication.o
    0x20004d2b   COMPRESSED   0x00000001   PAD
    0x20004d2c        -       0x000008e0   Zero   RW         5513    .bss                motor_drive.o
    0x2000560c        -       0x00000090   Zero   RW         5514    .bss                motor_drive.o
    0x2000569c        -       0x00000028   Zero   RW         5954    .bss                air_joy.o
    0x200056c4        -       0x00000048   Zero   RW         6065    .bss                action.o
    0x2000570c   COMPRESSED   0x00000004   PAD
    0x20005710        -       0x00000400   Zero   RW            1    STACK               startup_stm32f407xx.o


==============================================================================

Image component sizes


      Code (inc. data)   RO Data    RW Data    ZI Data      Debug   Object Name

       248         28          0          3         72       2168   action.o
       428         30          0         38         40       2232   air_joy.o
       484         56          0         12          0       2247   body_controllers.o
       492         44          0          4         80       2522   can.o
       366         38          0          0         72       2523   chassis.o
       428         22          0          4       1720      65868   cmsis_os2.o
       790         96          2         52         19       6480   communication.o
       564         86          0          0          0       1525   config.o
         0          0          0          0          0       7020   croutine.o
         0          0          0          0          0      19400   event_groups.o
       332        110        226         20          0       4411   freertos.o
       472        114          0          2          0       1750   fsm.o
       180          8          0          0          0       1031   gpio.o
       148         26          0          0          0       1481   haoying_u8.o
       472         24          0         32      15360       4883   heap_4.o
       138          0          0          0          0       3486   list.o
       404         48          0          0          0     711875   main.o
      1424         58          0          0       2416       6440   motor_drive.o
       462         14          0          0          0       3020   pid.o
       786         80          0         12          0      11381   port.o
      1646         18          0          0         64      20212   queue.o
       868         44          0          4          0       3008   rm_motor.o
        36          8        392          0       1024        832   startup_stm32f407xx.o
       116         18          0         12          0       8646   stm32f4xx_hal.o
      1680          6          0          0          0      15117   stm32f4xx_hal_can.o
       192         14          0          0          0      33760   stm32f4xx_hal_cortex.o
       186          0          0          0          0       2642   stm32f4xx_hal_dma.o
       786         94          0          0          0       3873   stm32f4xx_hal_gpio.o
        56          4          0          0          0        858   stm32f4xx_hal_msp.o
      1388         82          0          0          0       5969   stm32f4xx_hal_rcc.o
      2028        138          0          0          0      17330   stm32f4xx_hal_tim.o
       148         28          0          0          0       2501   stm32f4xx_hal_tim_ex.o
       152         20          0          0         72     697427   stm32f4xx_hal_timebase_tim.o
      1522         16          0          0          0      10016   stm32f4xx_hal_uart.o
       174         78          0          0          0       9242   stm32f4xx_it.o
         0          0          0          0          0        392   stream_buffer.o
        16          4         24          4          0       1099   system_stm32f4xx.o
      2066        160          0         60       1220      26700   tasks.o
       896         88          0          0        360       5258   tim.o
       972         82          0         20        280      31987   timers.o
       636         82          0          0        204       3777   usart.o
       316         26          0         18          0       2519   user_can_init.o
       602         34          0          0          0       7206   vesc_can.o

    ----------------------------------------------------------------------
     25154       1926        684        300      23008    1772114   Object Totals
         0          0         32          0          0          0   (incl. Generated)
        54          0          8          3          5          0   (incl. Padding)

    ----------------------------------------------------------------------

      Code (inc. data)   RO Data    RW Data    ZI Data      Debug   Library Member Name

       200         20          0          0          0        164   cos.o
       368         46         48          0          0        200   cos_i.o
        84         16          0          0          0        372   dunder.o
        24          0          0          0          0        124   fabs.o
        48          0          0          0          0        124   fpclassify.o
       248          0          0          0          0        152   poly.o
      1080        142        200          0          0        188   rred.o
       200         20          0          0          0        164   sin.o
       304         24         40          0          0        208   sin_i.o
       122          0          0          0          0        148   sqrt.o
        58          0          0          0          0          0   __dczerorl.o
         0          0          0          0          0          0   entry.o
         0          0          0          0          0          0   entry10a.o
         0          0          0          0          0          0   entry11a.o
         8          4          0          0          0          0   entry2.o
         4          0          0          0          0          0   entry5.o
         0          0          0          0          0          0   entry7b.o
         0          0          0          0          0          0   entry8b.o
         8          4          0          0          0          0   entry9a.o
        12          6          0          4          0         68   errno.o
        30          0          0          0          0          0   handlers.o
        36          8          0          0          0         68   init.o
         0          0          0          0          0          0   iusefp.o
        30          0          0          0          0         68   llshl.o
        36          0          0          0          0         68   llsshr.o
        32          0          0          0          0         68   llushr.o
        36          0          0          0          0         68   memcpya.o
        36          0          0          0          0        108   memseta.o
        98          0          0          0          0         92   uldiv.o
        56          0          0          0          0         88   d2f.o
       334          0          0          0          0        148   dadd.o
       222          0          0          0          0        100   ddiv.o
       186          0          0          0          0        176   depilogue.o
        62          0          0          0          0         80   dfixi.o
        34          0          0          0          0         76   dflti.o
        26          0          0          0          0         76   dfltui.o
       228          0          0          0          0         96   dmul.o
       162          0          0          0          0        100   dsqrt.o
        38          0          0          0          0         68   f2d.o
       110          0          0          0          0        168   fepilogue.o

    ----------------------------------------------------------------------
      4574        290        288          4          0       3628   Library Totals
        14          0          0          0          0          0   (incl. Padding)

    ----------------------------------------------------------------------

      Code (inc. data)   RO Data    RW Data    ZI Data      Debug   Library Name

      2678        268        288          0          0       1844   m_wm.l
       424         22          0          4          0        608   mc_w.l
      1458          0          0          0          0       1176   mf_w.l

    ----------------------------------------------------------------------
      4574        290        288          4          0       3628   Library Totals

    ----------------------------------------------------------------------

==============================================================================


      Code (inc. data)   RO Data    RW Data    ZI Data      Debug   

     29728       2216        972        304      23008    1750894   Grand Totals
     29728       2216        972         24      23008    1750894   ELF Image Totals (compressed)
     29728       2216        972         24          0          0   ROM Totals

==============================================================================

    Total RO  Size (Code + RO Data)                30700 (  29.98kB)
    Total RW  Size (RW Data + ZI Data)             23312 (  22.77kB)
    Total ROM Size (Code + RO Data + RW Data)      30724 (  30.00kB)

==============================================================================

